Redirected stderr
2026-05-23 05:30:00.265821(-0700)[12192:11252] INF Timezone: Pacific Daylight Time, Offset: -25200, Standard Name: Pacific Standard Time, UTC Offset: -28800
2026-05-23 05:30:00.265821(-0700)[12192:11252] INF ZSAHelper App Version: 4.7.0.141
2026-05-23 05:30:00.265821(-0700)[12192:11252] INF ZSAHelper Architecture: x64
2026-05-23 05:30:00.265821(-0700)[12192:11252] INF ZSAHelper GIT Hash: 4ee4b7d7870f443d29c6d1bda9662f24ede0696c
2026-05-23 05:30:00.265821(-0700)[12192:11252] INF x64 BINARY (Supports both gov and commercial clouds)
2026-05-23 05:30:00.265821(-0700)[12192:11252] ERR ZSARegistryHelper::isExist: Failed to open Registry key: SOFTWARE\Zscaler Inc.\Zscaler\EXTRA , Error: 2
2026-05-23 05:30:00.265821(-0700)[12192:11252] DBG Config Dir: C:\ProgramData\Zscaler
2026-05-23 05:30:00.265821(-0700)[12192:11252] DBG App options initialized successfully
2026-05-23 05:30:00.265821(-0700)[12192:11252] INF Performing op: --setRecoveryMode
2026-05-23 05:30:00.268824(-0700)[12192:11252] DBG ZEPSdk: ZSetPermissions not initialized
2026-05-23 05:30:00.268824(-0700)[12192:11252] ERR toggleRecoveryMode: ZEP: Failed to set permissions
2026-05-23 05:30:00.269831(-0700)[12192:11252] DBG toggleRecoveryMode: Service configuration updated. ServiceName: ZSAUpdater
2026-05-23 05:30:00.269831(-0700)[12192:11252] DBG ZEPSdk: ZSetPermissions not initialized
2026-05-23 05:30:00.269831(-0700)[12192:11252] ERR toggleRecoveryMode: ZEP: Failed to set permissions
2026-05-23 05:30:00.269831(-0700)[12192:11252] DBG toggleRecoveryMode: Service configuration updated. ServiceName: ZSAService
2026-05-23 05:30:00.269831(-0700)[12192:11252] DBG ZEPSdk: ZSetPermissions not initialized
2026-05-23 05:30:00.269831(-0700)[12192:11252] ERR toggleRecoveryMode: ZEP: Failed to set permissions
2026-05-23 05:30:00.269831(-0700)[12192:11252] DBG toggleRecoveryMode: Service configuration updated. ServiceName: ZSATrayManager
2026-05-23 05:30:00.269831(-0700)[12192:11252] DBG ZEPSdk: ZSetPermissions not initialized
2026-05-23 05:30:00.269831(-0700)[12192:11252] ERR toggleRecoveryMode: ZEP: Failed to set permissions
2026-05-23 05:30:00.269831(-0700)[12192:11252] DBG toggleRecoveryMode: Service configuration updated. ServiceName: ZSATunnel
2026-05-23 05:30:00.269831(-0700)[12192:11252] INF ZSAHelper return code: 0
Redirected stdout
