2026-07-01 04:38:18.497226(+0530)[7128:7132] INF Timezone: India Standard Time, Offset: 19800, Standard Name: India Standard Time, UTC Offset: 19800
2026-07-01 04:38:18.497226(+0530)[7128:7132] INF ZSATrayManager Version: 4.7.0.141
2026-07-01 04:38:18.497226(+0530)[7128:7132] INF ZSATrayManager Architecture: x64
2026-07-01 04:38:18.497226(+0530)[7128:7132] INF UPM Hard Protocol Version: 28
2026-07-01 04:38:18.497226(+0530)[7128:7132] INF UPM Soft Protocol Version: 903
2026-07-01 04:38:18.497226(+0530)[7128:7132] INF GIT Hash: 4ee4b7d7870f443d29c6d1bda9662f24ede0696c
2026-07-01 04:38:18.497226(+0530)[7128:7132] INF x64 BINARY (Supports both gov and commercial clouds)
2026-07-01 04:38:18.500492(+0530)[7128:7132] DBG Config Dir: C:\ProgramData\Zscaler
2026-07-01 04:38:18.500492(+0530)[7128:7132] DBG App options initialized successfully
2026-07-01 04:38:18.500492(+0530)[7128:7132] INF ZCCProfile: Init callback function.
2026-07-01 04:38:18.547351(+0530)[7128:7788] INF ZSAServiceBase::serviceMain: registering for power events
2026-07-01 04:38:18.547351(+0530)[7128:7788] INF ZSAServiceBase::serviceMain: registered for suspend-resume, power & battery notifications
2026-07-01 04:38:18.547351(+0530)[7128:7788] INF ZSAServiceBase::registerPowerNotification: registered for 'GUID_TYPICAL_POWER_SAVINGS' power setting notification
2026-07-01 04:38:18.547351(+0530)[7128:7788] INF ZSAServiceBase::registerPowerNotification: registered for 'GUID_POWERSCHEME_PERSONALITY' power setting notification
2026-07-01 04:38:18.547351(+0530)[7128:7788] INF ZSAServiceBase::registerPowerNotification: registered for 'GUID_POWER_SAVING_STATUS' power setting notification
2026-07-01 04:38:18.553296(+0530)[7128:7132] DBG ZSAServiceBase::serviceControllerHandler: service status: 13
2026-07-01 04:38:18.553296(+0530)[7128:7788] INF ZSAServiceBase::registerPowerNotification: registered for 'GUID_MIN_POWER_SAVINGS' power setting notification
2026-07-01 04:38:18.555363(+0530)[7128:7788] INF ZSAServiceBase::registerPowerNotification: registered for 'GUID_MAX_POWER_SAVINGS' power setting notification
2026-07-01 04:38:18.555363(+0530)[7128:7132] DBG ZSAServiceBase::serviceControllerHandler: service status: 13
2026-07-01 04:38:18.555363(+0530)[7128:7788] INF ZSAServiceBase::registerPowerNotification: registered for 'GUID_ACDC_POWER_SOURCE' power setting notification
2026-07-01 04:38:18.556876(+0530)[7128:7788] INF ZSAServiceBase::registerPowerNotification: registered for 'GUID_BATTERY_PERCENTAGE_REMAINING' power setting notification
2026-07-01 04:38:18.556876(+0530)[7128:7132] DBG ZSAServiceBase::serviceControllerHandler: service status: 13
2026-07-01 04:38:18.556876(+0530)[7128:7788] INF ZSAServiceBase::registerPowerNotification: registered for 'GUID_CONSOLE_DISPLAY_STATE' power setting notification
2026-07-01 04:38:18.558893(+0530)[7128:7132] DBG ZSAServiceBase::serviceControllerHandler: service status: 13
2026-07-01 04:38:18.558893(+0530)[7128:7132] DBG ZSAServiceBase::serviceControllerHandler: service status: 13
2026-07-01 04:38:18.558893(+0530)[7128:7788] INF Failure actions is already configured.
2026-07-01 04:38:18.558893(+0530)[7128:7900] DBG Checking security permission for C:\ProgramData\Zscaler and updating if required
2026-07-01 04:38:18.558893(+0530)[7128:7900] DBG ZSAFileUtils::checkAndSetFileSecurityAttributes called with secType: 0
2026-07-01 04:38:18.558893(+0530)[7128:7900] DBG ZSAFileUtils::checkFileSecurityAttributes called with secType: 0
2026-07-01 04:38:18.558893(+0530)[7128:7900] DBG ZSAFileUtils::checkFileSecurityAttributes Received SecurityDescriptor: D:(A;OICI;0x1200a9;;;BU)(A;OICI;FA;;;SY)(A;OICI;FA;;;BA), Expected SecurityDescriptor: D:(A;OICI;FA;;;SY)(A;OICI;FA;;;BA)
2026-07-01 04:38:18.558893(+0530)[7128:7900] DBG ZSAFileUtils::checkAndSetFileSecurityAttributes: reseting file SecurityAttributes
2026-07-01 04:38:18.558893(+0530)[7128:7900] DBG ZSAFileUtils::setFileSecurityAttributes called with secType 0
2026-07-01 04:38:18.558893(+0530)[7128:7900] DBG ZSAFileUtils::setFileSecurityAttributes set ACL succeed.
2026-07-01 04:38:18.558893(+0530)[7128:7900] DBG ZSAFileUtils::setFileSecurityAttributes: calling SetSecurityInfo DaclPresent:1
2026-07-01 04:38:18.558893(+0530)[7128:7900] INF ZSAFileUtils::setFileSecurityAttributes: SetSecurityInfo success
2026-07-01 04:38:18.558893(+0530)[7128:7900] DBG Checking security permission for C:\ProgramData\Zscaler and updating if required
2026-07-01 04:38:18.562902(+0530)[7128:7900] DBG ZSAFileUtils::checkAndSetFileSecurityAttributes called with secType: 0
2026-07-01 04:38:18.562902(+0530)[7128:7900] DBG ZSAFileUtils::checkFileSecurityAttributes called with secType: 0
2026-07-01 04:38:18.562902(+0530)[7128:7900] DBG ZSAFileUtils::checkFileSecurityAttributes Received SecurityDescriptor: D:(A;OICI;FA;;;SY)(A;OICI;FA;;;BA), Expected SecurityDescriptor: D:(A;OICI;FA;;;SY)(A;OICI;FA;;;BA)
2026-07-01 04:38:18.562902(+0530)[7128:7900] DBG ZSARegistryHelper::setRegistryKeyPermission: Successfully set ACL: 0 for Registry:SOFTWARE\Zscaler Inc.\Zscaler\EXTRA 
2026-07-01 04:38:19.048721(+0530)[7128:7132] DBG ZSAServiceBase::serviceControllerHandler: service status: 130
2026-07-01 04:38:19.780658(+0530)[7128:7900] DBG OpenProcessToken succeeded, enable process token privileges
2026-07-01 04:38:19.780658(+0530)[7128:7900] DBG ZSAServiceRpcClient::getTMStartUpData called.
2026-07-01 04:38:19.859101(+0530)[7128:7900] INF getTMStartUpData result, isSuccess: 1, startUpDataJsonStr: {"sessionInfoEx":{"sessionId":0,"userInfo":{"sessionUserType":1,"wstrDomain":"","wstrUserSid":"S-1-5-18","wstrUsername":"SYSTEM"},"userSessionState":0},"zccLoggedInUserType":1}
2026-07-01 04:38:19.859101(+0530)[7128:7900] DBG ZSATrayManagerService::run startUpDataParseRes : 1 (Error Code: 0)
2026-07-01 04:38:19.859101(+0530)[7128:7900] INF Processing inital user session state. Initial State 0
2026-07-01 04:38:19.859101(+0530)[7128:7900] INF ZEventsTransmitter: Resetting quit event.
2026-07-01 04:38:19.859101(+0530)[7128:7900] INF ZEventsTransmitter: Resetting idle event.
2026-07-01 04:38:19.859101(+0530)[7128:7900] INF ZEvents set source: 2
2026-07-01 04:38:19.859101(+0530)[7128:7900] DBG UserSid: S-1-5-18, sessionId: 0 sha1: 52481749C0CDECD679AC12211A6ACD324226B043
2026-07-01 04:38:19.859101(+0530)[7128:7900] ERR RegGetValue Failed. [lRes:2, LastErrorCode:0x00000000]
2026-07-01 04:38:19.861115(+0530)[7128:7900] INF ZSALocalization::GetUserDefaultLocaleName succeeded. [localeName:en-IN]
2026-07-01 04:38:19.861115(+0530)[7128:7900] INF ZSALocalization: got lang value 'en' from system current locale
2026-07-01 04:38:19.861115(+0530)[7128:7900] INF ZSALocalization: returning language: 9
2026-07-01 04:38:19.861115(+0530)[7128:7900] DBG ZCCProfile:readAndStoreInstallParams: Keys Added: 7
2026-07-01 04:38:19.861115(+0530)[7128:7900] ERR Either pSmBiosTable is null or invalid stringIndex. [stringIndex:0]
2026-07-01 04:38:19.865181(+0530)[7128:7900] INF OS Branding: Microsoft Windows 11 Enterprise
2026-07-01 04:38:19.865181(+0530)[7128:7900] INF OS: Microsoft Windows 11 Enterprise
2026-07-01 04:38:19.865181(+0530)[7128:7900] DBG ZSAOSUtil::readStringFromReg. Reg key: SOFTWARE\Zscaler Inc.\Zscaler\UserName, value: 
2026-07-01 04:38:19.865181(+0530)[7128:7900] INF User Name retrieved from Reg: 
2026-07-01 04:38:19.865181(+0530)[7128:7900] INF ImpersonateLoggedOnUser() for sessionID: 0
2026-07-01 04:38:19.869215(+0530)[7128:7900] ERR WTSQueryUserToken failed; error: 0x000003F0
2026-07-01 04:38:19.869215(+0530)[7128:7900] ERR impersonateLoggedOnUser() failed, unable to read owner information
2026-07-01 04:38:19.869215(+0530)[7128:7900] INF Owner: 
2026-07-01 04:38:19.869215(+0530)[7128:7900] DBG getCloudNamefromMAHostName: Searching maAltenamePrefix=mobile6. (maHostname=, maHonamePrefix=mobile.)
2026-07-01 04:38:19.869215(+0530)[7128:7900] DBG ZSAOSUtil::readStringFromReg. Reg key: SOFTWARE\Zscaler Inc.\Zscaler\CloudName, value: zscalertwo
2026-07-01 04:38:19.869215(+0530)[7128:7900] INF EnableFips: 0
2026-07-01 04:38:19.869215(+0530)[7128:7900] INF LWF Config Override: [0], Registry: [0], Architecture: [0]
2026-07-01 04:38:19.869215(+0530)[7128:7900] INF Hardware ID: 
2026-07-01 04:38:19.869215(+0530)[7128:7900] ERR ZSARegistryInterfaceImpl::getValue: failed for Registry: SOFTWARE\Zscaler Inc.\Zscaler\EXTRA\ VHSignature, Error: 0x00000002
2026-07-01 04:38:19.870973(+0530)[7128:7900] ERR Either pSmBiosTable is null or invalid stringIndex. [stringIndex:0]
2026-07-01 04:38:19.892953(+0530)[7128:7804] DBG [findFilesAndOperateV2] Operating on C:\ProgramData\Zscaler
2026-07-01 04:38:19.899045(+0530)[7128:7804] DBG [findFilesAndOperateV2] Operating on C:\ProgramData\Zscaler\log-5BFF858269CC2D4D1FCC83EABC65FEA94E87F2AF
2026-07-01 04:38:19.905161(+0530)[7128:7804] DBG [findFilesAndOperateV2] Operation done on C:\ProgramData\Zscaler\log-5BFF858269CC2D4D1FCC83EABC65FEA94E87F2AF
2026-07-01 04:38:19.905161(+0530)[7128:7804] DBG [findFilesAndOperateV2] Operating on C:\ProgramData\Zscaler\log-B928EDBDA06DD54B0F106FA76580575900E69497
2026-07-01 04:38:19.905161(+0530)[7128:7804] DBG [findFilesAndOperateV2] Operation done on C:\ProgramData\Zscaler\log-B928EDBDA06DD54B0F106FA76580575900E69497
2026-07-01 04:38:19.905161(+0530)[7128:7804] DBG [findFilesAndOperateV2] Operating on C:\ProgramData\Zscaler\ZEP
2026-07-01 04:38:19.907177(+0530)[7128:7804] DBG [findFilesAndOperateV2] Operating on C:\ProgramData\Zscaler\ZEP\Logs
2026-07-01 04:38:19.907177(+0530)[7128:7804] DBG [findFilesAndOperateV2] Operation done on C:\ProgramData\Zscaler\ZEP\Logs
2026-07-01 04:38:19.907177(+0530)[7128:7804] DBG [findFilesAndOperateV2] Operation done on C:\ProgramData\Zscaler\ZEP
2026-07-01 04:38:19.907177(+0530)[7128:7804] DBG [findFilesAndOperateV2] Operation done on C:\ProgramData\Zscaler
2026-07-01 04:38:19.953153(+0530)[7128:7900] DBG machineUID is 55MBVC4
2026-07-01 04:38:19.953153(+0530)[7128:7900] DBG serialNumber is 55MBVC4
2026-07-01 04:38:19.953153(+0530)[7128:7900] DBG udid is 55MBVC4:52481749C0CDECD679AC12211A6ACD324226B043
2026-07-01 04:38:19.955198(+0530)[7128:7900] INF HideUIOnLaunch: 0
2026-07-01 04:38:19.955198(+0530)[7128:7900] INF StrictEnforcement: 0
2026-07-01 04:38:19.955198(+0530)[7128:7900] INF Log level init.
2026-07-01 04:38:19.955198(+0530)[7128:7900] ERR Either pSmBiosTable is null or invalid stringIndex. [stringIndex:0]
2026-07-01 04:38:19.955198(+0530)[7128:7900] DBG ZSAOSUtil::readStringFromReg. Reg key: HARDWARE\DESCRIPTION\System\BIOS\SystemManufacturer, value: Dell Inc.
2026-07-01 04:38:19.955198(+0530)[7128:7900] INF Manufacturer retrieved from Reg: Dell Inc.
2026-07-01 04:38:19.955198(+0530)[7128:7900] INF Manufacturer: [Dell Inc.]
2026-07-01 04:38:19.955198(+0530)[7128:7900] DBG ZSAOSUtil::readStringFromReg. Reg key: HARDWARE\DESCRIPTION\System\BIOS\SystemProductName, value: Dell Pro 14 Plus PB14250
2026-07-01 04:38:19.955198(+0530)[7128:7900] INF Model retrieved from Reg: Dell Pro 14 Plus PB14250
2026-07-01 04:38:19.955198(+0530)[7128:7900] INF model: [Dell Pro 14 Plus PB14250]
2026-07-01 04:38:19.955198(+0530)[7128:7900] INF Resetting domain and loginName as user isn't enrolled
2026-07-01 04:38:19.955198(+0530)[7128:7900] DBG ZSAOSUtil::readStringFromReg. Reg key: SOFTWARE\Zscaler Inc.\Zscaler\Domain, value: nielseniq.com
2026-07-01 04:38:19.955198(+0530)[7128:7900] INF User Domain retrieved from Reg: nielseniq.com
2026-07-01 04:38:19.955198(+0530)[7128:7900] INF Domain: [nielseniq.com]
2026-07-01 04:38:19.955198(+0530)[7128:7900] INF isSeedDomainConfigured: [true]
2026-07-01 04:38:19.955198(+0530)[7128:7900] DBG ZSAOSUtil::readStringFromReg. Reg key: SOFTWARE\Zscaler Inc.\Zscaler\UserName, value: 
2026-07-01 04:38:19.955198(+0530)[7128:7900] INF User Name retrieved from Reg: 
2026-07-01 04:38:19.955198(+0530)[7128:7900] INF isSeedUsernameConfigured: [false]
2026-07-01 04:38:19.955198(+0530)[7128:7900] INF User enrolled: [0]
2026-07-01 04:38:19.955198(+0530)[7128:7900] DBG ZSAOSUtil::readStringFromReg. Reg key: SOFTWARE\Zscaler Inc.\Zscaler\ExternalDeviceId, value: 
2026-07-01 04:38:19.955198(+0530)[7128:7900] INF ExternalDeviceID retrieved from Registry.
2026-07-01 04:38:19.955198(+0530)[7128:7900] INF ExternalDeviceID is Empty
2026-07-01 04:38:19.955198(+0530)[7128:7900] INF ExternalDeviceId: []
2026-07-01 04:38:19.955198(+0530)[7128:7900] INF manufacturer: [Dell Inc.], os_version: [10.0.26100], device_model: [Dell Pro 14 Plus PB14250]
2026-07-01 04:38:19.955198(+0530)[7128:7900] DBG Config Dir: C:\ProgramData\Zscaler
2026-07-01 04:38:19.955198(+0530)[7128:7900] INF ZSAConfiguration constructor
2026-07-01 04:38:19.955198(+0530)[7128:7900] ERR No DDILConfigFilePath retrieved from registry
2026-07-01 04:38:19.955198(+0530)[7128:7900] ERR No DDILMAPublicKeyHash retrieved from registry
2026-07-01 04:38:19.955198(+0530)[7128:7900] DBG Config Dir: C:\ProgramData\Zscaler
2026-07-01 04:38:19.955198(+0530)[7128:7900] INF getDDILConfig: configfile: []
2026-07-01 04:38:19.955198(+0530)[7128:7900] INF DDILConfig: DDIL Config JSON is empty
2026-07-01 04:38:19.955198(+0530)[7128:7900] ERR processDDILConfiguration: DDIL configuration not processed
2026-07-01 04:38:19.955198(+0530)[7128:7900] DBG getCloudNamefromMAHostName: Searching maAltenamePrefix=mobile6. (maHostname=, maHonamePrefix=mobile.)
2026-07-01 04:38:19.955198(+0530)[7128:7900] DBG ZSAOSUtil::readStringFromReg. Reg key: SOFTWARE\Zscaler Inc.\Zscaler\CloudName, value: zscalertwo
2026-07-01 04:38:19.955198(+0530)[7128:7900] INF Getting local machine ROOT certificates.
2026-07-01 04:38:19.966314(+0530)[7128:7900] INF Getting local machine CA certificates.
2026-07-01 04:38:19.970352(+0530)[7128:7900] INF Auth::Lib::initializeAuthenticationLibrary: Called: 53
2026-07-01 04:38:19.970352(+0530)[7128:7900] INF Auth::Crypto::getCertExpiryDaySec: Certificate is not valid after: Oct 25 08:30:35 2036 GMT
2026-07-01 04:38:19.970352(+0530)[7128:7900] INF Auth::Crypto::getCertExpiryDaySec: Certificate is not valid after: May  9 23:28:13 2021 GMT
2026-07-01 04:38:19.970352(+0530)[7128:7900] INF Skip expired certificate
2026-07-01 04:38:19.970352(+0530)[7128:7900] INF Auth::Crypto::getCertExpiryDaySec: Certificate is not valid after: Dec 31 23:59:59 2020 GMT
2026-07-01 04:38:19.970352(+0530)[7128:7900] INF Skip expired certificate
2026-07-01 04:38:19.970352(+0530)[7128:7900] INF Auth::Crypto::getCertExpiryDaySec: Certificate is not valid after: Dec 31 07:00:00 2020 GMT
2026-07-01 04:38:19.970352(+0530)[7128:7900] INF Skip expired certificate
2026-07-01 04:38:19.970352(+0530)[7128:7900] INF Auth::Crypto::getCertExpiryDaySec: Certificate is not valid after: Sep 15 00:00:00 2030 GMT
2026-07-01 04:38:19.970352(+0530)[7128:7900] INF Auth::Crypto::getCertExpiryDaySec: Certificate is not valid after: Mar 14 23:59:59 2032 GMT
2026-07-01 04:38:19.970352(+0530)[7128:7900] INF Auth::Crypto::getCertExpiryDaySec: Certificate is not valid after: Dec 31 23:59:59 2037 GMT
2026-07-01 04:38:19.970352(+0530)[7128:7900] INF Auth::Crypto::getCertExpiryDaySec: Certificate is not valid after: Mar 22 22:13:04 2036 GMT
2026-07-01 04:38:19.970352(+0530)[7128:7900] INF Auth::Crypto::getCertExpiryDaySec: Certificate is not valid after: Dec 31 23:59:59 1999 GMT
2026-07-01 04:38:19.970352(+0530)[7128:7900] INF Skip expired certificate
2026-07-01 04:38:19.970352(+0530)[7128:7900] INF Auth::Crypto::getCertExpiryDaySec: Certificate is not valid after: Jul 12 10:20:03 2038 GMT
2026-07-01 04:38:19.970352(+0530)[7128:7900] INF Auth::Crypto::getCertExpiryDaySec: Certificate is not valid after: Feb 19 00:02:41 2031 GMT
2026-07-01 04:38:19.970352(+0530)[7128:7900] INF Auth::Crypto::getCertExpiryDaySec: Certificate is not valid after: Nov 10 00:00:00 2031 GMT
2026-07-01 04:38:19.970352(+0530)[7128:7900] INF Auth::Crypto::getCertExpiryDaySec: Certificate is not valid after: Jun 23 22:04:01 2035 GMT
2026-07-01 04:38:19.970352(+0530)[7128:7900] INF Auth::Crypto::getCertExpiryDaySec: Certificate is not valid after: Feb 27 21:00:12 2043 GMT
2026-07-01 04:38:19.970352(+0530)[7128:7900] INF Auth::Crypto::getCertExpiryDaySec: Certificate is not valid after: Dec 30 23:59:59 1999 GMT
2026-07-01 04:38:19.970352(+0530)[7128:7900] INF Skip expired certificate
2026-07-01 04:38:19.970352(+0530)[7128:7900] INF Auth::Crypto::getCertExpiryDaySec: Certificate is not valid after: Jan  7 23:59:59 2004 GMT
2026-07-01 04:38:19.972368(+0530)[7128:7900] INF Skip expired certificate
2026-07-01 04:38:19.972368(+0530)[7128:7900] INF Auth::Crypto::getCertExpiryDaySec: Certificate is not valid after: Jun 20 16:38:20 2052 GMT
2026-07-01 04:38:19.972368(+0530)[7128:7900] INF Auth::Crypto::getCertExpiryDaySec: Certificate is not valid after: Feb 27 20:50:46 2043 GMT
2026-07-01 04:38:19.972368(+0530)[7128:7900] INF Auth::Crypto::getCertExpiryDaySec: Certificate is not valid after: Nov 10 00:00:00 2031 GMT
2026-07-01 04:38:19.972368(+0530)[7128:7900] INF Auth::Crypto::getCertExpiryDaySec: Certificate is not valid after: Oct 22 22:15:19 2039 GMT
2026-07-01 04:38:19.972879(+0530)[7128:7900] INF Auth::Crypto::getCertExpiryDaySec: Certificate is not valid after: Apr 16 18:44:40 2045 GMT
2026-07-01 04:38:19.972879(+0530)[7128:7900] INF Auth::Crypto::getCertExpiryDaySec: Certificate is not valid after: Jan 15 12:00:00 2038 GMT
2026-07-01 04:38:19.972879(+0530)[7128:7900] INF Auth::Crypto::getCertExpiryDaySec: Certificate is not valid after: Jan 15 12:00:00 2038 GMT
2026-07-01 04:38:19.972879(+0530)[7128:7900] INF Auth::Crypto::getCertExpiryDaySec: Certificate is not valid after: Mar 18 10:00:00 2029 GMT
2026-07-01 04:38:19.972879(+0530)[7128:7900] INF Auth::Crypto::getCertExpiryDaySec: Certificate is not valid after: Dec 31 23:59:59 2028 GMT
2026-07-01 04:38:19.972879(+0530)[7128:7900] INF Auth::Crypto::getCertExpiryDaySec: Certificate is not valid after: Jan 18 23:59:59 2038 GMT
2026-07-01 04:38:19.972879(+0530)[7128:7900] INF Auth::Crypto::getCertExpiryDaySec: Certificate is not valid after: Mar 21 23:59:59 2046 GMT
2026-07-01 04:38:19.972879(+0530)[7128:7900] INF Auth::Crypto::getCertExpiryDaySec: Certificate is not valid after: Jun  4 11:04:38 2035 GMT
2026-07-01 04:38:19.972879(+0530)[7128:7900] INF Auth::Crypto::getCertExpiryDaySec: Certificate is not valid after: Feb 12 17:39:39 2041 GMT
2026-07-01 04:38:19.972879(+0530)[7128:7900] INF Auth::Crypto::getCertExpiryDaySec: Certificate is not valid after: Jan 28 12:00:00 2028 GMT
2026-07-01 04:38:19.972879(+0530)[7128:7900] INF Auth::Crypto::getCertExpiryDaySec: Certificate is not valid after: Nov 10 00:00:00 2031 GMT
2026-07-01 04:38:19.972879(+0530)[7128:7900] INF Auth::Crypto::getCertExpiryDaySec: Certificate is not valid after: Jul 16 23:59:59 2036 GMT
2026-07-01 04:38:19.972879(+0530)[7128:7900] INF Auth::Crypto::getCertExpiryDaySec: Certificate is not valid after: Dec  7 17:55:54 2030 GMT
2026-07-01 04:38:19.972879(+0530)[7128:7900] INF Auth::Crypto::getCertExpiryDaySec: Certificate is not valid after: Dec 10 00:00:00 2034 GMT
2026-07-01 04:38:19.972879(+0530)[7128:7900] INF Auth::Crypto::getCertExpiryDaySec: Certificate is not valid after: Jan 15 12:00:00 2038 GMT
2026-07-01 04:38:19.972879(+0530)[7128:7900] INF Auth::Crypto::getCertExpiryDaySec: Certificate is not valid after: Aug  1 23:59:59 2028 GMT
2026-07-01 04:38:19.972879(+0530)[7128:7900] INF Auth::Crypto::getCertExpiryDaySec: Certificate is not valid after: Jan 14 23:59:59 2046 GMT
2026-07-01 04:38:19.972879(+0530)[7128:7900] INF Auth::Crypto::getCertExpiryDaySec: Certificate is not valid after: Jul 24 14:15:12 2029 GMT
2026-07-01 04:38:19.972879(+0530)[7128:7900] INF Auth::Crypto::getCertExpiryDaySec: Certificate is not valid after: Mar 18 00:00:00 2045 GMT
2026-07-01 04:38:19.972879(+0530)[7128:7900] INF Auth::Crypto::getCertExpiryDaySec: Certificate is not valid after: Jul 16 23:59:59 2036 GMT
2026-07-01 04:38:19.972879(+0530)[7128:7900] INF Auth::Crypto::getCertExpiryDaySec: Certificate is not valid after: Sep 17 19:46:36 2036 GMT
2026-07-01 04:38:19.972879(+0530)[7128:7900] INF Auth::Crypto::getCertExpiryDaySec: Certificate is not valid after: Dec  1 23:59:59 2037 GMT
2026-07-01 04:38:19.972879(+0530)[7128:7900] INF Auth::Crypto::getCertExpiryDaySec: Certificate is not valid after: Jan 18 23:59:59 2038 GMT
2026-07-01 04:38:19.972879(+0530)[7128:7900] INF Auth::Crypto::getCertExpiryDaySec: Certificate is not valid after: Dec 31 23:59:59 2039 GMT
2026-07-01 04:38:19.972879(+0530)[7128:7900] INF Auth::Crypto::getCertExpiryDaySec: Certificate is not valid after: May  7 19:54:30 2030 GMT
2026-07-01 04:38:19.974920(+0530)[7128:7900] INF Auth::Crypto::getCertExpiryDaySec: Certificate is not valid after: Oct 24 23:59:59 2016 GMT
2026-07-01 04:38:19.974920(+0530)[7128:7900] INF Skip expired certificate
2026-07-01 04:38:19.974920(+0530)[7128:7900] INF Auth::Crypto::getCertExpiryDaySec: Certificate is not valid after: Dec 10 21:39:28 2039 GMT
2026-07-01 04:38:19.974920(+0530)[7128:7900] INF Auth::Crypto::getCertExpiryDaySec: Certificate is not valid after: Jul 20 13:59:17 2028 GMT
2026-07-01 04:38:19.974920(+0530)[7128:7900] INF Auth::Crypto::getCertExpiryDaySec: Certificate is not valid after: Jul 20 12:56:39 2028 GMT
2026-07-01 04:38:19.974920(+0530)[7128:7900] INF Auth::Crypto::getCertExpiryDaySec: Certificate is not valid after: Apr 28 23:59:59 2036 GMT
2026-07-01 04:38:19.974920(+0530)[7128:7900] INF Auth::Crypto::getCertExpiryDaySec: Certificate is not valid after: Sep 15 00:00:00 2028 GMT
2026-07-01 04:38:19.974920(+0530)[7128:7900] INF Auth::Crypto::getCertExpiryDaySec: Certificate is not valid after: Sep 15 00:00:00 2028 GMT
2026-07-01 04:38:19.974920(+0530)[7128:7900] INF Auth::Crypto::getCertExpiryDaySec: Certificate is not valid after: Dec 31 07:00:00 2002 GMT
2026-07-01 04:38:19.974920(+0530)[7128:7900] INF Skip expired certificate
2026-07-01 04:38:19.974920(+0530)[7128:7900] INF Auth::Lib:loadSSLCerts: Called: 51
2026-07-01 04:38:19.987038(+0530)[7128:7900] INF Auth::Lib::loadSSLCerts: Number of CA certs loaded: 48
2026-07-01 04:38:19.987038(+0530)[7128:7900] INF Auth::Lib::initializeAuthenticationLibrary: Finish
2026-07-01 04:38:19.989053(+0530)[7128:7900] INF ZSATrayManagerUtil::isIPv4Capable exception: Host not found: ipv4only.arpa.
2026-07-01 04:38:19.989053(+0530)[7128:7900] INF ZSATrayManagerUtil:: Changed Poco::Net::AFLT to 23
2026-07-01 04:38:19.989053(+0530)[7128:7900] INF Getting local machine ROOT certificates.
2026-07-01 04:38:19.995137(+0530)[7128:7900] INF Getting local machine CA certificates.
2026-07-01 04:38:19.999175(+0530)[7128:7900] DBG getCloudNamefromMAHostName: Searching maAltenamePrefix=mobile6. (maHostname=, maHonamePrefix=mobile.)
2026-07-01 04:38:19.999175(+0530)[7128:7900] DBG ZSAOSUtil::readStringFromReg. Reg key: SOFTWARE\Zscaler Inc.\Zscaler\CloudName, value: zscalertwo
2026-07-01 04:38:19.999175(+0530)[7128:7900] INF One::ID::initialize OneId Lib with: 53 certs
2026-07-01 04:38:19.999175(+0530)[7128:7900] INF One::ID::Skip expired certificate
2026-07-01 04:38:19.999175(+0530)[7128:7900] INF One::ID::Skip expired certificate
2026-07-01 04:38:19.999175(+0530)[7128:7900] INF One::ID::Skip expired certificate
2026-07-01 04:38:19.999175(+0530)[7128:7900] INF One::ID::Skip expired certificate
2026-07-01 04:38:19.999175(+0530)[7128:7900] INF One::ID::Skip expired certificate
2026-07-01 04:38:19.999175(+0530)[7128:7900] INF One::ID::Skip expired certificate
2026-07-01 04:38:20.003206(+0530)[7128:7900] INF One::ID::Skip expired certificate
2026-07-01 04:38:20.003206(+0530)[7128:7900] INF One::ID::Skip expired certificate
2026-07-01 04:38:20.003206(+0530)[7128:7900] INF One::ID:loadSSLCerts: 51
2026-07-01 04:38:20.007274(+0530)[7128:7900] INF One::ID::loadSSLCerts: Number of CA certs loaded: 48
2026-07-01 04:38:20.007274(+0530)[7128:7900] INF One::ID::initialize: Finish
2026-07-01 04:38:20.007274(+0530)[7128:7900] ERR ZMachineTunnelFileUtils::readFromFile: file open failed: C:\ProgramData\Zscaler/Zjg1MDQ3MmZlMGIzZGFjNWEyZWE1NWU3YTVkODVkMzU2NjVlZjlmYmEwNGI3NDNjNGMxODRlNDgxNzIxZThkMg==_mtc.dat
2026-07-01 04:38:20.007274(+0530)[7128:7900] INF Checking if MachineTunnelFile exists at path: [C:\ProgramData\Zscaler/Zjg1MDQ3MmZlMGIzZGFjNWEyZWE1NWU3YTVkODVkMzU2NjVlZjlmYmEwNGI3NDNjNGMxODRlNDgxNzIxZThkMg==_mtc.dat]
2026-07-01 04:38:20.007274(+0530)[7128:7900] ERR machine tunnel, tunnel config file doesn't exist
2026-07-01 04:38:20.007274(+0530)[7128:7900] INF ZMachineTunnelManager, mtTunnelVersion: 6
2026-07-01 04:38:20.007274(+0530)[7128:7900] DBG startMachineTunnelIfRequired: checking config
2026-07-01 04:38:20.007274(+0530)[7128:7900] INF Checking if MachineTunnelFile exists at path: [C:\ProgramData\Zscaler/Zjg1MDQ3MmZlMGIzZGFjNWEyZWE1NWU3YTVkODVkMzU2NjVlZjlmYmEwNGI3NDNjNGMxODRlNDgxNzIxZThkMg==_mtc.dat]
2026-07-01 04:38:20.007274(+0530)[7128:7900] ERR machine tunnel, tunnel config file doesn't exist
2026-07-01 04:38:20.007274(+0530)[7128:7900] DBG ZMachineTunnelFileUtils::readAndDecrypt: filepath C:\ProgramData\Zscaler/Zjg1MDQ3MmZlMGIzZGFjNWEyZWE1NWU3YTVkODVkMzU2NjVlZjlmYmEwNGI3NDNjNGMxODRlNDgxNzIxZThkMg==_mtt.dat
2026-07-01 04:38:20.007274(+0530)[7128:7900] ERR ZMachineTunnelFileUtils::readFromFile: file open failed: C:\ProgramData\Zscaler/Zjg1MDQ3MmZlMGIzZGFjNWEyZWE1NWU3YTVkODVkMzU2NjVlZjlmYmEwNGI3NDNjNGMxODRlNDgxNzIxZThkMg==_mtt.dat
2026-07-01 04:38:20.007274(+0530)[7128:7900] DBG machine tunnel zpn, tunnel token decrypted and loaded successful (ziaCloudName=, maHostname=)
2026-07-01 04:38:20.007274(+0530)[7128:7900] INF ZPA machine tunnel is not configured, try fetching token from policy
2026-07-01 04:38:20.007274(+0530)[7128:7900] DBG ZMachineTunnelFileUtils::readAndDecrypt: filepath C:\ProgramData\Zscaler/Zjg1MDQ3MmZlMGIzZGFjNWEyZWE1NWU3YTVkODVkMzU2NjVlZjlmYmEwNGI3NDNjNGMxODRlNDgxNzIxZThkMg==_mtt.dat
2026-07-01 04:38:20.007274(+0530)[7128:7900] ERR ZMachineTunnelFileUtils::readFromFile: file open failed: C:\ProgramData\Zscaler/Zjg1MDQ3MmZlMGIzZGFjNWEyZWE1NWU3YTVkODVkMzU2NjVlZjlmYmEwNGI3NDNjNGMxODRlNDgxNzIxZThkMg==_mtt.dat
2026-07-01 04:38:20.007274(+0530)[7128:7900] DBG machine tunnel zpn, tunnel token decrypted and loaded successful (ziaCloudName=, maHostname=)
2026-07-01 04:38:20.007274(+0530)[7128:7900] ERR fetchPolicybyToken:: Machine tunnel: machine config doesn't exist
2026-07-01 04:38:20.007274(+0530)[7128:7900] DBG ZMachineTunnelFileUtils::readAndDecrypt: filepath C:\ProgramData\Zscaler/ZccMachineConfig_clp.dat
2026-07-01 04:38:20.009284(+0530)[7128:7900] ERR ZMachineTunnelFileUtils::readFromFile: file open failed: C:\ProgramData\Zscaler/ZccMachineConfig_clp.dat
2026-07-01 04:38:20.009284(+0530)[7128:7900] ERR Machine tunnel: failed to read/empty policyToken from reg
2026-07-01 04:38:20.009284(+0530)[7128:7900] DBG ZMachineTunnelFileUtils::readAndDecrypt: filepath C:\ProgramData\Zscaler/Zjg1MDQ3MmZlMGIzZGFjNWEyZWE1NWU3YTVkODVkMzU2NjVlZjlmYmEwNGI3NDNjNGMxODRlNDgxNzIxZThkMg==_mtt.dat
2026-07-01 04:38:20.009284(+0530)[7128:7900] ERR ZMachineTunnelFileUtils::readFromFile: file open failed: C:\ProgramData\Zscaler/Zjg1MDQ3MmZlMGIzZGFjNWEyZWE1NWU3YTVkODVkMzU2NjVlZjlmYmEwNGI3NDNjNGMxODRlNDgxNzIxZThkMg==_mtt.dat
2026-07-01 04:38:20.009284(+0530)[7128:7900] DBG machine tunnel zpn, tunnel token decrypted and loaded successful (ziaCloudName=, maHostname=)
2026-07-01 04:38:20.009284(+0530)[7128:7900] ERR Machine tunnel: machine config doesn't exist
2026-07-01 04:38:20.009284(+0530)[7128:7900] INF Machine tunnel: policyFetchStatus: , policyFetchTime: 2026-07-01-04-38-20.009284
2026-07-01 04:38:20.009284(+0530)[7128:7900] ERR Machine tunnel: skipping start as policy fetch failed
2026-07-01 04:38:20.009284(+0530)[7128:7900] INF [ZSAMonitoringTimer] After updateMtRetryParams: isRetryRequired: 0, isExpBackoffReqd: 0, nextRetryInterval: 65535 secs, nextRetryTime: 65535 secs
2026-07-01 04:38:20.009284(+0530)[7128:7900] DBG sessionId -1, startMachineTunnelIfRequired. [errCode:6]
2026-07-01 04:38:20.009284(+0530)[7128:7900] INF RPC Listener retry attempts left: 3
2026-07-01 04:38:20.009284(+0530)[7128:7900] INF RPC Listener started
2026-07-01 04:38:20.009284(+0530)[7128:7900] INF Starting MainTimer
2026-07-01 04:38:20.009284(+0530)[7128:7900] INF [Auto Update Monitor] Interval: 7200 sec
2026-07-01 04:38:20.009284(+0530)[7128:7900] INF [Auto Update Monitor] Last Timer: 1782880700 sec
2026-07-01 04:38:20.009284(+0530)[7128:7900] INF [Auto Update Monitor] Next Timer: 0 sec
2026-07-01 04:38:20.009284(+0530)[7128:7900] INF MainTimer started
2026-07-01 04:38:20.009284(+0530)[7128:7900] INF ProcessMonitor: starting
2026-07-01 04:38:20.009284(+0530)[7128:7900] INF ProcessMonitor: started
2026-07-01 04:38:20.009284(+0530)[7128:7900] DBG ZPCConfig: readConfig: C:\ProgramData\Zscaler\zpcProgress.json
2026-07-01 04:38:20.009284(+0530)[7128:7900] INF ZPCConfig: Failed to open zpcProgress.json in readConfig (exists=0)
2026-07-01 04:38:20.009284(+0530)[7128:6732] INF MainTimer thread start
2026-07-01 04:38:20.009284(+0530)[7128:6732] INF executeMonitor: Starting posture check called in scheduler at: 2
2026-07-01 04:38:20.011299(+0530)[7128:6732] INF ZSAMonitoringTimer: Refreshing Postures: mode (all)
2026-07-01 04:38:20.011299(+0530)[7128:6732] INF Returning fresh posture results
2026-07-01 04:38:20.011299(+0530)[7128:6732] INF updatePostureProfileDetails Posture in Machine Tunnel
2026-07-01 04:38:20.011299(+0530)[7128:6732] DBG No posture profile to process
2026-07-01 04:38:20.011299(+0530)[7128:6732] INF No evaluated posture results. Size: 0
2026-07-01 04:38:20.011299(+0530)[7128:6732] DBG Config Dir: C:\ProgramData\Zscaler
2026-07-01 04:38:20.011299(+0530)[7128:6732] DBG checkZADInstall: Checking installed ZAD
2026-07-01 04:38:20.011299(+0530)[7128:6732] DBG Config Dir: C:\ProgramData\Zscaler
2026-07-01 04:38:20.011299(+0530)[7128:6732] WAR ZAD:: Install json was not found. Was it installed?
2026-07-01 04:38:20.011299(+0530)[7128:6732] WAR ZAD:: Install json invalid/missing
2026-07-01 04:38:20.011299(+0530)[7128:6732] WAR ZAD:: Failed to do service check. Service name missing
2026-07-01 04:38:20.011299(+0530)[7128:6732] DBG Config Dir: C:\ProgramData\Zscaler
2026-07-01 04:38:20.011299(+0530)[7128:7900] DBG ZEvtSub: addSubscription: succeeded adding channel: System, query: Event / System[EventID = 507]
2026-07-01 04:38:20.011299(+0530)[7128:6732] WAR ZAD:: Install json was not found. Was it installed?
2026-07-01 04:38:20.011299(+0530)[7128:6732] WAR ZAD:: Install json invalid/missing
2026-07-01 04:38:20.011299(+0530)[7128:6732] ERR ZAD: Failed to get service bin path. Service name missing
2026-07-01 04:38:20.011299(+0530)[7128:6732] WAR ZAD:: Failed to get protocol version. Could not get service path
2026-07-01 04:38:20.011299(+0530)[7128:7900] INF SSM:enableEventsAnnotation : 1
2026-07-01 04:38:20.230769(+0530)[7128:6732] INF ZEPSdk: GetZEPProductVersion return value: 25.10.0.3
2026-07-01 04:38:20.233285(+0530)[7128:6732] INF Service: ZSAUpm, isServiceInstalled: 1
2026-07-01 04:38:20.233285(+0530)[7128:6732] DBG CDistroFilePaths::PopulatePath_ForComponent: Populated deploy path for component 'ZSAUpm.exe' as 'C:\Program Files\Zscaler'
2026-07-01 04:38:20.233285(+0530)[7128:6732] INF ZDX Binary Path: C:\Program Files\Zscaler\ZSAUpm\ZSAUpm.exe
2026-07-01 04:38:20.244938(+0530)[7128:6732] INF ZDP Binary Path: C:\Program Files\Zscaler\ZDP\ZDPService.exe
2026-07-01 04:38:20.246952(+0530)[7128:6732] DBG Failed to open service 'ZDPService'; error: 0x00000424
2026-07-01 04:38:20.246952(+0530)[7128:6732] INF Service: ZDPService, isServiceInstalled: 0
2026-07-01 04:38:20.246952(+0530)[7128:6732] ERR ZDP Service is not installed on the machine.
2026-07-01 04:38:20.246952(+0530)[7128:6732] DBG Config Dir: C:\ProgramData\Zscaler
2026-07-01 04:38:20.246952(+0530)[7128:6732] WAR ZAD:: Install json was not found. Was it installed?
2026-07-01 04:38:20.246952(+0530)[7128:6732] WAR ZAD:: Install json invalid/missing
2026-07-01 04:38:20.246952(+0530)[7128:6732] ERR ZAD: Failed to get service bin path. Service name missing
2026-07-01 04:38:20.246952(+0530)[7128:6732] WAR ZAD:: Failed to get protocol version. Could not get service path
2026-07-01 04:38:20.246952(+0530)[7128:6732] INF ZEventsTransmitter: Resetting idle event.
2026-07-01 04:38:20.246952(+0530)[7128:6732] INF ZEvents: Raised event:  anti_tampering_version_changed / 0x1007a6402 added to queue. Size 1
2026-07-01 04:38:22.320951(+0530)[7128:6732] INF ZEPSdk: GetZEPProductVersion return value: 25.10.0.3
2026-07-01 04:38:24.375453(+0530)[7128:6732] INF ZEPSdk: GetZEPProductVersion return value: 25.10.0.3
2026-07-01 04:38:26.509431(+0530)[7128:6732] INF ZEPSdk: GetZEPProductVersion return value: 25.10.0.3
2026-07-01 04:38:28.503115(+0530)[7128:7696] INF [LogMon] updateLogFilesAcl: triggered
2026-07-01 04:38:28.503115(+0530)[7128:7804] DBG [findFilesAndOperateV2] Operating on C:\ProgramData\Zscaler
2026-07-01 04:38:28.503115(+0530)[7128:7804] DBG [findFilesAndOperateV2] Operation done on C:\ProgramData\Zscaler
2026-07-01 04:38:28.503115(+0530)[7128:7804] DBG called removeDumpFile for [dumpFiles:0, dwMaxDumpToRetain:10, bDeleteOldDump:1]
2026-07-01 04:38:28.503115(+0530)[7128:7804] DBG called removeDumpFile for [dumpFiles:0, dwMaxDumpToRetain:10, bDeleteOldDump:0]
2026-07-01 04:38:28.506402(+0530)[7128:7696] DBG [LogMon] ZSAFileUtils::setFileSecurityAttributes called for C:\ProgramData\Zscaler/ZSATrayManager_2026-05-23-05-31-36.835815.log
2026-07-01 04:38:28.506402(+0530)[7128:7696] DBG [LogMon] ZSAFileUtils::setFileSecurityAttributes called with secType 0
2026-07-01 04:38:28.506402(+0530)[7128:7696] DBG [LogMon] ZSAFileUtils::setFileSecurityAttributes set ACL succeed.
2026-07-01 04:38:28.506402(+0530)[7128:7696] DBG [LogMon] ZSAFileUtils::setFileSecurityAttributes: calling SetSecurityInfo DaclPresent:1
2026-07-01 04:38:28.506402(+0530)[7128:7696] INF [LogMon] ZSAFileUtils::setFileSecurityAttributes: SetSecurityInfo success
2026-07-01 04:38:28.506402(+0530)[7128:7696] DBG [LogMon] ZSAFileUtils::setFileSecurityAttributes called for C:\ProgramData\Zscaler/ZSATrayManager_2026-05-23-16-18-33.973501.log
2026-07-01 04:38:28.506402(+0530)[7128:7696] DBG [LogMon] ZSAFileUtils::setFileSecurityAttributes called with secType 0
2026-07-01 04:38:28.506402(+0530)[7128:7696] DBG [LogMon] ZSAFileUtils::setFileSecurityAttributes set ACL succeed.
2026-07-01 04:38:28.506402(+0530)[7128:7696] DBG [LogMon] ZSAFileUtils::setFileSecurityAttributes: calling SetSecurityInfo DaclPresent:1
2026-07-01 04:38:28.506402(+0530)[7128:7696] INF [LogMon] ZSAFileUtils::setFileSecurityAttributes: SetSecurityInfo success
2026-07-01 04:38:28.506402(+0530)[7128:7696] DBG [LogMon] ZSAFileUtils::setFileSecurityAttributes called for C:\ProgramData\Zscaler/ZSATrayManager_2026-05-25-03-30-02.720680.log
2026-07-01 04:38:28.506402(+0530)[7128:7696] DBG [LogMon] ZSAFileUtils::setFileSecurityAttributes called with secType 0
2026-07-01 04:38:28.506402(+0530)[7128:7696] DBG [LogMon] ZSAFileUtils::setFileSecurityAttributes set ACL succeed.
2026-07-01 04:38:28.506402(+0530)[7128:7696] DBG [LogMon] ZSAFileUtils::setFileSecurityAttributes: calling SetSecurityInfo DaclPresent:1
2026-07-01 04:38:28.506402(+0530)[7128:7696] INF [LogMon] ZSAFileUtils::setFileSecurityAttributes: SetSecurityInfo success
2026-07-01 04:38:28.510688(+0530)[7128:7696] DBG [LogMon] ZSAFileUtils::setFileSecurityAttributes called for C:\ProgramData\Zscaler/ZSATrayManager_2026-05-28-04-49-37.766471.log
2026-07-01 04:38:28.510688(+0530)[7128:7696] DBG [LogMon] ZSAFileUtils::setFileSecurityAttributes called with secType 0
2026-07-01 04:38:28.510688(+0530)[7128:7696] DBG [LogMon] ZSAFileUtils::setFileSecurityAttributes set ACL succeed.
2026-07-01 04:38:28.510688(+0530)[7128:7696] DBG [LogMon] ZSAFileUtils::setFileSecurityAttributes: calling SetSecurityInfo DaclPresent:1
2026-07-01 04:38:28.510688(+0530)[7128:7696] INF [LogMon] ZSAFileUtils::setFileSecurityAttributes: SetSecurityInfo success
2026-07-01 04:38:28.510688(+0530)[7128:7696] DBG [LogMon] ZSAFileUtils::setFileSecurityAttributes called for C:\ProgramData\Zscaler/ZSATrayManager_2026-06-01-03-49-25.730069.log
2026-07-01 04:38:28.510688(+0530)[7128:7696] DBG [LogMon] ZSAFileUtils::setFileSecurityAttributes called with secType 0
2026-07-01 04:38:28.510688(+0530)[7128:7696] DBG [LogMon] ZSAFileUtils::setFileSecurityAttributes set ACL succeed.
2026-07-01 04:38:28.510688(+0530)[7128:7696] DBG [LogMon] ZSAFileUtils::setFileSecurityAttributes: calling SetSecurityInfo DaclPresent:1
2026-07-01 04:38:28.510688(+0530)[7128:7696] INF [LogMon] ZSAFileUtils::setFileSecurityAttributes: SetSecurityInfo success
2026-07-01 04:38:28.510688(+0530)[7128:7696] DBG [LogMon] ZSAFileUtils::setFileSecurityAttributes called for C:\ProgramData\Zscaler/ZSATrayManager_2026-06-02-04-44-11.492270.log
2026-07-01 04:38:28.510688(+0530)[7128:7696] DBG [LogMon] ZSAFileUtils::setFileSecurityAttributes called with secType 0
2026-07-01 04:38:28.510688(+0530)[7128:7696] DBG [LogMon] ZSAFileUtils::setFileSecurityAttributes set ACL succeed.
2026-07-01 04:38:28.510688(+0530)[7128:7696] DBG [LogMon] ZSAFileUtils::setFileSecurityAttributes: calling SetSecurityInfo DaclPresent:1
2026-07-01 04:38:28.510688(+0530)[7128:7696] INF [LogMon] ZSAFileUtils::setFileSecurityAttributes: SetSecurityInfo success
2026-07-01 04:38:28.514619(+0530)[7128:7696] DBG [LogMon] ZSAFileUtils::setFileSecurityAttributes called for C:\ProgramData\Zscaler/ZSATrayManager_2026-06-02-18-43-33.833289.log
2026-07-01 04:38:28.514619(+0530)[7128:7696] DBG [LogMon] ZSAFileUtils::setFileSecurityAttributes called with secType 0
2026-07-01 04:38:28.514619(+0530)[7128:7696] DBG [LogMon] ZSAFileUtils::setFileSecurityAttributes set ACL succeed.
2026-07-01 04:38:28.514619(+0530)[7128:7696] DBG [LogMon] ZSAFileUtils::setFileSecurityAttributes: calling SetSecurityInfo DaclPresent:1
2026-07-01 04:38:28.514619(+0530)[7128:7696] INF [LogMon] ZSAFileUtils::setFileSecurityAttributes: SetSecurityInfo success
2026-07-01 04:38:28.514619(+0530)[7128:7696] DBG [LogMon] ZSAFileUtils::setFileSecurityAttributes called for C:\ProgramData\Zscaler/ZSATrayManager_2026-06-03-04-44-05.573900.log
2026-07-01 04:38:28.516633(+0530)[7128:7696] DBG [LogMon] ZSAFileUtils::setFileSecurityAttributes called with secType 0
2026-07-01 04:38:28.516633(+0530)[7128:7696] DBG [LogMon] ZSAFileUtils::setFileSecurityAttributes set ACL succeed.
2026-07-01 04:38:28.516633(+0530)[7128:7696] DBG [LogMon] ZSAFileUtils::setFileSecurityAttributes: calling SetSecurityInfo DaclPresent:1
2026-07-01 04:38:28.516633(+0530)[7128:7696] INF [LogMon] ZSAFileUtils::setFileSecurityAttributes: SetSecurityInfo success
2026-07-01 04:38:28.516633(+0530)[7128:7696] DBG [LogMon] ZSAFileUtils::setFileSecurityAttributes called for C:\ProgramData\Zscaler/ZSATrayManager_2026-06-08-04-10-08.570495.log
2026-07-01 04:38:28.516633(+0530)[7128:7696] DBG [LogMon] ZSAFileUtils::setFileSecurityAttributes called with secType 0
2026-07-01 04:38:28.516633(+0530)[7128:7696] DBG [LogMon] ZSAFileUtils::setFileSecurityAttributes set ACL succeed.
2026-07-01 04:38:28.516633(+0530)[7128:7696] DBG [LogMon] ZSAFileUtils::setFileSecurityAttributes: calling SetSecurityInfo DaclPresent:1
2026-07-01 04:38:28.516633(+0530)[7128:7696] INF [LogMon] ZSAFileUtils::setFileSecurityAttributes: SetSecurityInfo success
2026-07-01 04:38:28.518878(+0530)[7128:7696] DBG [LogMon] ZSAFileUtils::setFileSecurityAttributes called for C:\ProgramData\Zscaler/ZSATrayManager_2026-06-08-13-43-53.890406.log
2026-07-01 04:38:28.518878(+0530)[7128:7696] DBG [LogMon] ZSAFileUtils::setFileSecurityAttributes called with secType 0
2026-07-01 04:38:28.518878(+0530)[7128:7696] DBG [LogMon] ZSAFileUtils::setFileSecurityAttributes set ACL succeed.
2026-07-01 04:38:28.518878(+0530)[7128:7696] DBG [LogMon] ZSAFileUtils::setFileSecurityAttributes: calling SetSecurityInfo DaclPresent:1
2026-07-01 04:38:28.518878(+0530)[7128:7696] INF [LogMon] ZSAFileUtils::setFileSecurityAttributes: SetSecurityInfo success
2026-07-01 04:38:28.518878(+0530)[7128:7696] DBG [LogMon] ZSAFileUtils::setFileSecurityAttributes called for C:\ProgramData\Zscaler/ZSATrayManager_2026-06-12-04-24-36.566228.log
2026-07-01 04:38:28.518878(+0530)[7128:7696] DBG [LogMon] ZSAFileUtils::setFileSecurityAttributes called with secType 0
2026-07-01 04:38:28.518878(+0530)[7128:7696] DBG [LogMon] ZSAFileUtils::setFileSecurityAttributes set ACL succeed.
2026-07-01 04:38:28.518878(+0530)[7128:7696] DBG [LogMon] ZSAFileUtils::setFileSecurityAttributes: calling SetSecurityInfo DaclPresent:1
2026-07-01 04:38:28.518878(+0530)[7128:7696] INF [LogMon] ZSAFileUtils::setFileSecurityAttributes: SetSecurityInfo success
2026-07-01 04:38:28.521682(+0530)[7128:7696] DBG [LogMon] ZSAFileUtils::setFileSecurityAttributes called for C:\ProgramData\Zscaler/ZSATrayManager_2026-06-16-04-29-22.971169.log
2026-07-01 04:38:28.521682(+0530)[7128:7696] DBG [LogMon] ZSAFileUtils::setFileSecurityAttributes called with secType 0
2026-07-01 04:38:28.521682(+0530)[7128:7696] DBG [LogMon] ZSAFileUtils::setFileSecurityAttributes set ACL succeed.
2026-07-01 04:38:28.521682(+0530)[7128:7696] DBG [LogMon] ZSAFileUtils::setFileSecurityAttributes: calling SetSecurityInfo DaclPresent:1
2026-07-01 04:38:28.521682(+0530)[7128:7696] INF [LogMon] ZSAFileUtils::setFileSecurityAttributes: SetSecurityInfo success
2026-07-01 04:38:28.521682(+0530)[7128:7696] DBG [LogMon] ZSAFileUtils::setFileSecurityAttributes called for C:\ProgramData\Zscaler/ZSATrayManager_2026-06-17-13-43-38.134121.log
2026-07-01 04:38:28.521682(+0530)[7128:7696] DBG [LogMon] ZSAFileUtils::setFileSecurityAttributes called with secType 0
2026-07-01 04:38:28.521682(+0530)[7128:7696] DBG [LogMon] ZSAFileUtils::setFileSecurityAttributes set ACL succeed.
2026-07-01 04:38:28.521682(+0530)[7128:7696] DBG [LogMon] ZSAFileUtils::setFileSecurityAttributes: calling SetSecurityInfo DaclPresent:1
2026-07-01 04:38:28.521682(+0530)[7128:7696] INF [LogMon] ZSAFileUtils::setFileSecurityAttributes: SetSecurityInfo success
2026-07-01 04:38:28.523699(+0530)[7128:7696] DBG [LogMon] ZSAFileUtils::setFileSecurityAttributes called for C:\ProgramData\Zscaler/ZSATrayManager_2026-06-17-13-46-44.926755.log
2026-07-01 04:38:28.523699(+0530)[7128:7696] DBG [LogMon] ZSAFileUtils::setFileSecurityAttributes called with secType 0
2026-07-01 04:38:28.523699(+0530)[7128:7696] DBG [LogMon] ZSAFileUtils::setFileSecurityAttributes set ACL succeed.
2026-07-01 04:38:28.523699(+0530)[7128:7696] DBG [LogMon] ZSAFileUtils::setFileSecurityAttributes: calling SetSecurityInfo DaclPresent:1
2026-07-01 04:38:28.523699(+0530)[7128:7696] INF [LogMon] ZSAFileUtils::setFileSecurityAttributes: SetSecurityInfo success
2026-07-01 04:38:28.523699(+0530)[7128:7696] DBG [LogMon] ZSAFileUtils::setFileSecurityAttributes called for C:\ProgramData\Zscaler/ZSATrayManager_2026-06-17-13-48-11.896176.log
2026-07-01 04:38:28.523699(+0530)[7128:7696] DBG [LogMon] ZSAFileUtils::setFileSecurityAttributes called with secType 0
2026-07-01 04:38:28.523699(+0530)[7128:7696] DBG [LogMon] ZSAFileUtils::setFileSecurityAttributes set ACL succeed.
2026-07-01 04:38:28.523699(+0530)[7128:7696] DBG [LogMon] ZSAFileUtils::setFileSecurityAttributes: calling SetSecurityInfo DaclPresent:1
2026-07-01 04:38:28.523699(+0530)[7128:7696] INF [LogMon] ZSAFileUtils::setFileSecurityAttributes: SetSecurityInfo success
2026-07-01 04:38:28.525717(+0530)[7128:7696] DBG [LogMon] ZSAFileUtils::setFileSecurityAttributes called for C:\ProgramData\Zscaler/ZSATrayManager_2026-06-18-03-35-36.430673.log
2026-07-01 04:38:28.525717(+0530)[7128:7696] DBG [LogMon] ZSAFileUtils::setFileSecurityAttributes called with secType 0
2026-07-01 04:38:28.525717(+0530)[7128:7696] DBG [LogMon] ZSAFileUtils::setFileSecurityAttributes set ACL succeed.
2026-07-01 04:38:28.525717(+0530)[7128:7696] DBG [LogMon] ZSAFileUtils::setFileSecurityAttributes: calling SetSecurityInfo DaclPresent:1
2026-07-01 04:38:28.525717(+0530)[7128:7696] INF [LogMon] ZSAFileUtils::setFileSecurityAttributes: SetSecurityInfo success
2026-07-01 04:38:28.525717(+0530)[7128:7696] DBG [LogMon] ZSAFileUtils::setFileSecurityAttributes called for C:\ProgramData\Zscaler/ZSATrayManager_2026-06-25-04-06-02.049252.log
2026-07-01 04:38:28.525717(+0530)[7128:7696] DBG [LogMon] ZSAFileUtils::setFileSecurityAttributes called with secType 0
2026-07-01 04:38:28.525717(+0530)[7128:7696] DBG [LogMon] ZSAFileUtils::setFileSecurityAttributes set ACL succeed.
2026-07-01 04:38:28.525717(+0530)[7128:7696] DBG [LogMon] ZSAFileUtils::setFileSecurityAttributes: calling SetSecurityInfo DaclPresent:1
2026-07-01 04:38:28.525717(+0530)[7128:7696] INF [LogMon] ZSAFileUtils::setFileSecurityAttributes: SetSecurityInfo success
2026-07-01 04:38:28.527734(+0530)[7128:7696] DBG [LogMon] ZSAFileUtils::setFileSecurityAttributes called for C:\ProgramData\Zscaler/ZSATrayManager_2026-06-29-03-32-31.026447.log
2026-07-01 04:38:28.527734(+0530)[7128:7696] DBG [LogMon] ZSAFileUtils::setFileSecurityAttributes called with secType 0
2026-07-01 04:38:28.527734(+0530)[7128:7696] DBG [LogMon] ZSAFileUtils::setFileSecurityAttributes set ACL succeed.
2026-07-01 04:38:28.527734(+0530)[7128:7696] DBG [LogMon] ZSAFileUtils::setFileSecurityAttributes: calling SetSecurityInfo DaclPresent:1
2026-07-01 04:38:28.527734(+0530)[7128:7696] INF [LogMon] ZSAFileUtils::setFileSecurityAttributes: SetSecurityInfo success
2026-07-01 04:38:28.527734(+0530)[7128:7696] DBG [LogMon] ZSAFileUtils::setFileSecurityAttributes called for C:\ProgramData\Zscaler/ZSATrayManager_2026-06-29-04-54-20.377471.log
2026-07-01 04:38:28.527734(+0530)[7128:7696] DBG [LogMon] ZSAFileUtils::setFileSecurityAttributes called with secType 0
2026-07-01 04:38:28.527734(+0530)[7128:7696] DBG [LogMon] ZSAFileUtils::setFileSecurityAttributes set ACL succeed.
2026-07-01 04:38:28.527734(+0530)[7128:7696] DBG [LogMon] ZSAFileUtils::setFileSecurityAttributes: calling SetSecurityInfo DaclPresent:1
2026-07-01 04:38:28.527734(+0530)[7128:7696] INF [LogMon] ZSAFileUtils::setFileSecurityAttributes: SetSecurityInfo success
2026-07-01 04:38:28.529750(+0530)[7128:7696] DBG [LogMon] ZSAFileUtils::setFileSecurityAttributes called for C:\ProgramData\Zscaler/ZSATrayManager_2026-07-01-04-38-18.490631.log
2026-07-01 04:38:28.529750(+0530)[7128:7696] DBG [LogMon] ZSAFileUtils::setFileSecurityAttributes called with secType 0
2026-07-01 04:38:28.529750(+0530)[7128:7696] DBG [LogMon] ZSAFileUtils::setFileSecurityAttributes set ACL succeed.
2026-07-01 04:38:28.529750(+0530)[7128:7696] DBG [LogMon] ZSAFileUtils::setFileSecurityAttributes: calling SetSecurityInfo DaclPresent:1
2026-07-01 04:38:28.529750(+0530)[7128:7696] INF [LogMon] ZSAFileUtils::setFileSecurityAttributes: SetSecurityInfo success
2026-07-01 04:38:28.616438(+0530)[7128:6732] INF ZEPSdk: GetZEPProductVersion return value: 25.10.0.3
2026-07-01 04:38:30.701788(+0530)[7128:6732] INF ZEPSdk: GetZEPProductVersion return value: 25.10.0.3
2026-07-01 04:38:32.774034(+0530)[7128:6732] INF ZEPSdk: GetZEPProductVersion return value: 25.10.0.3
2026-07-01 04:38:34.862544(+0530)[7128:6732] INF ZEPSdk: GetZEPProductVersion return value: 25.10.0.3
2026-07-01 04:38:36.954786(+0530)[7128:6732] INF ZEPSdk: GetZEPProductVersion return value: 25.10.0.3
2026-07-01 04:38:39.037200(+0530)[7128:6732] INF ZEPSdk: GetZEPProductVersion return value: 25.10.0.3
2026-07-01 04:38:41.118916(+0530)[7128:6732] INF ZEPSdk: GetZEPProductVersion return value: 25.10.0.3
2026-07-01 04:38:43.204055(+0530)[7128:6732] INF ZEPSdk: GetZEPProductVersion return value: 25.10.0.3
2026-07-01 04:38:45.265242(+0530)[7128:6732] INF ZEPSdk: GetZEPProductVersion return value: 25.10.0.3
2026-07-01 04:38:47.354880(+0530)[7128:6732] INF ZEPSdk: GetZEPProductVersion return value: 25.10.0.3
2026-07-01 04:38:49.433947(+0530)[7128:6732] INF ZEPSdk: GetZEPProductVersion return value: 25.10.0.3
2026-07-01 04:38:51.504217(+0530)[7128:6732] INF ZEPSdk: GetZEPProductVersion return value: 25.10.0.3
2026-07-01 04:38:53.580149(+0530)[7128:6732] INF ZEPSdk: GetZEPProductVersion return value: 25.10.0.3
2026-07-01 04:38:55.657281(+0530)[7128:6732] INF ZEPSdk: GetZEPProductVersion return value: 25.10.0.3
2026-07-01 04:38:57.727130(+0530)[7128:6732] INF ZEPSdk: GetZEPProductVersion return value: 25.10.0.3
2026-07-01 04:38:59.792692(+0530)[7128:6732] INF ZEPSdk: GetZEPProductVersion return value: 25.10.0.3
2026-07-01 04:39:01.845987(+0530)[7128:6732] INF ZEPSdk: GetZEPProductVersion return value: 25.10.0.3
2026-07-01 04:39:03.908810(+0530)[7128:6732] INF ZEPSdk: GetZEPProductVersion return value: 25.10.0.3
2026-07-01 04:39:05.977836(+0530)[7128:6732] INF ZEPSdk: GetZEPProductVersion return value: 25.10.0.3
2026-07-01 04:39:08.058180(+0530)[7128:6732] INF ZEPSdk: GetZEPProductVersion return value: 25.10.0.3
2026-07-01 04:39:10.120951(+0530)[7128:6732] INF ZEPSdk: GetZEPProductVersion return value: 25.10.0.3
2026-07-01 04:39:12.195699(+0530)[7128:6732] INF ZEPSdk: GetZEPProductVersion return value: 25.10.0.3
2026-07-01 04:39:14.276075(+0530)[7128:6732] INF ZEPSdk: GetZEPProductVersion return value: 25.10.0.3
2026-07-01 04:39:16.348204(+0530)[7128:6732] INF ZEPSdk: GetZEPProductVersion return value: 25.10.0.3
2026-07-01 04:39:18.420368(+0530)[7128:6732] INF ZEPSdk: GetZEPProductVersion return value: 25.10.0.3
2026-07-01 04:39:20.480204(+0530)[7128:6732] INF ZEPSdk: GetZEPProductVersion return value: 25.10.0.3
2026-07-01 04:39:22.530890(+0530)[7128:6732] INF ZEPSdk: GetZEPProductVersion return value: 25.10.0.3
2026-07-01 04:39:24.542318(+0530)[7128:6732] INF executeMonitor: Starting posture check called in scheduler at: 64
2026-07-01 04:39:24.542318(+0530)[7128:6732] INF ZSAMonitoringTimer: Refreshing Postures: mode (monitoring)
2026-07-01 04:39:24.542318(+0530)[7128:6732] INF Returning fresh posture results
2026-07-01 04:39:24.542318(+0530)[7128:6732] INF updatePostureProfileDetails Posture in Machine Tunnel
2026-07-01 04:39:24.542318(+0530)[7128:6732] DBG No posture profile to process
2026-07-01 04:39:24.542318(+0530)[7128:6732] INF No evaluated posture results. Size: 0
2026-07-01 04:39:24.605522(+0530)[7128:6732] INF ZEPSdk: GetZEPProductVersion return value: 25.10.0.3
2026-07-01 04:39:26.696788(+0530)[7128:6732] INF ZEPSdk: GetZEPProductVersion return value: 25.10.0.3
2026-07-01 04:39:28.755062(+0530)[7128:6732] INF ZEPSdk: GetZEPProductVersion return value: 25.10.0.3
2026-07-01 04:39:30.826729(+0530)[7128:6732] INF ZEPSdk: GetZEPProductVersion return value: 25.10.0.3
2026-07-01 04:39:32.909974(+0530)[7128:6732] INF ZEPSdk: GetZEPProductVersion return value: 25.10.0.3
2026-07-01 04:39:34.975964(+0530)[7128:6732] INF ZEPSdk: GetZEPProductVersion return value: 25.10.0.3
2026-07-01 04:39:37.067357(+0530)[7128:6732] INF ZEPSdk: GetZEPProductVersion return value: 25.10.0.3
2026-07-01 04:39:39.295372(+0530)[7128:6732] INF ZEPSdk: GetZEPProductVersion return value: 25.10.0.3
2026-07-01 04:39:41.523412(+0530)[7128:6732] INF ZEPSdk: GetZEPProductVersion return value: 25.10.0.3
2026-07-01 04:39:43.745438(+0530)[7128:6732] INF ZEPSdk: GetZEPProductVersion return value: 25.10.0.3
2026-07-01 04:39:45.930369(+0530)[7128:6732] INF ZEPSdk: GetZEPProductVersion return value: 25.10.0.3
2026-07-01 04:39:48.084121(+0530)[7128:6732] INF ZEPSdk: GetZEPProductVersion return value: 25.10.0.3
2026-07-01 04:39:50.298786(+0530)[7128:6732] INF ZEPSdk: GetZEPProductVersion return value: 25.10.0.3
2026-07-01 04:39:52.424111(+0530)[7128:6732] INF ZEPSdk: GetZEPProductVersion return value: 25.10.0.3
2026-07-01 04:39:54.741628(+0530)[7128:6732] INF ZEPSdk: GetZEPProductVersion return value: 25.10.0.3
2026-07-01 04:39:56.900913(+0530)[7128:6732] INF ZEPSdk: GetZEPProductVersion return value: 25.10.0.3
2026-07-01 04:39:59.093738(+0530)[7128:6732] INF ZEPSdk: GetZEPProductVersion return value: 25.10.0.3
2026-07-01 04:40:01.317848(+0530)[7128:6732] INF ZEPSdk: GetZEPProductVersion return value: 25.10.0.3
2026-07-01 04:40:03.477760(+0530)[7128:6732] INF ZEPSdk: GetZEPProductVersion return value: 25.10.0.3
2026-07-01 04:40:05.628789(+0530)[7128:6732] INF ZEPSdk: GetZEPProductVersion return value: 25.10.0.3
2026-07-01 04:40:07.557095(+0530)[7128:7132] DBG ZSAServiceBase::serviceControllerHandler: service status: 13
2026-07-01 04:40:07.795436(+0530)[7128:6732] INF ZEPSdk: GetZEPProductVersion return value: 25.10.0.3
2026-07-01 04:40:09.945166(+0530)[7128:6732] INF ZEPSdk: GetZEPProductVersion return value: 25.10.0.3
2026-07-01 04:40:12.090953(+0530)[7128:6732] INF ZEPSdk: GetZEPProductVersion return value: 25.10.0.3
2026-07-01 04:40:14.242474(+0530)[7128:6732] INF ZEPSdk: GetZEPProductVersion return value: 25.10.0.3
2026-07-01 04:40:16.381668(+0530)[7128:6732] INF ZEPSdk: GetZEPProductVersion return value: 25.10.0.3
2026-07-01 04:40:18.539650(+0530)[7128:6732] INF ZEPSdk: GetZEPProductVersion return value: 25.10.0.3
2026-07-01 04:40:20.695228(+0530)[7128:6732] INF ZEPSdk: GetZEPProductVersion return value: 25.10.0.3
2026-07-01 04:40:22.869010(+0530)[7128:6732] INF ZEPSdk: GetZEPProductVersion return value: 25.10.0.3
2026-07-01 04:40:25.198339(+0530)[7128:6732] INF ZEPSdk: GetZEPProductVersion return value: 25.10.0.3
2026-07-01 04:40:26.295876(+0530)[7128:7132] DBG ZSAServiceBase::serviceControllerHandler: service status: 129
2026-07-01 04:40:26.295876(+0530)[7128:7132] DBG Service make stop call received.
2026-07-01 04:40:26.295876(+0530)[7128:7132] DBG Admin is allowed to stop service as per configuration.
2026-07-01 04:40:26.295876(+0530)[7128:7132] DBG Making service stoppable is allowed.
2026-07-01 04:40:26.295876(+0530)[7128:7132] DBG ZSAServiceBase::serviceControllerHandler: service status: 1
2026-07-01 04:40:26.295876(+0530)[7128:7132] INF On service stop
2026-07-01 04:40:26.295876(+0530)[7128:7900] DBG Sending quit signal to tray spawner to exit tray
2026-07-01 04:40:26.311703(+0530)[7128:7900] DBG ZEvtSub: removeSubscription: removed, channel: System, query: Event / System[EventID = 507]
2026-07-01 04:40:26.311703(+0530)[7128:7900] DBG Performing ZSATrayManager clean-up tasks
2026-07-01 04:40:26.311703(+0530)[7128:7900] DBG ZSAServiceBase::cleanUp called
2026-07-01 04:40:26.311703(+0530)[7128:7900] INF removeProxyListener: continue flag is false
2026-07-01 04:40:26.311703(+0530)[7128:7900] INF removeProxyListener: Done
2026-07-01 04:40:26.311703(+0530)[7128:7900] INF machineTunnelThread: Already not running.
2026-07-01 04:40:26.311703(+0530)[7128:7900] ERR ZMachineTunnelFileUtils::readFromFile: file open failed: C:\ProgramData\Zscaler/Zjg1MDQ3MmZlMGIzZGFjNWEyZWE1NWU3YTVkODVkMzU2NjVlZjlmYmEwNGI3NDNjNGMxODRlNDgxNzIxZThkMg==_mtc.dat
2026-07-01 04:40:26.311703(+0530)[7128:7900] DBG ZMachineTunnelFileUtils::readAndDecrypt: filepath C:\ProgramData\Zscaler/Zjg1MDQ3MmZlMGIzZGFjNWEyZWE1NWU3YTVkODVkMzU2NjVlZjlmYmEwNGI3NDNjNGMxODRlNDgxNzIxZThkMg==_mtt.dat
2026-07-01 04:40:26.311703(+0530)[7128:7900] ERR ZMachineTunnelFileUtils::readFromFile: file open failed: C:\ProgramData\Zscaler/Zjg1MDQ3MmZlMGIzZGFjNWEyZWE1NWU3YTVkODVkMzU2NjVlZjlmYmEwNGI3NDNjNGMxODRlNDgxNzIxZThkMg==_mtt.dat
2026-07-01 04:40:26.311703(+0530)[7128:7900] DBG machine tunnel zpn, tunnel token decrypted and loaded successful (ziaCloudName=, maHostname=)
2026-07-01 04:40:26.311703(+0530)[7128:7900] ERR Machine Tunnel:onPolicyDownloadTimer: Failed to read the machine tunnel config data
2026-07-01 04:40:26.311703(+0530)[7128:7900] INF ZSATrayAuth::stopZPAMachineTunnel done
2026-07-01 04:40:26.311703(+0530)[7128:7900] INF ZEventsTransmitter: Resetting idle event.
2026-07-01 04:40:26.423123(+0530)[7128:7900] INF ZEvents::waitForPendingEvents wait completed after timeout. 1 pending events
2026-07-01 04:40:26.423123(+0530)[7128:7900] INF ZEvents: clearing 1 events from ZEvents queue.
2026-07-01 04:40:26.423123(+0530)[7128:7900] INF ZEvents::stopTransmitter: transmitterThread is not running
2026-07-01 04:40:26.423123(+0530)[7128:7900] INF ZEvents setPolicy: ZDX enabled='0', ZCC enabled='0'; collect machine info 0, user info 0
2026-07-01 04:40:26.423123(+0530)[7128:7900] INF ZEvents setPolicy: feature disabled. Stopping...
2026-07-01 04:40:26.423123(+0530)[7128:7900] INF ZEvents::stopTransmitter: transmitterThread is not running
2026-07-01 04:40:26.423123(+0530)[7128:7900] INF ZEvents setPolicy: success? 1
2026-07-01 04:40:26.423123(+0530)[7128:7900] INF ZEvents setPolicy: ZDX enabled='0', ZCC enabled='0'; collect machine info 0, user info 0
2026-07-01 04:40:26.423123(+0530)[7128:7900] INF ZEvents setPolicy: feature disabled. Stopping...
2026-07-01 04:40:26.423123(+0530)[7128:7900] INF ZEvents::stopTransmitter: transmitterThread is not running
2026-07-01 04:40:26.423123(+0530)[7128:7900] INF ZEvents setPolicy: success? 1
2026-07-01 04:40:26.423123(+0530)[7128:7900] ERR ZEvents lib already initialized
2026-07-01 04:40:26.423123(+0530)[7128:7900] INF ZEvents set source: 0
2026-07-01 04:40:26.423123(+0530)[7128:7900] INF ZPC: Stopping Packet Captures! [stopTunnelPacketDumpAlso:0, updateLabel:0, notifyUser:0]
2026-07-01 04:40:26.438970(+0530)[7128:7900] INF ZPC: No instance is running currently to stop.
2026-07-01 04:40:26.438970(+0530)[7128:7900] INF Stopping RPC Listener
2026-07-01 04:40:26.438970(+0530)[7128:7900] INF RPC Listener stopped
2026-07-01 04:40:26.438970(+0530)[7128:7900] INF ServerInterface RPC server unregister success.
2026-07-01 04:40:26.438970(+0530)[7128:7900] INF ListenerInterface RPC server unregister success.[interface:TrayMangerRpc]
2026-07-01 04:40:26.438970(+0530)[7128:7900] INF ServerInterface RPC server unregister success.
2026-07-01 04:40:26.438970(+0530)[7128:7900] INF ListenerInterface RPC server unregister success.[interface:TrayMangerTrayRpc]
2026-07-01 04:40:26.438970(+0530)[7128:7900] INF ServerInterface RPC server unregister success.
2026-07-01 04:40:26.438970(+0530)[7128:7900] INF ListenerInterface RPC server unregister success.[interface:TrayManagerCliRpcServer]
2026-07-01 04:40:26.438970(+0530)[7128:7900] DBG ZSAWebViewInstall stopping
2026-07-01 04:40:26.438970(+0530)[7128:7900] DBG Config Dir: C:\ProgramData\Zscaler\log-5BFF858269CC2D4D1FCC83EABC65FEA94E87F2AF
2026-07-01 04:40:26.438970(+0530)[7128:7900] INF ZSAConfigMonitor: Already not running.
2026-07-01 04:40:26.438970(+0530)[7128:7900] INF ZSAConfigMonitor::onCleanUp: Config Monitor successfully stopped
2026-07-01 04:40:26.438970(+0530)[7128:7900] INF ProcessMonitor: stopping
2026-07-01 04:40:26.438970(+0530)[7128:7900] INF ProcessMonitor: stopped
2026-07-01 04:40:26.438970(+0530)[7128:7900] INF MainTimer stopping
2026-07-01 04:40:26.438970(+0530)[7128:6732] INF MainTimer thread exit
2026-07-01 04:40:26.438970(+0530)[7128:7900] INF MainTimer stopped
2026-07-01 04:40:26.438970(+0530)[7128:7900] DBG [ZSAFM] Filtering already stopped
2026-07-01 04:40:26.438970(+0530)[7128:7900] DBG [ZSAFM] Filtering already stopped
2026-07-01 04:40:26.438970(+0530)[7128:7132] INF ZSAServiceBase::stopService: unregistered from power events
2026-07-01 04:40:26.438970(+0530)[7128:7132] INF Service return code: 0
