2026-08-11 06:32:33.704463(+0530)[5308:3448] INF Timezone: India Standard Time, Offset: 19800, Standard Name: India Standard Time, UTC Offset: 19800
2026-08-11 06:32:33.704463(+0530)[5308:3448] INF ZSATrayManager Version: 4.8.0.232
2026-08-11 06:32:33.704463(+0530)[5308:3448] INF ZSATrayManager Architecture: x64
2026-08-11 06:32:33.704463(+0530)[5308:3448] INF UPM Hard Protocol Version: 28
2026-08-11 06:32:33.704463(+0530)[5308:3448] INF UPM Soft Protocol Version: 912
2026-08-11 06:32:33.704463(+0530)[5308:3448] INF ZAD Protocol Version: 4, 1
2026-08-11 06:32:33.706215(+0530)[5308:3448] INF GIT Hash: 8f4d1a1eacfec3e316e9064003d36808c1c70589
2026-08-11 06:32:33.706215(+0530)[5308:3448] INF x64 BINARY (Supports both gov and commercial clouds)
2026-08-11 06:32:33.708224(+0530)[5308:3448] DBG Config Dir: C:\ProgramData\Zscaler
2026-08-11 06:32:33.708224(+0530)[5308:3448] DBG App options initialized successfully
2026-08-11 06:32:33.710232(+0530)[5308:3448] INF ZCCProfile: Init callback function.
2026-08-11 06:32:33.730359(+0530)[5308:7936] INF ZSAServiceBase::serviceMain: registering for power events
2026-08-11 06:32:33.736416(+0530)[5308:7936] INF ZSAServiceBase::serviceMain: registered for suspend-resume, power & battery notifications
2026-08-11 06:32:33.736924(+0530)[5308:7936] INF ZSAServiceBase::registerPowerNotification: registered for 'GUID_TYPICAL_POWER_SAVINGS' power setting notification
2026-08-11 06:32:33.737969(+0530)[5308:7936] INF ZSAServiceBase::registerPowerNotification: registered for 'GUID_POWERSCHEME_PERSONALITY' power setting notification
2026-08-11 06:32:33.744505(+0530)[5308:7936] INF ZSAServiceBase::registerPowerNotification: registered for 'GUID_POWER_SAVING_STATUS' power setting notification
2026-08-11 06:32:33.746542(+0530)[5308:7936] INF ZSAServiceBase::registerPowerNotification: registered for 'GUID_MIN_POWER_SAVINGS' power setting notification
2026-08-11 06:32:33.748549(+0530)[5308:7936] INF ZSAServiceBase::registerPowerNotification: registered for 'GUID_MAX_POWER_SAVINGS' power setting notification
2026-08-11 06:32:33.748549(+0530)[5308:7936] INF ZSAServiceBase::registerPowerNotification: registered for 'GUID_ACDC_POWER_SOURCE' power setting notification
2026-08-11 06:32:33.748549(+0530)[5308:7936] INF ZSAServiceBase::registerPowerNotification: registered for 'GUID_BATTERY_PERCENTAGE_REMAINING' power setting notification
2026-08-11 06:32:33.750557(+0530)[5308:3448] DBG ZSAServiceBase::serviceControllerHandler: service control: SERVICE_CONTROL_POWEREVENT
2026-08-11 06:32:33.750557(+0530)[5308:3448] DBG ZSAServiceBase::serviceControllerHandler: service control: SERVICE_CONTROL_POWEREVENT
2026-08-11 06:32:33.752566(+0530)[5308:7936] INF ZSAServiceBase::registerPowerNotification: registered for 'GUID_CONSOLE_DISPLAY_STATE' power setting notification
2026-08-11 06:32:33.754075(+0530)[5308:3448] DBG ZSAServiceBase::serviceControllerHandler: service control: SERVICE_CONTROL_POWEREVENT
2026-08-11 06:32:33.769717(+0530)[5308:3448] DBG ZSAServiceBase::serviceControllerHandler: service control: SERVICE_CONTROL_POWEREVENT
2026-08-11 06:32:33.769717(+0530)[5308:7936] INF Failure actions is already configured.
2026-08-11 06:32:33.771732(+0530)[5308:3448] DBG ZSAServiceBase::serviceControllerHandler: service control: SERVICE_CONTROL_POWEREVENT
2026-08-11 06:32:33.773743(+0530)[5308:7996] DBG Checking security permission for C:\ProgramData\Zscaler and updating if required
2026-08-11 06:32:33.774750(+0530)[5308:7996] DBG ZSAFileUtils::checkAndSetFileSecurityAttributes called with secType: 1
2026-08-11 06:32:33.774750(+0530)[5308:7996] DBG ZSAFileUtils::checkFileSecurityAttributes called with secType: 1
2026-08-11 06:32:33.774750(+0530)[5308:7996] DBG ZSAFileUtils::checkFileSecurityAttributes Received SecurityDescriptor: D:(A;OICI;FA;;;SY)(A;OICI;FA;;;BA), Expected SecurityDescriptor: D:(A;OICI;FA;;;SY)(A;OICI;FA;;;BA)
2026-08-11 06:32:33.774750(+0530)[5308:7996] DBG Checking security permission for C:\ProgramData\Zscaler and updating if required
2026-08-11 06:32:33.774750(+0530)[5308:7996] DBG ZSAFileUtils::checkAndSetFileSecurityAttributes called with secType: 1
2026-08-11 06:32:33.774750(+0530)[5308:7996] DBG ZSAFileUtils::checkFileSecurityAttributes called with secType: 1
2026-08-11 06:32:33.774750(+0530)[5308:7996] DBG ZSAFileUtils::checkFileSecurityAttributes Received SecurityDescriptor: D:(A;OICI;FA;;;SY)(A;OICI;FA;;;BA), Expected SecurityDescriptor: D:(A;OICI;FA;;;SY)(A;OICI;FA;;;BA)
2026-08-11 06:32:33.774750(+0530)[5308:7996] DBG ZSARegistryHelper::setRegistryKeyPermission: Successfully set ACL: 1 for Registry:SOFTWARE\Zscaler Inc.\Zscaler\EXTRA 
2026-08-11 06:32:34.229833(+0530)[5308:3448] DBG ZSAServiceBase::serviceControllerHandler: service control: 130
2026-08-11 06:32:34.986361(+0530)[5308:7996] DBG OpenProcessToken succeeded, enable process token privileges
2026-08-11 06:32:34.986361(+0530)[5308:7996] DBG ZSAServiceRpcClient::getTMStartUpData called.
2026-08-11 06:32:35.034723(+0530)[5308:7996] INF getTMStartUpData result, isSuccess: 1, startUpDataJsonStr: {"sessionInfoEx":{"sessionId":0,"userInfo":{"sessionUserType":1,"wstrDomain":"","wstrUserSid":"S-1-5-18","wstrUsername":"SYSTEM"},"userSessionState":7},"zccLoggedInUserType":1}
2026-08-11 06:32:35.038203(+0530)[5308:7996] DBG ZSATrayManagerService::run startUpDataParseRes : 1 (Error Code: 0)
2026-08-11 06:32:35.038203(+0530)[5308:7996] INF Processing inital user session state. Initial State 7
2026-08-11 06:32:35.038203(+0530)[5308:7996] INF ZEventsTransmitter: Resetting quit event.
2026-08-11 06:32:35.038203(+0530)[5308:7996] INF ZEventsTransmitter: Resetting quit event.
2026-08-11 06:32:35.038203(+0530)[5308:7996] INF ZEvents set source: 2
2026-08-11 06:32:35.038203(+0530)[5308:7996] DBG UserSid: S-1-5-18, sessionId: 0 sha1: 52481749C0CDECD679AC12211A6ACD324226B043
2026-08-11 06:32:35.038203(+0530)[5308:7996] ERR ZSARegistryInterfaceImpl::getValue: failed for Registry: S-1-5-18\SOFTWARE\Zscaler\ LanguageUIChoice, Error: 0x00000002
2026-08-11 06:32:35.038203(+0530)[5308:7996] DBG ZSALocalization::getCurrentUserLangRegValue: Unable to retrieve user language registry value with SID.
2026-08-11 06:32:35.038203(+0530)[5308:7996] INF ZSALocalization::getCurrentUserLangRegValue returning <no value>
2026-08-11 06:32:35.038203(+0530)[5308:7996] ERR RegGetValue Failed. [lRes:2, LastErrorCode:0x00000000]
2026-08-11 06:32:35.038203(+0530)[5308:7996] INF ZSALocalization::GetUserDefaultLocaleName succeeded. [localeName:en-IN]
2026-08-11 06:32:35.038203(+0530)[5308:7996] INF ZSALocalization: got lang reg value 'en'current system locale
2026-08-11 06:32:35.038203(+0530)[5308:7996] INF ZSALocalization: returning language: 9
2026-08-11 06:32:35.038203(+0530)[5308:7996] ERR Either pSmBiosTable is null or invalid stringIndex. [stringIndex:0]
2026-08-11 06:32:35.038203(+0530)[5308:7996] WAR Failed to parse Named Domain from registry value
2026-08-11 06:32:35.038203(+0530)[5308:7996] DBG ZCCProfile:readAndStoreInstallParams: Keys Added: 6
2026-08-11 06:32:35.038203(+0530)[5308:7996] ERR Either pSmBiosTable is null or invalid stringIndex. [stringIndex:0]
2026-08-11 06:32:35.038203(+0530)[5308:7988] DBG [findFilesAndOperateV2] Operating on C:\ProgramData\Zscaler
2026-08-11 06:32:35.044751(+0530)[5308:7996] INF OS Branding: Microsoft Windows 11 Enterprise
2026-08-11 06:32:35.044751(+0530)[5308:7996] INF OS: Microsoft Windows 11 Enterprise
2026-08-11 06:32:35.044751(+0530)[5308:7988] DBG [findFilesAndOperateV2] Operating on C:\ProgramData\Zscaler\log-5BFF858269CC2D4D1FCC83EABC65FEA94E87F2AF
2026-08-11 06:32:35.044751(+0530)[5308:7996] DBG User Name retrieved from Reg: 
2026-08-11 06:32:35.044751(+0530)[5308:7996] INF ImpersonateLoggedOnUser() for sessionID: 0
2026-08-11 06:32:35.044751(+0530)[5308:7996] ERR WTSQueryUserToken failed; error: 0x000003F0
2026-08-11 06:32:35.044751(+0530)[5308:7996] ERR impersonateLoggedOnUser() failed, unable to read owner information
2026-08-11 06:32:35.044751(+0530)[5308:7996] INF Owner: 
2026-08-11 06:32:35.044751(+0530)[5308:7996] DBG getCloudNamefromMAHostName: Searching maAltenamePrefix=mobile6. (maHostname=, maHonamePrefix=mobile.)
2026-08-11 06:32:35.044751(+0530)[5308:7996] INF EnableFips: 0
2026-08-11 06:32:35.044751(+0530)[5308:7996] INF LWF Config Override: [0], Registry: [0], Architecture: [0]
2026-08-11 06:32:35.044751(+0530)[5308:7996] ERR ZSARegistryInterfaceImpl::getValue: failed for Registry: SOFTWARE\Zscaler Inc.\Zscaler\EXTRA\ VHSignature, Error: 0x00000002
2026-08-11 06:32:35.044751(+0530)[5308:7996] DBG getHardwareID:purpose: user_tunnel_generic, version: 3, hwid: Zjg1MDQ3MmZlMGIzZGFjNWEyZWE1NWU3YTVkODVkMzU2NjVlZjlmYmEwNGI3NDNjNGMxODRlNDgxNzIxZThkMg==
2026-08-11 06:32:35.044751(+0530)[5308:7996] INF Hardware ID: Zjg1MDQ3MmZlMGIzZGFjNWEyZWE1NWU3YTVkODVkMzU2NjVlZjlmYmEwNGI3NDNjNGMxODRlNDgxNzIxZThkMg==
2026-08-11 06:32:35.044751(+0530)[5308:7996] ERR ZSARegistryInterfaceImpl::getValue: failed for Registry: SOFTWARE\Zscaler Inc.\Zscaler\EXTRA\ VHSignature, Error: 0x00000002
2026-08-11 06:32:35.044751(+0530)[5308:7996] ERR Either pSmBiosTable is null or invalid stringIndex. [stringIndex:0]
2026-08-11 06:32:35.057973(+0530)[5308:7988] DBG [findFilesAndOperateV2] Operation done on C:\ProgramData\Zscaler\log-5BFF858269CC2D4D1FCC83EABC65FEA94E87F2AF
2026-08-11 06:32:35.059989(+0530)[5308:7988] DBG [findFilesAndOperateV2] Operating on C:\ProgramData\Zscaler\ZEP
2026-08-11 06:32:35.059989(+0530)[5308:7988] DBG [findFilesAndOperateV2] Operating on C:\ProgramData\Zscaler\ZEP\Logs
2026-08-11 06:32:35.059989(+0530)[5308:7988] DBG [findFilesAndOperateV2] Operation done on C:\ProgramData\Zscaler\ZEP\Logs
2026-08-11 06:32:35.059989(+0530)[5308:7988] DBG [findFilesAndOperateV2] Operation done on C:\ProgramData\Zscaler\ZEP
2026-08-11 06:32:35.062001(+0530)[5308:7988] DBG [findFilesAndOperateV2] Operation done on C:\ProgramData\Zscaler
2026-08-11 06:32:35.088738(+0530)[5308:7996] DBG machineUID is 55MBVC4
2026-08-11 06:32:35.088738(+0530)[5308:7996] DBG serialNumber is 55MBVC4
2026-08-11 06:32:35.088738(+0530)[5308:7996] DBG udid is 55MBVC4:52481749C0CDECD679AC12211A6ACD324226B043
2026-08-11 06:32:35.088738(+0530)[5308:7996] INF HideUIOnLaunch: 0
2026-08-11 06:32:35.090753(+0530)[5308:7996] INF StrictEnforcement: 0
2026-08-11 06:32:35.090753(+0530)[5308:7996] INF Log level init.
2026-08-11 06:32:35.090753(+0530)[5308:7996] ERR Either pSmBiosTable is null or invalid stringIndex. [stringIndex:0]
2026-08-11 06:32:35.090753(+0530)[5308:7996] DBG ZSAOSUtil::readStringFromReg. Reg key: HARDWARE\DESCRIPTION\System\BIOS\SystemManufacturer, value: Dell Inc.
2026-08-11 06:32:35.090753(+0530)[5308:7996] INF Manufacturer retrieved from Reg: Dell Inc.
2026-08-11 06:32:35.090753(+0530)[5308:7996] INF Manufacturer: [Dell Inc.]
2026-08-11 06:32:35.090753(+0530)[5308:7996] DBG ZSAOSUtil::readStringFromReg. Reg key: HARDWARE\DESCRIPTION\System\BIOS\SystemProductName, value: Dell Pro 14 Plus PB14250
2026-08-11 06:32:35.090753(+0530)[5308:7996] INF Model retrieved from Reg: Dell Pro 14 Plus PB14250
2026-08-11 06:32:35.090753(+0530)[5308:7996] INF model: [Dell Pro 14 Plus PB14250]
2026-08-11 06:32:35.090753(+0530)[5308:7996] INF Resetting domain and loginName as user isn't enrolled
2026-08-11 06:32:35.090753(+0530)[5308:7996] DBG User Domain retrieved from Reg: nielseniq.com
2026-08-11 06:32:35.090753(+0530)[5308:7996] INF Domain: [nielseniq.com]
2026-08-11 06:32:35.090753(+0530)[5308:7996] INF isSeedDomainConfigured: [true]
2026-08-11 06:32:35.090753(+0530)[5308:7996] DBG User Name retrieved from Reg: 
2026-08-11 06:32:35.090753(+0530)[5308:7996] INF isSeedUsernameConfigured: [false]
2026-08-11 06:32:35.090753(+0530)[5308:7996] INF User enrolled: [0]
2026-08-11 06:32:35.090753(+0530)[5308:7996] INF ExternalDeviceID is Empty
2026-08-11 06:32:35.090753(+0530)[5308:7996] DBG ExternalDeviceID retrieved from Registry: 
2026-08-11 06:32:35.090753(+0530)[5308:7996] INF ExternalDeviceId: []
2026-08-11 06:32:35.090753(+0530)[5308:7996] INF manufacturer: [Dell Inc.], os_version: [10.0.26100], device_model: [Dell Pro 14 Plus PB14250]
2026-08-11 06:32:35.090753(+0530)[5308:7996] INF Service: ZSAUpm, isServiceInstalled: 1
2026-08-11 06:32:35.092767(+0530)[5308:7996] DBG CDistroFilePaths::PopulatePath_ForComponent: Populated deploy path for component 'ZSAUpm.exe' as 'C:\Program Files\Zscaler'
2026-08-11 06:32:35.092767(+0530)[5308:7996] INF ZDX Binary Path: C:\Program Files\Zscaler\ZSAUpm\ZSAUpm.exe
2026-08-11 06:32:35.097840(+0530)[5308:7996] INF ZDP Binary Path: C:\Program Files\Zscaler\ZDP\ZDPService.exe
2026-08-11 06:32:35.097840(+0530)[5308:7996] DBG Failed to open service 'ZDPService'; error: 0x00000424
2026-08-11 06:32:35.097840(+0530)[5308:7996] INF Service: ZDPService, isServiceInstalled: 0
2026-08-11 06:32:35.097840(+0530)[5308:7996] ERR ZDP Service is not installed on the machine.
2026-08-11 06:32:35.097840(+0530)[5308:7996] DBG Config Dir: C:\ProgramData\Zscaler
2026-08-11 06:32:35.097840(+0530)[5308:7996] WAR ZAD:: Install json was not found. Was it installed?
2026-08-11 06:32:35.097840(+0530)[5308:7996] WAR ZAD:: Install json invalid/missing
2026-08-11 06:32:35.097840(+0530)[5308:7996] ERR ZAD: Failed to get service bin path. Service name missing
2026-08-11 06:32:35.097840(+0530)[5308:7996] WAR ZAD:: Failed to get protocol version. Could not get service path
2026-08-11 06:32:35.256295(+0530)[5308:7996] INF ZEPSdk: GetZEPProductVersion return value: 26.05.0.36
2026-08-11 06:32:35.262338(+0530)[5308:7996] DBG Config Dir: C:\ProgramData\Zscaler
2026-08-11 06:32:35.262338(+0530)[5308:7996] INF ZSAConfiguration constructor
2026-08-11 06:32:35.262338(+0530)[5308:7996] ERR No DDILConfigFilePath retrieved from registry
2026-08-11 06:32:35.262338(+0530)[5308:7996] ERR No DDILMAPublicKeyHash retrieved from registry
2026-08-11 06:32:35.262338(+0530)[5308:7996] DBG Config Dir: C:\ProgramData\Zscaler
2026-08-11 06:32:35.262338(+0530)[5308:7996] INF getDDILConfig: configfile: []
2026-08-11 06:32:35.262338(+0530)[5308:7996] INF DDILConfig: DDIL Config JSON is empty
2026-08-11 06:32:35.262338(+0530)[5308:7996] INF DDILState: cleared DDIL configuration
2026-08-11 06:32:35.262338(+0530)[5308:7996] ERR processDDILConfiguration: DDIL configuration not processed
2026-08-11 06:32:35.262338(+0530)[5308:7996] DBG getCloudNamefromMAHostName: Searching maAltenamePrefix=mobile6. (maHostname=, maHonamePrefix=mobile.)
2026-08-11 06:32:35.262338(+0530)[5308:7996] INF Getting local machine ROOT certificates.
2026-08-11 06:32:35.270421(+0530)[5308:7996] INF Getting local machine CA certificates.
2026-08-11 06:32:35.274696(+0530)[5308:7996] INF Auth::Lib::initializeAuthenticationLibrary: Called: 59
2026-08-11 06:32:35.274696(+0530)[5308:7996] INF Auth::Crypto::getCertExpiryDaySec: Certificate is not valid after: Jan 15 12:00:00 2038 GMT
2026-08-11 06:32:35.274696(+0530)[5308:7996] INF Auth::Crypto::getCertExpiryDaySec: Certificate is not valid after: Oct 25 08:30:35 2036 GMT
2026-08-11 06:32:35.274696(+0530)[5308:7996] INF Auth::Crypto::getCertExpiryDaySec: Certificate is not valid after: May  9 23:28:13 2021 GMT
2026-08-11 06:32:35.274696(+0530)[5308:7996] INF Skip expired certificate
2026-08-11 06:32:35.274696(+0530)[5308:7996] INF Auth::Crypto::getCertExpiryDaySec: Certificate is not valid after: Dec 31 23:59:59 2020 GMT
2026-08-11 06:32:35.274696(+0530)[5308:7996] INF Skip expired certificate
2026-08-11 06:32:35.274696(+0530)[5308:7996] INF Auth::Crypto::getCertExpiryDaySec: Certificate is not valid after: Dec 31 07:00:00 2020 GMT
2026-08-11 06:32:35.274696(+0530)[5308:7996] INF Skip expired certificate
2026-08-11 06:32:35.274696(+0530)[5308:7996] INF Auth::Crypto::getCertExpiryDaySec: Certificate is not valid after: Sep 15 00:00:00 2030 GMT
2026-08-11 06:32:35.274696(+0530)[5308:7996] INF Auth::Crypto::getCertExpiryDaySec: Certificate is not valid after: Mar 14 23:59:59 2032 GMT
2026-08-11 06:32:35.274696(+0530)[5308:7996] INF Auth::Crypto::getCertExpiryDaySec: Certificate is not valid after: Dec 31 23:59:59 2037 GMT
2026-08-11 06:32:35.276744(+0530)[5308:7996] INF Auth::Crypto::getCertExpiryDaySec: Certificate is not valid after: Mar 22 22:13:04 2036 GMT
2026-08-11 06:32:35.276744(+0530)[5308:7996] INF Auth::Crypto::getCertExpiryDaySec: Certificate is not valid after: Dec 31 23:59:59 1999 GMT
2026-08-11 06:32:35.276744(+0530)[5308:7996] INF Skip expired certificate
2026-08-11 06:32:35.276744(+0530)[5308:7996] INF Auth::Crypto::getCertExpiryDaySec: Certificate is not valid after: Jul 12 10:20:03 2038 GMT
2026-08-11 06:32:35.276744(+0530)[5308:7996] INF Auth::Crypto::getCertExpiryDaySec: Certificate is not valid after: Feb 19 00:02:41 2031 GMT
2026-08-11 06:32:35.276744(+0530)[5308:7996] INF Auth::Crypto::getCertExpiryDaySec: Certificate is not valid after: Nov 10 00:00:00 2031 GMT
2026-08-11 06:32:35.276744(+0530)[5308:7996] INF Auth::Crypto::getCertExpiryDaySec: Certificate is not valid after: Jun 23 22:04:01 2035 GMT
2026-08-11 06:32:35.276744(+0530)[5308:7996] INF Auth::Crypto::getCertExpiryDaySec: Certificate is not valid after: Feb 27 21:00:12 2043 GMT
2026-08-11 06:32:35.276744(+0530)[5308:7996] INF Auth::Crypto::getCertExpiryDaySec: Certificate is not valid after: Dec 30 23:59:59 1999 GMT
2026-08-11 06:32:35.276744(+0530)[5308:7996] INF Skip expired certificate
2026-08-11 06:32:35.276744(+0530)[5308:7996] INF Auth::Crypto::getCertExpiryDaySec: Certificate is not valid after: Jan  7 23:59:59 2004 GMT
2026-08-11 06:32:35.276744(+0530)[5308:7996] INF Skip expired certificate
2026-08-11 06:32:35.276744(+0530)[5308:7996] INF Auth::Crypto::getCertExpiryDaySec: Certificate is not valid after: Jun 20 16:38:20 2052 GMT
2026-08-11 06:32:35.276744(+0530)[5308:7996] INF Auth::Crypto::getCertExpiryDaySec: Certificate is not valid after: Feb 27 20:50:46 2043 GMT
2026-08-11 06:32:35.276744(+0530)[5308:7996] INF Auth::Crypto::getCertExpiryDaySec: Certificate is not valid after: Nov 10 00:00:00 2031 GMT
2026-08-11 06:32:35.276744(+0530)[5308:7996] INF Auth::Crypto::getCertExpiryDaySec: Certificate is not valid after: Oct 22 22:15:19 2039 GMT
2026-08-11 06:32:35.276744(+0530)[5308:7996] INF Auth::Crypto::getCertExpiryDaySec: Certificate is not valid after: Apr 16 18:44:40 2045 GMT
2026-08-11 06:32:35.276744(+0530)[5308:7996] INF Auth::Crypto::getCertExpiryDaySec: Certificate is not valid after: Jan 15 12:00:00 2038 GMT
2026-08-11 06:32:35.276744(+0530)[5308:7996] INF Auth::Crypto::getCertExpiryDaySec: Certificate is not valid after: Mar 17 18:33:33 2021 GMT
2026-08-11 06:32:35.276744(+0530)[5308:7996] INF Skip expired certificate
2026-08-11 06:32:35.276744(+0530)[5308:7996] INF Auth::Crypto::getCertExpiryDaySec: Certificate is not valid after: Mar 18 10:00:00 2029 GMT
2026-08-11 06:32:35.276744(+0530)[5308:7996] INF Auth::Crypto::getCertExpiryDaySec: Certificate is not valid after: Dec 31 23:59:59 2028 GMT
2026-08-11 06:32:35.278759(+0530)[5308:7996] INF Auth::Crypto::getCertExpiryDaySec: Certificate is not valid after: Jan 18 23:59:59 2038 GMT
2026-08-11 06:32:35.278759(+0530)[5308:7996] INF Auth::Crypto::getCertExpiryDaySec: Certificate is not valid after: Mar 21 23:59:59 2046 GMT
2026-08-11 06:32:35.278759(+0530)[5308:7996] INF Auth::Crypto::getCertExpiryDaySec: Certificate is not valid after: Jun  4 11:04:38 2035 GMT
2026-08-11 06:32:35.278759(+0530)[5308:7996] INF Auth::Crypto::getCertExpiryDaySec: Certificate is not valid after: Feb 12 17:39:39 2041 GMT
2026-08-11 06:32:35.278759(+0530)[5308:7996] INF Auth::Crypto::getCertExpiryDaySec: Certificate is not valid after: Jan 28 12:00:00 2028 GMT
2026-08-11 06:32:35.278759(+0530)[5308:7996] INF Auth::Crypto::getCertExpiryDaySec: Certificate is not valid after: Nov 10 00:00:00 2031 GMT
2026-08-11 06:32:35.278759(+0530)[5308:7996] INF Auth::Crypto::getCertExpiryDaySec: Certificate is not valid after: Jul 16 23:59:59 2036 GMT
2026-08-11 06:32:35.278759(+0530)[5308:7996] INF Auth::Crypto::getCertExpiryDaySec: Certificate is not valid after: Dec  7 17:55:54 2030 GMT
2026-08-11 06:32:35.278759(+0530)[5308:7996] INF Auth::Crypto::getCertExpiryDaySec: Certificate is not valid after: Dec 10 00:00:00 2034 GMT
2026-08-11 06:32:35.278759(+0530)[5308:7996] INF Auth::Crypto::getCertExpiryDaySec: Certificate is not valid after: Jan 15 12:00:00 2038 GMT
2026-08-11 06:32:35.278759(+0530)[5308:7996] INF Auth::Crypto::getCertExpiryDaySec: Certificate is not valid after: Aug  1 23:59:59 2028 GMT
2026-08-11 06:32:35.278759(+0530)[5308:7996] INF Auth::Crypto::getCertExpiryDaySec: Certificate is not valid after: Jan 14 23:59:59 2046 GMT
2026-08-11 06:32:35.278759(+0530)[5308:7996] INF Auth::Crypto::getCertExpiryDaySec: Certificate is not valid after: Jul 24 14:15:12 2029 GMT
2026-08-11 06:32:35.278759(+0530)[5308:7996] INF Auth::Crypto::getCertExpiryDaySec: Certificate is not valid after: Mar 18 00:00:00 2045 GMT
2026-08-11 06:32:35.278759(+0530)[5308:7996] INF Auth::Crypto::getCertExpiryDaySec: Certificate is not valid after: Jul 16 23:59:59 2036 GMT
2026-08-11 06:32:35.278759(+0530)[5308:7996] INF Auth::Crypto::getCertExpiryDaySec: Certificate is not valid after: Dec 31 23:59:59 2037 GMT
2026-08-11 06:32:35.278759(+0530)[5308:7996] INF Auth::Crypto::getCertExpiryDaySec: Certificate is not valid after: Sep 17 19:46:36 2036 GMT
2026-08-11 06:32:35.278759(+0530)[5308:7996] INF Auth::Crypto::getCertExpiryDaySec: Certificate is not valid after: Dec  1 23:59:59 2037 GMT
2026-08-11 06:32:35.278759(+0530)[5308:7996] INF Auth::Crypto::getCertExpiryDaySec: Certificate is not valid after: Jan 18 23:59:59 2038 GMT
2026-08-11 06:32:35.278759(+0530)[5308:7996] INF Auth::Crypto::getCertExpiryDaySec: Certificate is not valid after: Dec 31 23:59:59 2039 GMT
2026-08-11 06:32:35.280775(+0530)[5308:7996] INF Auth::Crypto::getCertExpiryDaySec: Certificate is not valid after: May  7 19:54:23 2030 GMT
2026-08-11 06:32:35.280775(+0530)[5308:7996] INF Auth::Crypto::getCertExpiryDaySec: Certificate is not valid after: Jun 25 21:27:11 2032 GMT
2026-08-11 06:32:35.280775(+0530)[5308:7996] INF Auth::Crypto::getCertExpiryDaySec: Certificate is not valid after: May  7 19:54:30 2030 GMT
2026-08-11 06:32:35.280775(+0530)[5308:7996] INF Auth::Crypto::getCertExpiryDaySec: Certificate is not valid after: Oct 24 23:59:59 2016 GMT
2026-08-11 06:32:35.280775(+0530)[5308:7996] INF Skip expired certificate
2026-08-11 06:32:35.280775(+0530)[5308:7996] INF Auth::Crypto::getCertExpiryDaySec: Certificate is not valid after: Dec 10 21:39:28 2039 GMT
2026-08-11 06:32:35.280775(+0530)[5308:7996] INF Auth::Crypto::getCertExpiryDaySec: Certificate is not valid after: Jul 20 13:59:17 2028 GMT
2026-08-11 06:32:35.280775(+0530)[5308:7996] INF Auth::Crypto::getCertExpiryDaySec: Certificate is not valid after: Jul 20 12:56:39 2028 GMT
2026-08-11 06:32:35.280775(+0530)[5308:7996] INF Auth::Crypto::getCertExpiryDaySec: Certificate is not valid after: Apr 28 23:59:59 2036 GMT
2026-08-11 06:32:35.280775(+0530)[5308:7996] INF Auth::Crypto::getCertExpiryDaySec: Certificate is not valid after: May  7 19:54:16 2030 GMT
2026-08-11 06:32:35.280775(+0530)[5308:7996] INF Auth::Crypto::getCertExpiryDaySec: Certificate is not valid after: Sep 15 00:00:00 2028 GMT
2026-08-11 06:32:35.280775(+0530)[5308:7996] INF Auth::Crypto::getCertExpiryDaySec: Certificate is not valid after: Jun 25 21:27:05 2032 GMT
2026-08-11 06:32:35.280775(+0530)[5308:7996] INF Auth::Crypto::getCertExpiryDaySec: Certificate is not valid after: Sep 15 00:00:00 2028 GMT
2026-08-11 06:32:35.280775(+0530)[5308:7996] INF Auth::Crypto::getCertExpiryDaySec: Certificate is not valid after: Dec 31 07:00:00 2002 GMT
2026-08-11 06:32:35.280775(+0530)[5308:7996] INF Skip expired certificate
2026-08-11 06:32:35.280775(+0530)[5308:7996] INF Auth::Lib:loadSSLCerts: Called: 56
2026-08-11 06:32:35.291896(+0530)[5308:7996] INF Auth::Lib::loadSSLCerts: Number of CA certs loaded: 53
2026-08-11 06:32:35.291896(+0530)[5308:7996] INF Auth::Lib::initializeAuthenticationLibrary: Finish
2026-08-11 06:32:35.294418(+0530)[5308:7996] INF ZSATrayManagerUtil::isIPv4Capable exception: Host not found: ipv4only.arpa.
2026-08-11 06:32:35.294418(+0530)[5308:7996] INF ZSATrayManagerUtil:: Changed Poco::Net::AFLT to 23
2026-08-11 06:32:35.294418(+0530)[5308:7996] INF Getting local machine ROOT certificates.
2026-08-11 06:32:35.304533(+0530)[5308:7996] INF Getting local machine CA certificates.
2026-08-11 06:32:35.308590(+0530)[5308:7996] DBG getCloudNamefromMAHostName: Searching maAltenamePrefix=mobile6. (maHostname=, maHonamePrefix=mobile.)
2026-08-11 06:32:35.308590(+0530)[5308:7996] INF One::ID::initialize OneId Lib with: 59 certs
2026-08-11 06:32:35.308590(+0530)[5308:7996] INF One::ID::Skip expired certificate
2026-08-11 06:32:35.308590(+0530)[5308:7996] INF One::ID::Skip expired certificate
2026-08-11 06:32:35.308590(+0530)[5308:7996] INF One::ID::Skip expired certificate
2026-08-11 06:32:35.310605(+0530)[5308:7996] INF One::ID::Skip expired certificate
2026-08-11 06:32:35.310605(+0530)[5308:7996] INF One::ID::Skip expired certificate
2026-08-11 06:32:35.310605(+0530)[5308:7996] INF One::ID::Skip expired certificate
2026-08-11 06:32:35.310605(+0530)[5308:7996] INF One::ID::Skip expired certificate
2026-08-11 06:32:35.312619(+0530)[5308:7996] INF One::ID::Skip expired certificate
2026-08-11 06:32:35.312619(+0530)[5308:7996] INF One::ID::Skip expired certificate
2026-08-11 06:32:35.312619(+0530)[5308:7996] INF One::ID:loadSSLCerts: 56
2026-08-11 06:32:35.316681(+0530)[5308:7996] INF One::ID::loadSSLCerts: Number of CA certs loaded: 53
2026-08-11 06:32:35.318693(+0530)[5308:7996] INF One::ID::initialize: Finish
2026-08-11 06:32:35.318693(+0530)[5308:7996] ERR Either pSmBiosTable is null or invalid stringIndex. [stringIndex:0]
2026-08-11 06:32:35.318693(+0530)[5308:7996] ERR ZSAEncryptedFile::readFromFile: file open failed: The system cannot find the file specified.
2026-08-11 06:32:35.318693(+0530)[5308:7996] ERR Either pSmBiosTable is null or invalid stringIndex. [stringIndex:0]
2026-08-11 06:32:35.318693(+0530)[5308:7996] INF Checking if MachineTunnelFile exists at path: [C:\ProgramData\Zscaler/Zjg1MDQ3MmZlMGIzZGFjNWEyZWE1NWU3YTVkODVkMzU2NjVlZjlmYmEwNGI3NDNjNGMxODRlNDgxNzIxZThkMg==_mtc.dat]
2026-08-11 06:32:35.318693(+0530)[5308:7996] ERR machine tunnel, tunnel config file doesn't exist
2026-08-11 06:32:35.318693(+0530)[5308:7996] INF ZMachineTunnelManager, mtTunnelVersion: 6
2026-08-11 06:32:35.318693(+0530)[5308:7996] DBG startMachineTunnelIfRequired: checking config
2026-08-11 06:32:35.318693(+0530)[5308:7996] ERR Either pSmBiosTable is null or invalid stringIndex. [stringIndex:0]
2026-08-11 06:32:35.318693(+0530)[5308:7996] INF Checking if MachineTunnelFile exists at path: [C:\ProgramData\Zscaler/Zjg1MDQ3MmZlMGIzZGFjNWEyZWE1NWU3YTVkODVkMzU2NjVlZjlmYmEwNGI3NDNjNGMxODRlNDgxNzIxZThkMg==_mtc.dat]
2026-08-11 06:32:35.318693(+0530)[5308:7996] ERR machine tunnel, tunnel config file doesn't exist
2026-08-11 06:32:35.318693(+0530)[5308:7996] ERR Either pSmBiosTable is null or invalid stringIndex. [stringIndex:0]
2026-08-11 06:32:35.318693(+0530)[5308:7996] DBG ZMachineTunnelFileUtils::readAndDecrypt: filepath C:\ProgramData\Zscaler/Zjg1MDQ3MmZlMGIzZGFjNWEyZWE1NWU3YTVkODVkMzU2NjVlZjlmYmEwNGI3NDNjNGMxODRlNDgxNzIxZThkMg==_mtt.dat
2026-08-11 06:32:35.318693(+0530)[5308:7996] ERR ZSAEncryptedFile::readFromFile: file open failed: The system cannot find the file specified.
2026-08-11 06:32:35.318693(+0530)[5308:7996] DBG machine tunnel zpn, tunnel token decrypted and loaded successful (ziaCloudName=, maHostname=)
2026-08-11 06:32:35.318693(+0530)[5308:7996] INF ZPA machine tunnel is not configured, try fetching token from policy
2026-08-11 06:32:35.320707(+0530)[5308:7996] ERR Either pSmBiosTable is null or invalid stringIndex. [stringIndex:0]
2026-08-11 06:32:35.320707(+0530)[5308:7996] DBG ZMachineTunnelFileUtils::readAndDecrypt: filepath C:\ProgramData\Zscaler/Zjg1MDQ3MmZlMGIzZGFjNWEyZWE1NWU3YTVkODVkMzU2NjVlZjlmYmEwNGI3NDNjNGMxODRlNDgxNzIxZThkMg==_mtt.dat
2026-08-11 06:32:35.320707(+0530)[5308:7996] ERR ZSAEncryptedFile::readFromFile: file open failed: The system cannot find the file specified.
2026-08-11 06:32:35.320707(+0530)[5308:7996] DBG machine tunnel zpn, tunnel token decrypted and loaded successful (ziaCloudName=, maHostname=)
2026-08-11 06:32:35.320707(+0530)[5308:7996] ERR fetchPolicybyToken:: Machine tunnel: machine config doesn't exist
2026-08-11 06:32:35.320707(+0530)[5308:7996] DBG ZMachineTunnelFileUtils::readAndDecrypt: filepath C:\ProgramData\Zscaler/ZccMachineConfig_clp.dat
2026-08-11 06:32:35.320707(+0530)[5308:7996] ERR ZSAEncryptedFile::readFromFile: file open failed: The system cannot find the file specified.
2026-08-11 06:32:35.320707(+0530)[5308:7996] ERR Machine tunnel: failed to read/empty policyToken from reg
2026-08-11 06:32:35.320707(+0530)[5308:7996] ERR Either pSmBiosTable is null or invalid stringIndex. [stringIndex:0]
2026-08-11 06:32:35.320707(+0530)[5308:7996] DBG ZMachineTunnelFileUtils::readAndDecrypt: filepath C:\ProgramData\Zscaler/Zjg1MDQ3MmZlMGIzZGFjNWEyZWE1NWU3YTVkODVkMzU2NjVlZjlmYmEwNGI3NDNjNGMxODRlNDgxNzIxZThkMg==_mtt.dat
2026-08-11 06:32:35.320707(+0530)[5308:7996] ERR ZSAEncryptedFile::readFromFile: file open failed: The system cannot find the file specified.
2026-08-11 06:32:35.320707(+0530)[5308:7996] DBG machine tunnel zpn, tunnel token decrypted and loaded successful (ziaCloudName=, maHostname=)
2026-08-11 06:32:35.320707(+0530)[5308:7996] ERR Machine tunnel: machine config doesn't exist
2026-08-11 06:32:35.320707(+0530)[5308:7996] INF Machine tunnel: policyFetchStatus: , policyFetchTime: 2026-08-11-06-32-35.320707
2026-08-11 06:32:35.320707(+0530)[5308:7996] ERR Machine tunnel: skipping start as policy fetch failed
2026-08-11 06:32:35.320707(+0530)[5308:7996] INF [ZSAMonitoringTimer] After updateMtRetryParams: isRetryRequired: 0, isExpBackoffReqd: 0, nextRetryInterval: 65535 secs, nextRetryTime: 65535 secs
2026-08-11 06:32:35.320707(+0530)[5308:7996] DBG sessionId -1, startMachineTunnelIfRequired. [errCode:6]
2026-08-11 06:32:35.320707(+0530)[5308:7996] INF RPC Listener retry attempts left: 3
2026-08-11 06:32:35.320707(+0530)[5308:7996] INF RPC Listener started
2026-08-11 06:32:35.320707(+0530)[5308:7996] INF Starting MainTimer
2026-08-11 06:32:35.320707(+0530)[5308:7996] INF [Auto Update Monitor] Interval: 7200 sec
2026-08-11 06:32:35.320707(+0530)[5308:7996] INF [Auto Update Monitor] Last Timer: 1786429955 sec
2026-08-11 06:32:35.320707(+0530)[5308:7996] INF [Auto Update Monitor] Next Timer: 0 sec
2026-08-11 06:32:35.320707(+0530)[5308:7996] INF MainTimer started
2026-08-11 06:32:35.320707(+0530)[5308:7996] INF ProcessMonitor: starting
2026-08-11 06:32:35.320707(+0530)[5308:7996] DBG WmiHelper: coInitializeEx called with isCoInitializeEx: 0
2026-08-11 06:32:35.320707(+0530)[5308:7996] INF WmiHelper: The COM library was initialized successfully for WmiHelper
2026-08-11 06:32:35.320707(+0530)[5308:7996] INF WmiHelper: The COM library security initialized
2026-08-11 06:32:35.320707(+0530)[5308:7996] DBG WmiHelper: reInitWmi called! isCoInitializeEx: 1, wmiError: 0
2026-08-11 06:32:35.320707(+0530)[5308:7996] DBG WmiHelper: initWmi called with isInitSuccess: 0
2026-08-11 06:32:35.320707(+0530)[5308:7996] DBG WmiHelper: coInitializeEx called with isCoInitializeEx: 0
2026-08-11 06:32:35.320707(+0530)[5308:7996] INF WmiHelper: The COM library was initialized successfully for WmiHelper
2026-08-11 06:32:35.320707(+0530)[5308:7996] DBG WmiHelper: coInitializeSecurity called with isCoInitializeSecurity: 0
2026-08-11 06:32:35.320707(+0530)[5308:8772] INF MainTimer thread start
2026-08-11 06:32:35.322724(+0530)[5308:8772] DBG Config Dir: C:\ProgramData\Zscaler
2026-08-11 06:32:35.322724(+0530)[5308:8772] DBG checkZADInstall: Checking installed ZAD
2026-08-11 06:32:35.322724(+0530)[5308:8772] DBG Config Dir: C:\ProgramData\Zscaler
2026-08-11 06:32:35.322724(+0530)[5308:8772] WAR ZAD:: Install json was not found. Was it installed?
2026-08-11 06:32:35.322724(+0530)[5308:8772] WAR ZAD:: Install json invalid/missing
2026-08-11 06:32:35.322724(+0530)[5308:8772] WAR ZAD:: Failed to do service check. Service name missing
2026-08-11 06:32:35.322724(+0530)[5308:8772] DBG Config Dir: C:\ProgramData\Zscaler
2026-08-11 06:32:35.322724(+0530)[5308:8772] WAR ZAD:: Install json was not found. Was it installed?
2026-08-11 06:32:35.322724(+0530)[5308:8772] WAR ZAD:: Install json invalid/missing
2026-08-11 06:32:35.322724(+0530)[5308:8772] ERR ZAD: Failed to get service bin path. Service name missing
2026-08-11 06:32:35.322724(+0530)[5308:8772] WAR ZAD:: Failed to get protocol version. Could not get service path
2026-08-11 06:32:35.322724(+0530)[5308:7996] INF WmiHelper: The COM library security was initialized successfully for WmiHelper
2026-08-11 06:32:35.322724(+0530)[5308:7996] DBG WmiHelper: coCreateInstance called with isLocatorSuccess: 0
2026-08-11 06:32:35.328811(+0530)[5308:7996] INF WmiHelper: An instance of the specified object class was successfully created using wmiHelper
2026-08-11 06:32:35.328811(+0530)[5308:7996] DBG WmiHelper: connectServer called with isServiceSuccess: 0
2026-08-11 06:32:35.344532(+0530)[5308:7996] INF WmiHelper: Connection through DCOM to a WMI namespace on the computer successful!
2026-08-11 06:32:35.344532(+0530)[5308:7996] DBG WmiHelper: coSetProxyBlanket called with isCoSetProxyBlanket: 0
2026-08-11 06:32:35.344532(+0530)[5308:7996] INF WmiHelper: CoSetProxyBlanket(): Authentication Information set successfully!
2026-08-11 06:32:35.344532(+0530)[5308:7996] INF WmiHelper: ZSAWmiHelper initiated successfully!
2026-08-11 06:32:35.344532(+0530)[5308:7996] INF WmiHelper: execNotificationQueryAsync called
2026-08-11 06:32:35.376897(+0530)[5308:7996] INF ZSAProcessMonitor::resetWatch res = 1
2026-08-11 06:32:35.376897(+0530)[5308:7996] INF ProcessMonitor: started
2026-08-11 06:32:35.379113(+0530)[5308:7996] DBG ZPCConfig: readConfig: C:\ProgramData\Zscaler\zpcProgress.json
2026-08-11 06:32:35.379113(+0530)[5308:7996] INF ZPCConfig: Failed to open zpcProgress.json in readConfig (exists=0)
2026-08-11 06:32:35.379113(+0530)[5308:7996] DBG ZEvtSub: addSubscription: succeeded adding channel: System, query: Event / System[EventID = 507]
2026-08-11 06:32:35.381126(+0530)[5308:7996] INF SSM:enableEventsAnnotation : 1
2026-08-11 06:32:35.404386(+0530)[5308:8772] INF ZEPSdk: GetZEPProductVersion return value: 26.05.0.36
2026-08-11 06:32:37.479454(+0530)[5308:8772] INF ZEPSdk: GetZEPProductVersion return value: 26.05.0.36
2026-08-11 06:32:37.731974(+0530)[5308:3448] DBG ZSAServiceBase::serviceControllerHandler: service control: SERVICE_CONTROL_POWEREVENT
2026-08-11 06:32:39.629576(+0530)[5308:8772] INF ZEPSdk: GetZEPProductVersion return value: 26.05.0.36
2026-08-11 06:32:41.694708(+0530)[5308:8772] INF ZEPSdk: GetZEPProductVersion return value: 26.05.0.36
2026-08-11 06:32:43.711958(+0530)[5308:7916] INF [LogMon] updateLogFilesAcl: triggered
2026-08-11 06:32:43.711958(+0530)[5308:7988] DBG [findFilesAndOperateV2] Operating on C:\ProgramData\Zscaler
2026-08-11 06:32:43.711958(+0530)[5308:7988] DBG [findFilesAndOperateV2] Operation done on C:\ProgramData\Zscaler
2026-08-11 06:32:43.711958(+0530)[5308:7988] DBG called removeDumpFile for [dumpFiles:0, dwMaxDumpToRetain:10, bDeleteOldDump:1]
2026-08-11 06:32:43.711958(+0530)[5308:7988] DBG called removeDumpFile for [dumpFiles:0, dwMaxDumpToRetain:10, bDeleteOldDump:0]
2026-08-11 06:32:43.715980(+0530)[5308:7916] DBG [LogMon] ZSAFileUtils::setFileSecurityAttributes: calling SetSecurityInfo DaclPresent: 1
2026-08-11 06:32:43.715980(+0530)[5308:7916] DBG [LogMon] CSystemObjectSecurity::AdjustFilePermissionsForLogicalAccess: Set logical access for file 'C:\ProgramData\Zscaler/ZSATrayManager_2026-06-01-03-49-25.730069.log' to SystemLevelAccessOnly
2026-08-11 06:32:43.717990(+0530)[5308:7916] DBG [LogMon] ZSAFileUtils::setFileSecurityAttributes: calling SetSecurityInfo DaclPresent: 1
2026-08-11 06:32:43.717990(+0530)[5308:7916] DBG [LogMon] CSystemObjectSecurity::AdjustFilePermissionsForLogicalAccess: Set logical access for file 'C:\ProgramData\Zscaler/ZSATrayManager_2026-06-02-04-44-11.492270.log' to SystemLevelAccessOnly
2026-08-11 06:32:43.717990(+0530)[5308:7916] DBG [LogMon] ZSAFileUtils::setFileSecurityAttributes: calling SetSecurityInfo DaclPresent: 1
2026-08-11 06:32:43.717990(+0530)[5308:7916] DBG [LogMon] CSystemObjectSecurity::AdjustFilePermissionsForLogicalAccess: Set logical access for file 'C:\ProgramData\Zscaler/ZSATrayManager_2026-06-02-18-43-33.833289.log' to SystemLevelAccessOnly
2026-08-11 06:32:43.720000(+0530)[5308:7916] DBG [LogMon] ZSAFileUtils::setFileSecurityAttributes: calling SetSecurityInfo DaclPresent: 1
2026-08-11 06:32:43.720000(+0530)[5308:7916] DBG [LogMon] CSystemObjectSecurity::AdjustFilePermissionsForLogicalAccess: Set logical access for file 'C:\ProgramData\Zscaler/ZSATrayManager_2026-06-03-04-44-05.573900.log' to SystemLevelAccessOnly
2026-08-11 06:32:43.720000(+0530)[5308:7916] DBG [LogMon] ZSAFileUtils::setFileSecurityAttributes: calling SetSecurityInfo DaclPresent: 1
2026-08-11 06:32:43.720000(+0530)[5308:7916] DBG [LogMon] CSystemObjectSecurity::AdjustFilePermissionsForLogicalAccess: Set logical access for file 'C:\ProgramData\Zscaler/ZSATrayManager_2026-06-08-04-10-08.570495.log' to SystemLevelAccessOnly
2026-08-11 06:32:43.720000(+0530)[5308:7916] DBG [LogMon] ZSAFileUtils::setFileSecurityAttributes: calling SetSecurityInfo DaclPresent: 1
2026-08-11 06:32:43.720000(+0530)[5308:7916] DBG [LogMon] CSystemObjectSecurity::AdjustFilePermissionsForLogicalAccess: Set logical access for file 'C:\ProgramData\Zscaler/ZSATrayManager_2026-06-08-13-43-53.890406.log' to SystemLevelAccessOnly
2026-08-11 06:32:43.720000(+0530)[5308:7916] DBG [LogMon] ZSAFileUtils::setFileSecurityAttributes: calling SetSecurityInfo DaclPresent: 1
2026-08-11 06:32:43.720000(+0530)[5308:7916] DBG [LogMon] CSystemObjectSecurity::AdjustFilePermissionsForLogicalAccess: Set logical access for file 'C:\ProgramData\Zscaler/ZSATrayManager_2026-06-12-04-24-36.566228.log' to SystemLevelAccessOnly
2026-08-11 06:32:43.720000(+0530)[5308:7916] DBG [LogMon] ZSAFileUtils::setFileSecurityAttributes: calling SetSecurityInfo DaclPresent: 1
2026-08-11 06:32:43.720000(+0530)[5308:7916] DBG [LogMon] CSystemObjectSecurity::AdjustFilePermissionsForLogicalAccess: Set logical access for file 'C:\ProgramData\Zscaler/ZSATrayManager_2026-06-16-04-29-22.971169.log' to SystemLevelAccessOnly
2026-08-11 06:32:43.725478(+0530)[5308:7916] DBG [LogMon] ZSAFileUtils::setFileSecurityAttributes: calling SetSecurityInfo DaclPresent: 1
2026-08-11 06:32:43.725478(+0530)[5308:7916] DBG [LogMon] CSystemObjectSecurity::AdjustFilePermissionsForLogicalAccess: Set logical access for file 'C:\ProgramData\Zscaler/ZSATrayManager_2026-06-17-13-43-38.134121.log' to SystemLevelAccessOnly
2026-08-11 06:32:43.725478(+0530)[5308:7916] DBG [LogMon] ZSAFileUtils::setFileSecurityAttributes: calling SetSecurityInfo DaclPresent: 1
2026-08-11 06:32:43.725478(+0530)[5308:7916] DBG [LogMon] CSystemObjectSecurity::AdjustFilePermissionsForLogicalAccess: Set logical access for file 'C:\ProgramData\Zscaler/ZSATrayManager_2026-06-17-13-46-44.926755.log' to SystemLevelAccessOnly
2026-08-11 06:32:43.727489(+0530)[5308:7916] DBG [LogMon] ZSAFileUtils::setFileSecurityAttributes: calling SetSecurityInfo DaclPresent: 1
2026-08-11 06:32:43.727489(+0530)[5308:7916] DBG [LogMon] CSystemObjectSecurity::AdjustFilePermissionsForLogicalAccess: Set logical access for file 'C:\ProgramData\Zscaler/ZSATrayManager_2026-06-17-13-48-11.896176.log' to SystemLevelAccessOnly
2026-08-11 06:32:43.727489(+0530)[5308:7916] DBG [LogMon] ZSAFileUtils::setFileSecurityAttributes: calling SetSecurityInfo DaclPresent: 1
2026-08-11 06:32:43.727489(+0530)[5308:7916] DBG [LogMon] CSystemObjectSecurity::AdjustFilePermissionsForLogicalAccess: Set logical access for file 'C:\ProgramData\Zscaler/ZSATrayManager_2026-06-18-03-35-36.430673.log' to SystemLevelAccessOnly
2026-08-11 06:32:43.729501(+0530)[5308:7916] DBG [LogMon] ZSAFileUtils::setFileSecurityAttributes: calling SetSecurityInfo DaclPresent: 1
2026-08-11 06:32:43.729501(+0530)[5308:7916] DBG [LogMon] CSystemObjectSecurity::AdjustFilePermissionsForLogicalAccess: Set logical access for file 'C:\ProgramData\Zscaler/ZSATrayManager_2026-06-25-04-06-02.049252.log' to SystemLevelAccessOnly
2026-08-11 06:32:43.729501(+0530)[5308:7916] DBG [LogMon] ZSAFileUtils::setFileSecurityAttributes: calling SetSecurityInfo DaclPresent: 1
2026-08-11 06:32:43.731510(+0530)[5308:7916] DBG [LogMon] CSystemObjectSecurity::AdjustFilePermissionsForLogicalAccess: Set logical access for file 'C:\ProgramData\Zscaler/ZSATrayManager_2026-06-29-03-32-31.026447.log' to SystemLevelAccessOnly
2026-08-11 06:32:43.731510(+0530)[5308:7916] DBG [LogMon] ZSAFileUtils::setFileSecurityAttributes: calling SetSecurityInfo DaclPresent: 1
2026-08-11 06:32:43.731510(+0530)[5308:7916] DBG [LogMon] CSystemObjectSecurity::AdjustFilePermissionsForLogicalAccess: Set logical access for file 'C:\ProgramData\Zscaler/ZSATrayManager_2026-06-29-04-54-20.377471.log' to SystemLevelAccessOnly
2026-08-11 06:32:43.733520(+0530)[5308:7916] DBG [LogMon] ZSAFileUtils::setFileSecurityAttributes: calling SetSecurityInfo DaclPresent: 1
2026-08-11 06:32:43.733520(+0530)[5308:7916] DBG [LogMon] CSystemObjectSecurity::AdjustFilePermissionsForLogicalAccess: Set logical access for file 'C:\ProgramData\Zscaler/ZSATrayManager_2026-07-01-04-38-18.490631.log' to SystemLevelAccessOnly
2026-08-11 06:32:43.735531(+0530)[5308:7916] DBG [LogMon] ZSAFileUtils::setFileSecurityAttributes: calling SetSecurityInfo DaclPresent: 1
2026-08-11 06:32:43.735531(+0530)[5308:7916] DBG [LogMon] CSystemObjectSecurity::AdjustFilePermissionsForLogicalAccess: Set logical access for file 'C:\ProgramData\Zscaler/ZSATrayManager_2026-07-03-05-50-24.887745.log' to SystemLevelAccessOnly
2026-08-11 06:32:43.737542(+0530)[5308:7916] DBG [LogMon] ZSAFileUtils::setFileSecurityAttributes: calling SetSecurityInfo DaclPresent: 1
2026-08-11 06:32:43.737542(+0530)[5308:7916] DBG [LogMon] CSystemObjectSecurity::AdjustFilePermissionsForLogicalAccess: Set logical access for file 'C:\ProgramData\Zscaler/ZSATrayManager_2026-07-04-08-42-42.620286.log' to SystemLevelAccessOnly
2026-08-11 06:32:43.740605(+0530)[5308:7916] DBG [LogMon] ZSAFileUtils::setFileSecurityAttributes: calling SetSecurityInfo DaclPresent: 1
2026-08-11 06:32:43.740605(+0530)[5308:7916] DBG [LogMon] CSystemObjectSecurity::AdjustFilePermissionsForLogicalAccess: Set logical access for file 'C:\ProgramData\Zscaler/ZSATrayManager_2026-07-07-03-58-23.213889.log' to SystemLevelAccessOnly
2026-08-11 06:32:43.740605(+0530)[5308:7916] DBG [LogMon] ZSAFileUtils::setFileSecurityAttributes: calling SetSecurityInfo DaclPresent: 1
2026-08-11 06:32:43.740605(+0530)[5308:7916] DBG [LogMon] CSystemObjectSecurity::AdjustFilePermissionsForLogicalAccess: Set logical access for file 'C:\ProgramData\Zscaler/ZSATrayManager_2026-07-12-13-01-57.879755.log' to SystemLevelAccessOnly
2026-08-11 06:32:43.742615(+0530)[5308:7916] DBG [LogMon] ZSAFileUtils::setFileSecurityAttributes: calling SetSecurityInfo DaclPresent: 1
2026-08-11 06:32:43.742615(+0530)[5308:7916] DBG [LogMon] CSystemObjectSecurity::AdjustFilePermissionsForLogicalAccess: Set logical access for file 'C:\ProgramData\Zscaler/ZSATrayManager_2026-07-21-03-13-26.771988.log' to SystemLevelAccessOnly
2026-08-11 06:32:43.742615(+0530)[5308:7916] DBG [LogMon] ZSAFileUtils::setFileSecurityAttributes: calling SetSecurityInfo DaclPresent: 1
2026-08-11 06:32:43.742615(+0530)[5308:7916] DBG [LogMon] CSystemObjectSecurity::AdjustFilePermissionsForLogicalAccess: Set logical access for file 'C:\ProgramData\Zscaler/ZSATrayManager_2026-07-21-03-14-21.695969.log' to SystemLevelAccessOnly
2026-08-11 06:32:43.744628(+0530)[5308:7916] DBG [LogMon] ZSAFileUtils::setFileSecurityAttributes: calling SetSecurityInfo DaclPresent: 1
2026-08-11 06:32:43.744628(+0530)[5308:7916] DBG [LogMon] CSystemObjectSecurity::AdjustFilePermissionsForLogicalAccess: Set logical access for file 'C:\ProgramData\Zscaler/ZSATrayManager_2026-07-27-04-00-23.731979.log' to SystemLevelAccessOnly
2026-08-11 06:32:43.744628(+0530)[5308:7916] DBG [LogMon] ZSAFileUtils::setFileSecurityAttributes: calling SetSecurityInfo DaclPresent: 1
2026-08-11 06:32:43.744628(+0530)[5308:7916] DBG [LogMon] CSystemObjectSecurity::AdjustFilePermissionsForLogicalAccess: Set logical access for file 'C:\ProgramData\Zscaler/ZSATrayManager_2026-07-27-04-04-38.936890.log' to SystemLevelAccessOnly
2026-08-11 06:32:43.746641(+0530)[5308:7916] DBG [LogMon] ZSAFileUtils::setFileSecurityAttributes: calling SetSecurityInfo DaclPresent: 1
2026-08-11 06:32:43.746641(+0530)[5308:7916] DBG [LogMon] CSystemObjectSecurity::AdjustFilePermissionsForLogicalAccess: Set logical access for file 'C:\ProgramData\Zscaler/ZSATrayManager_2026-07-27-04-07-11.931134.log' to SystemLevelAccessOnly
2026-08-11 06:32:43.746641(+0530)[5308:7916] DBG [LogMon] ZSAFileUtils::setFileSecurityAttributes: calling SetSecurityInfo DaclPresent: 1
2026-08-11 06:32:43.746641(+0530)[5308:7916] DBG [LogMon] CSystemObjectSecurity::AdjustFilePermissionsForLogicalAccess: Set logical access for file 'C:\ProgramData\Zscaler/ZSATrayManager_2026-07-27-06-18-12.071314.log' to SystemLevelAccessOnly
2026-08-11 06:32:43.746641(+0530)[5308:7916] DBG [LogMon] ZSAFileUtils::setFileSecurityAttributes: calling SetSecurityInfo DaclPresent: 1
2026-08-11 06:32:43.746641(+0530)[5308:7916] DBG [LogMon] CSystemObjectSecurity::AdjustFilePermissionsForLogicalAccess: Set logical access for file 'C:\ProgramData\Zscaler/ZSATrayManager_2026-07-27-06-19-19.733609.log' to SystemLevelAccessOnly
2026-08-11 06:32:43.749799(+0530)[5308:7916] DBG [LogMon] ZSAFileUtils::setFileSecurityAttributes: calling SetSecurityInfo DaclPresent: 1
2026-08-11 06:32:43.749799(+0530)[5308:7916] DBG [LogMon] CSystemObjectSecurity::AdjustFilePermissionsForLogicalAccess: Set logical access for file 'C:\ProgramData\Zscaler/ZSATrayManager_2026-07-31-04-13-32.532632.log' to SystemLevelAccessOnly
2026-08-11 06:32:43.749799(+0530)[5308:7916] DBG [LogMon] ZSAFileUtils::setFileSecurityAttributes: calling SetSecurityInfo DaclPresent: 1
2026-08-11 06:32:43.751812(+0530)[5308:7916] DBG [LogMon] CSystemObjectSecurity::AdjustFilePermissionsForLogicalAccess: Set logical access for file 'C:\ProgramData\Zscaler/ZSATrayManager_2026-07-31-04-14-25.350354.log' to SystemLevelAccessOnly
2026-08-11 06:32:43.751812(+0530)[5308:7916] DBG [LogMon] ZSAFileUtils::setFileSecurityAttributes: calling SetSecurityInfo DaclPresent: 1
2026-08-11 06:32:43.751812(+0530)[5308:7916] DBG [LogMon] CSystemObjectSecurity::AdjustFilePermissionsForLogicalAccess: Set logical access for file 'C:\ProgramData\Zscaler/ZSATrayManager_2026-08-11-06-31-57.812533.log' to SystemLevelAccessOnly
2026-08-11 06:32:43.751812(+0530)[5308:7916] DBG [LogMon] ZSAFileUtils::setFileSecurityAttributes: calling SetSecurityInfo DaclPresent: 1
2026-08-11 06:32:43.751812(+0530)[5308:7916] DBG [LogMon] CSystemObjectSecurity::AdjustFilePermissionsForLogicalAccess: Set logical access for file 'C:\ProgramData\Zscaler/ZSATrayManager_2026-08-11-06-32-33.692374.log' to SystemLevelAccessOnly
2026-08-11 06:32:43.776308(+0530)[5308:8772] INF ZEPSdk: GetZEPProductVersion return value: 26.05.0.36
2026-08-11 06:32:45.846241(+0530)[5308:8772] INF ZEPSdk: GetZEPProductVersion return value: 26.05.0.36
2026-08-11 06:32:47.912736(+0530)[5308:8772] INF ZEPSdk: GetZEPProductVersion return value: 26.05.0.36
2026-08-11 06:32:50.064778(+0530)[5308:8772] INF ZEPSdk: GetZEPProductVersion return value: 26.05.0.36
2026-08-11 06:32:52.118345(+0530)[5308:8772] INF ZEPSdk: GetZEPProductVersion return value: 26.05.0.36
2026-08-11 06:32:54.235138(+0530)[5308:8772] INF ZEPSdk: GetZEPProductVersion return value: 26.05.0.36
2026-08-11 06:32:56.288956(+0530)[5308:8772] INF ZEPSdk: GetZEPProductVersion return value: 26.05.0.36
2026-08-11 06:32:58.341237(+0530)[5308:8772] INF ZEPSdk: GetZEPProductVersion return value: 26.05.0.36
2026-08-11 06:33:00.384247(+0530)[5308:8772] INF ZEPSdk: GetZEPProductVersion return value: 26.05.0.36
2026-08-11 06:33:02.442578(+0530)[5308:8772] INF ZEPSdk: GetZEPProductVersion return value: 26.05.0.36
2026-08-11 06:33:04.500974(+0530)[5308:8772] INF ZEPSdk: GetZEPProductVersion return value: 26.05.0.36
2026-08-11 06:33:06.573748(+0530)[5308:8772] INF ZEPSdk: GetZEPProductVersion return value: 26.05.0.36
2026-08-11 06:33:08.636640(+0530)[5308:8772] INF ZEPSdk: GetZEPProductVersion return value: 26.05.0.36
2026-08-11 06:33:10.691651(+0530)[5308:8772] INF ZEPSdk: GetZEPProductVersion return value: 26.05.0.36
2026-08-11 06:33:12.746792(+0530)[5308:8772] INF ZEPSdk: GetZEPProductVersion return value: 26.05.0.36
2026-08-11 06:33:14.820300(+0530)[5308:8772] INF ZEPSdk: GetZEPProductVersion return value: 26.05.0.36
2026-08-11 06:33:16.877133(+0530)[5308:8772] INF ZEPSdk: GetZEPProductVersion return value: 26.05.0.36
2026-08-11 06:33:18.935073(+0530)[5308:8772] INF ZEPSdk: GetZEPProductVersion return value: 26.05.0.36
2026-08-11 06:33:21.005330(+0530)[5308:8772] INF ZEPSdk: GetZEPProductVersion return value: 26.05.0.36
2026-08-11 06:33:23.065108(+0530)[5308:8772] INF ZEPSdk: GetZEPProductVersion return value: 26.05.0.36
2026-08-11 06:33:25.117506(+0530)[5308:8772] INF ZEPSdk: GetZEPProductVersion return value: 26.05.0.36
2026-08-11 06:33:27.174857(+0530)[5308:8772] INF ZEPSdk: GetZEPProductVersion return value: 26.05.0.36
2026-08-11 06:33:29.239027(+0530)[5308:8772] INF ZEPSdk: GetZEPProductVersion return value: 26.05.0.36
2026-08-11 06:33:31.301415(+0530)[5308:8772] INF ZEPSdk: GetZEPProductVersion return value: 26.05.0.36
2026-08-11 06:33:33.362880(+0530)[5308:8772] INF ZEPSdk: GetZEPProductVersion return value: 26.05.0.36
2026-08-11 06:33:35.418331(+0530)[5308:8772] INF ZEPSdk: GetZEPProductVersion return value: 26.05.0.36
2026-08-11 06:33:37.467077(+0530)[5308:8772] INF ZEPSdk: GetZEPProductVersion return value: 26.05.0.36
2026-08-11 06:33:39.532547(+0530)[5308:8772] INF ZEPSdk: GetZEPProductVersion return value: 26.05.0.36
2026-08-11 06:33:41.589721(+0530)[5308:8772] INF ZEPSdk: GetZEPProductVersion return value: 26.05.0.36
2026-08-11 06:33:43.645531(+0530)[5308:8772] INF ZEPSdk: GetZEPProductVersion return value: 26.05.0.36
2026-08-11 06:33:45.703770(+0530)[5308:8772] INF ZEPSdk: GetZEPProductVersion return value: 26.05.0.36
2026-08-11 06:33:47.770290(+0530)[5308:8772] INF ZEPSdk: GetZEPProductVersion return value: 26.05.0.36
2026-08-11 06:33:49.827606(+0530)[5308:8772] INF ZEPSdk: GetZEPProductVersion return value: 26.05.0.36
2026-08-11 06:33:51.882247(+0530)[5308:8772] INF ZEPSdk: GetZEPProductVersion return value: 26.05.0.36
2026-08-11 06:33:54.022770(+0530)[5308:8772] INF ZEPSdk: GetZEPProductVersion return value: 26.05.0.36
2026-08-11 06:33:56.168593(+0530)[5308:8772] INF ZEPSdk: GetZEPProductVersion return value: 26.05.0.36
2026-08-11 06:33:58.370923(+0530)[5308:8772] INF ZEPSdk: GetZEPProductVersion return value: 26.05.0.36
2026-08-11 06:34:00.599707(+0530)[5308:8772] INF ZEPSdk: GetZEPProductVersion return value: 26.05.0.36
2026-08-11 06:34:02.791665(+0530)[5308:8772] INF ZEPSdk: GetZEPProductVersion return value: 26.05.0.36
2026-08-11 06:34:04.934575(+0530)[5308:8772] INF ZEPSdk: GetZEPProductVersion return value: 26.05.0.36
2026-08-11 06:34:07.000916(+0530)[5308:8772] INF ZEPSdk: GetZEPProductVersion return value: 26.05.0.36
2026-08-11 06:34:09.293090(+0530)[5308:8772] INF ZEPSdk: GetZEPProductVersion return value: 26.05.0.36
2026-08-11 06:34:11.464598(+0530)[5308:8772] INF ZEPSdk: GetZEPProductVersion return value: 26.05.0.36
2026-08-11 06:34:13.592844(+0530)[5308:8772] INF ZEPSdk: GetZEPProductVersion return value: 26.05.0.36
2026-08-11 06:34:15.744572(+0530)[5308:8772] INF ZEPSdk: GetZEPProductVersion return value: 26.05.0.36
2026-08-11 06:34:17.871987(+0530)[5308:8772] INF ZEPSdk: GetZEPProductVersion return value: 26.05.0.36
2026-08-11 06:34:19.995894(+0530)[5308:8772] INF ZEPSdk: GetZEPProductVersion return value: 26.05.0.36
2026-08-11 06:34:22.131045(+0530)[5308:8772] INF ZEPSdk: GetZEPProductVersion return value: 26.05.0.36
2026-08-11 06:34:24.244204(+0530)[5308:8772] INF ZEPSdk: GetZEPProductVersion return value: 26.05.0.36
2026-08-11 06:34:26.356340(+0530)[5308:8772] INF ZEPSdk: GetZEPProductVersion return value: 26.05.0.36
2026-08-11 06:34:28.495644(+0530)[5308:8772] INF ZEPSdk: GetZEPProductVersion return value: 26.05.0.36
2026-08-11 06:34:30.683687(+0530)[5308:8772] INF ZEPSdk: GetZEPProductVersion return value: 26.05.0.36
2026-08-11 06:34:32.894965(+0530)[5308:8772] INF ZEPSdk: GetZEPProductVersion return value: 26.05.0.36
2026-08-11 06:34:35.060969(+0530)[5308:8772] INF ZEPSdk: GetZEPProductVersion return value: 26.05.0.36
2026-08-11 06:34:37.249181(+0530)[5308:8772] INF ZEPSdk: GetZEPProductVersion return value: 26.05.0.36
2026-08-11 06:34:39.436093(+0530)[5308:8772] INF ZEPSdk: GetZEPProductVersion return value: 26.05.0.36
2026-08-11 06:34:41.601510(+0530)[5308:8772] INF ZEPSdk: GetZEPProductVersion return value: 26.05.0.36
2026-08-11 06:34:43.691888(+0530)[5308:8772] INF ZEPSdk: GetZEPProductVersion return value: 26.05.0.36
2026-08-11 06:34:45.996799(+0530)[5308:8772] INF ZEPSdk: GetZEPProductVersion return value: 26.05.0.36
2026-08-11 06:34:48.261586(+0530)[5308:8772] INF ZEPSdk: GetZEPProductVersion return value: 26.05.0.36
2026-08-11 06:34:50.591057(+0530)[5308:8772] INF ZEPSdk: GetZEPProductVersion return value: 26.05.0.36
2026-08-11 06:34:52.812362(+0530)[5308:8772] INF ZEPSdk: GetZEPProductVersion return value: 26.05.0.36
2026-08-11 06:34:55.010024(+0530)[5308:8772] INF ZEPSdk: GetZEPProductVersion return value: 26.05.0.36
2026-08-11 06:34:57.156626(+0530)[5308:8772] INF ZEPSdk: GetZEPProductVersion return value: 26.05.0.36
2026-08-11 06:34:59.343612(+0530)[5308:8772] INF ZEPSdk: GetZEPProductVersion return value: 26.05.0.36
2026-08-11 06:35:01.557958(+0530)[5308:8772] INF ZEPSdk: GetZEPProductVersion return value: 26.05.0.36
2026-08-11 06:35:03.736494(+0530)[5308:8772] INF ZEPSdk: GetZEPProductVersion return value: 26.05.0.36
2026-08-11 06:35:05.806789(+0530)[5308:8772] INF ZEPSdk: GetZEPProductVersion return value: 26.05.0.36
2026-08-11 06:35:07.978822(+0530)[5308:8772] INF ZEPSdk: GetZEPProductVersion return value: 26.05.0.36
2026-08-11 06:35:10.134138(+0530)[5308:8772] INF ZEPSdk: GetZEPProductVersion return value: 26.05.0.36
2026-08-11 06:35:12.261738(+0530)[5308:8772] INF ZEPSdk: GetZEPProductVersion return value: 26.05.0.36
2026-08-11 06:35:14.377265(+0530)[5308:8772] INF ZEPSdk: GetZEPProductVersion return value: 26.05.0.36
2026-08-11 06:35:16.498793(+0530)[5308:8772] INF ZEPSdk: GetZEPProductVersion return value: 26.05.0.36
2026-08-11 06:35:18.616004(+0530)[5308:8772] INF ZEPSdk: GetZEPProductVersion return value: 26.05.0.36
2026-08-11 06:35:18.679966(+0530)[5308:3448] DBG ZSAServiceBase::serviceControllerHandler: service control: SERVICE_CONTROL_POWEREVENT
2026-08-11 06:35:20.738008(+0530)[5308:8772] INF ZEPSdk: GetZEPProductVersion return value: 26.05.0.36
2026-08-11 06:35:22.882261(+0530)[5308:8772] INF ZEPSdk: GetZEPProductVersion return value: 26.05.0.36
2026-08-11 06:35:25.011901(+0530)[5308:8772] INF ZEPSdk: GetZEPProductVersion return value: 26.05.0.36
2026-08-11 06:35:27.126103(+0530)[5308:8772] INF ZEPSdk: GetZEPProductVersion return value: 26.05.0.36
2026-08-11 06:35:29.245521(+0530)[5308:8772] INF ZEPSdk: GetZEPProductVersion return value: 26.05.0.36
2026-08-11 06:35:31.399558(+0530)[5308:8772] INF ZEPSdk: GetZEPProductVersion return value: 26.05.0.36
2026-08-11 06:35:33.504515(+0530)[5308:8772] INF ZEPSdk: GetZEPProductVersion return value: 26.05.0.36
2026-08-11 06:35:34.287334(+0530)[5308:3448] DBG ZSAServiceBase::serviceControllerHandler: service control: SERVICE_CONTROL_POWEREVENT
2026-08-11 06:35:35.626763(+0530)[5308:8772] INF ZEPSdk: GetZEPProductVersion return value: 26.05.0.36
2026-08-11 06:35:37.723627(+0530)[5308:8772] INF ZEPSdk: GetZEPProductVersion return value: 26.05.0.36
2026-08-11 06:35:39.901102(+0530)[5308:8772] INF ZEPSdk: GetZEPProductVersion return value: 26.05.0.36
2026-08-11 06:35:42.020292(+0530)[5308:8772] INF ZEPSdk: GetZEPProductVersion return value: 26.05.0.36
2026-08-11 06:35:44.118443(+0530)[5308:8772] INF ZEPSdk: GetZEPProductVersion return value: 26.05.0.36
2026-08-11 06:35:46.262701(+0530)[5308:8772] INF ZEPSdk: GetZEPProductVersion return value: 26.05.0.36
2026-08-11 06:35:48.382831(+0530)[5308:8772] INF ZEPSdk: GetZEPProductVersion return value: 26.05.0.36
2026-08-11 06:35:50.554365(+0530)[5308:8772] INF ZEPSdk: GetZEPProductVersion return value: 26.05.0.36
2026-08-11 06:35:52.725743(+0530)[5308:8772] INF ZEPSdk: GetZEPProductVersion return value: 26.05.0.36
2026-08-11 06:35:54.941999(+0530)[5308:8772] INF ZEPSdk: GetZEPProductVersion return value: 26.05.0.36
2026-08-11 06:35:57.134217(+0530)[5308:8772] INF ZEPSdk: GetZEPProductVersion return value: 26.05.0.36
2026-08-11 06:35:59.319882(+0530)[5308:8772] INF ZEPSdk: GetZEPProductVersion return value: 26.05.0.36
2026-08-11 06:36:01.447442(+0530)[5308:8772] INF ZEPSdk: GetZEPProductVersion return value: 26.05.0.36
2026-08-11 06:36:03.572550(+0530)[5308:8772] INF ZEPSdk: GetZEPProductVersion return value: 26.05.0.36
2026-08-11 06:36:05.706876(+0530)[5308:8772] INF ZEPSdk: GetZEPProductVersion return value: 26.05.0.36
2026-08-11 06:36:07.825671(+0530)[5308:8772] INF ZEPSdk: GetZEPProductVersion return value: 26.05.0.36
2026-08-11 06:36:08.458178(+0530)[5308:3448] DBG ZSAServiceBase::serviceControllerHandler: service control: SERVICE_CONTROL_POWEREVENT
2026-08-11 06:36:09.949653(+0530)[5308:8772] INF ZEPSdk: GetZEPProductVersion return value: 26.05.0.36
2026-08-11 06:36:12.131224(+0530)[5308:8772] INF ZEPSdk: GetZEPProductVersion return value: 26.05.0.36
2026-08-11 06:36:14.307876(+0530)[5308:8772] INF ZEPSdk: GetZEPProductVersion return value: 26.05.0.36
2026-08-11 06:36:16.429145(+0530)[5308:8772] INF ZEPSdk: GetZEPProductVersion return value: 26.05.0.36
2026-08-11 06:36:18.555298(+0530)[5308:8772] INF ZEPSdk: GetZEPProductVersion return value: 26.05.0.36
2026-08-11 06:36:20.680960(+0530)[5308:8772] INF ZEPSdk: GetZEPProductVersion return value: 26.05.0.36
2026-08-11 06:36:22.812656(+0530)[5308:8772] INF ZEPSdk: GetZEPProductVersion return value: 26.05.0.36
2026-08-11 06:36:24.950223(+0530)[5308:8772] INF ZEPSdk: GetZEPProductVersion return value: 26.05.0.36
2026-08-11 06:36:27.142168(+0530)[5308:8772] INF ZEPSdk: GetZEPProductVersion return value: 26.05.0.36
2026-08-11 06:36:29.332841(+0530)[5308:8772] INF ZEPSdk: GetZEPProductVersion return value: 26.05.0.36
2026-08-11 06:36:31.512907(+0530)[5308:8772] INF ZEPSdk: GetZEPProductVersion return value: 26.05.0.36
2026-08-11 06:36:33.665616(+0530)[5308:8772] INF ZEPSdk: GetZEPProductVersion return value: 26.05.0.36
2026-08-11 06:36:35.867146(+0530)[5308:8772] INF ZEPSdk: GetZEPProductVersion return value: 26.05.0.36
2026-08-11 06:36:37.990955(+0530)[5308:8772] INF ZEPSdk: GetZEPProductVersion return value: 26.05.0.36
2026-08-11 06:36:40.127462(+0530)[5308:8772] INF ZEPSdk: GetZEPProductVersion return value: 26.05.0.36
2026-08-11 06:36:42.314875(+0530)[5308:8772] INF ZEPSdk: GetZEPProductVersion return value: 26.05.0.36
2026-08-11 06:36:44.503402(+0530)[5308:8772] INF ZEPSdk: GetZEPProductVersion return value: 26.05.0.36
2026-08-11 06:36:46.697688(+0530)[5308:8772] INF ZEPSdk: GetZEPProductVersion return value: 26.05.0.36
2026-08-11 06:36:48.836172(+0530)[5308:8772] INF ZEPSdk: GetZEPProductVersion return value: 26.05.0.36
2026-08-11 06:36:50.970598(+0530)[5308:8772] INF ZEPSdk: GetZEPProductVersion return value: 26.05.0.36
2026-08-11 06:36:53.191769(+0530)[5308:8772] INF ZEPSdk: GetZEPProductVersion return value: 26.05.0.36
2026-08-11 06:36:55.395499(+0530)[5308:8772] INF ZEPSdk: GetZEPProductVersion return value: 26.05.0.36
2026-08-11 06:36:57.323347(+0530)[5308:3448] DBG ZSAServiceBase::serviceControllerHandler: service control: SERVICE_CONTROL_POWEREVENT
2026-08-11 06:36:57.447061(+0530)[5308:8772] INF ZEPSdk: GetZEPProductVersion return value: 26.05.0.36
2026-08-11 06:36:58.149435(+0530)[5308:2056] INF ZEvtSub: evtSubCallback: Received EventID[507], EventRecordID[29776], TimeCreated[1786430217312]
2026-08-11 06:36:58.149435(+0530)[5308:2056] DBG Received modern standby exit event
2026-08-11 06:36:58.149435(+0530)[5308:2748] INF ZSATrayManager Event: COMPUTER_WAKE_EVENT
2026-08-11 06:36:58.149435(+0530)[5308:2748] INF Partner Login getActivePartnerConnection none active
2026-08-11 06:36:58.149435(+0530)[5308:2748] INF checkAndForceZPAReauth: reason: Sleep(0)
2026-08-11 06:36:58.152818(+0530)[5308:2748] DBG checkAndForceZPAReauth: Skipping due policy flag disabled or validation failure
2026-08-11 06:36:58.152818(+0530)[5308:2748] DBG [ZSATrayRpcClient]::sendAsyncRequestAndWait RPC complete failed, error: 0x800706BA
2026-08-11 06:36:58.152818(+0530)[5308:2748] INF Done with zsaTrayManagerEventListener
2026-08-11 06:36:59.483268(+0530)[5308:8772] INF ZEPSdk: GetZEPProductVersion return value: 26.05.0.36
2026-08-11 06:37:01.517029(+0530)[5308:8772] INF ZEPSdk: GetZEPProductVersion return value: 26.05.0.36
2026-08-11 06:37:03.658834(+0530)[5308:8772] INF ZEPSdk: GetZEPProductVersion return value: 26.05.0.36
2026-08-11 06:37:05.808973(+0530)[5308:8772] INF ZEPSdk: GetZEPProductVersion return value: 26.05.0.36
2026-08-11 06:37:07.960704(+0530)[5308:8772] INF ZEPSdk: GetZEPProductVersion return value: 26.05.0.36
2026-08-11 06:37:09.139100(+0530)[5308:3448] DBG ZSAServiceBase::serviceControllerHandler: service control: 129
2026-08-11 06:37:09.139100(+0530)[5308:3448] DBG Service make stop call received.
2026-08-11 06:37:09.139100(+0530)[5308:3448] DBG Admin is allowed to stop service as per configuration.
2026-08-11 06:37:09.139100(+0530)[5308:3448] DBG Making service stoppable is allowed.
2026-08-11 06:37:09.141109(+0530)[5308:3448] DBG ZSAServiceBase::serviceControllerHandler: service control: SERVICE_CONTROL_STOP
2026-08-11 06:37:09.141756(+0530)[5308:3448] INF On service stop
2026-08-11 06:37:09.141756(+0530)[5308:7996] DBG Sending quit signal to tray spawner to exit tray
2026-08-11 06:37:09.148396(+0530)[5308:7996] DBG ZEvtSub: removeSubscription: removed, channel: System, query: Event / System[EventID = 507]
2026-08-11 06:37:09.148396(+0530)[5308:7996] DBG Performing ZSATrayManager clean-up tasks
2026-08-11 06:37:09.148396(+0530)[5308:7996] DBG ZSAServiceBase::cleanUp called
2026-08-11 06:37:09.148396(+0530)[5308:7996] INF removeProxyListener: continue flag is false
2026-08-11 06:37:09.148396(+0530)[5308:7996] INF removeProxyListener: Done
2026-08-11 06:37:09.148396(+0530)[5308:7996] INF machineTunnelThread: Already not running.
2026-08-11 06:37:09.148396(+0530)[5308:7996] ERR Either pSmBiosTable is null or invalid stringIndex. [stringIndex:0]
2026-08-11 06:37:09.148396(+0530)[5308:7996] ERR ZSAEncryptedFile::readFromFile: file open failed: The system cannot find the file specified.
2026-08-11 06:37:09.148396(+0530)[5308:7996] ERR Either pSmBiosTable is null or invalid stringIndex. [stringIndex:0]
2026-08-11 06:37:09.148396(+0530)[5308:7996] DBG ZMachineTunnelFileUtils::readAndDecrypt: filepath C:\ProgramData\Zscaler/Zjg1MDQ3MmZlMGIzZGFjNWEyZWE1NWU3YTVkODVkMzU2NjVlZjlmYmEwNGI3NDNjNGMxODRlNDgxNzIxZThkMg==_mtt.dat
2026-08-11 06:37:09.148396(+0530)[5308:7996] ERR ZSAEncryptedFile::readFromFile: file open failed: The system cannot find the file specified.
2026-08-11 06:37:09.148396(+0530)[5308:7996] DBG machine tunnel zpn, tunnel token decrypted and loaded successful (ziaCloudName=, maHostname=)
2026-08-11 06:37:09.148396(+0530)[5308:7996] ERR Machine Tunnel:onPolicyDownloadTimer: Failed to read the machine tunnel config data
2026-08-11 06:37:09.148396(+0530)[5308:7996] INF ZSATrayAuth::stopZPAMachineTunnel done
2026-08-11 06:37:09.266547(+0530)[5308:7996] INF ZEvents::waitForPendingEvents wait completed after timeout. 0 pending events
2026-08-11 06:37:09.266547(+0530)[5308:7996] INF ZEvents: clearing 0 events from ZEvents queue.
2026-08-11 06:37:09.266547(+0530)[5308:7996] INF ZEvents::stopTransmitter: transmitterThread is not running
2026-08-11 06:37:09.266547(+0530)[5308:7996] INF ZEvents setPolicy: ZDX enabled='0', ZCC enabled='0', REM enabled='0'; collect machine info 0, user info 0
2026-08-11 06:37:09.266547(+0530)[5308:7996] INF ZEvents setPolicy: feature disabled. Stopping...
2026-08-11 06:37:09.266547(+0530)[5308:7996] INF ZEvents::stopTransmitter: transmitterThread is not running
2026-08-11 06:37:09.266547(+0530)[5308:7996] INF ZEvents setPolicy: Stopping Remediation events transmitter...
2026-08-11 06:37:09.266547(+0530)[5308:7996] INF ZEvents::stopRemediationTransmitter: remediationTransmitterThread is not running
2026-08-11 06:37:09.266547(+0530)[5308:7996] INF ZEvents setPolicy: success? 1
2026-08-11 06:37:09.266547(+0530)[5308:7996] INF ZEvents setPolicy: ZDX enabled='0', ZCC enabled='0', REM enabled='0'; collect machine info 0, user info 0
2026-08-11 06:37:09.266547(+0530)[5308:7996] INF ZEvents setPolicy: feature disabled. Stopping...
2026-08-11 06:37:09.266547(+0530)[5308:7996] INF ZEvents::stopTransmitter: transmitterThread is not running
2026-08-11 06:37:09.266547(+0530)[5308:7996] INF ZEvents setPolicy: Stopping Remediation events transmitter...
2026-08-11 06:37:09.266547(+0530)[5308:7996] INF ZEvents::stopRemediationTransmitter: remediationTransmitterThread is not running
2026-08-11 06:37:09.266547(+0530)[5308:7996] INF ZEvents setPolicy: success? 1
2026-08-11 06:37:09.266547(+0530)[5308:7996] ERR ZEvents lib already initialized
2026-08-11 06:37:09.266547(+0530)[5308:7996] INF ZEvents set source: 0
2026-08-11 06:37:09.266547(+0530)[5308:7996] INF ZPC: Stopping Packet Captures! [stopTunnelPacketDumpAlso:0, updateLabel:0, notifyUser:0]
2026-08-11 06:37:09.278659(+0530)[5308:7996] INF ZPC: Packet Captures were not running!
2026-08-11 06:37:09.278659(+0530)[5308:7996] INF Stopping RPC Listener
2026-08-11 06:37:09.278659(+0530)[5308:7996] INF RPC Listener stopped
2026-08-11 06:37:09.278659(+0530)[5308:7996] INF ServerInterface RPC server unregister success.
2026-08-11 06:37:09.278659(+0530)[5308:7996] INF ListenerInterface RPC server unregister success.[interface:TrayMangerRpc]
2026-08-11 06:37:09.278659(+0530)[5308:7996] INF ServerInterface RPC server unregister success.
2026-08-11 06:37:09.278659(+0530)[5308:7996] INF ListenerInterface RPC server unregister success.[interface:TrayMangerTrayRpc]
2026-08-11 06:37:09.278659(+0530)[5308:7996] INF ServerInterface RPC server unregister success.
2026-08-11 06:37:09.279342(+0530)[5308:7996] INF ListenerInterface RPC server unregister success.[interface:TrayManagerCliRpcServer]
2026-08-11 06:37:09.279342(+0530)[5308:7996] DBG ZSAWebViewInstall stopping
2026-08-11 06:37:09.279342(+0530)[5308:7996] DBG Config Dir: C:\ProgramData\Zscaler\log-5BFF858269CC2D4D1FCC83EABC65FEA94E87F2AF
2026-08-11 06:37:09.279342(+0530)[5308:7996] INF ZSAConfigMonitor: Already not running.
2026-08-11 06:37:09.279342(+0530)[5308:7996] INF ZSAConfigMonitor::onCleanUp: Config Monitor successfully stopped
2026-08-11 06:37:09.279342(+0530)[5308:7996] INF ProcessMonitor: stopping
2026-08-11 06:37:09.279342(+0530)[5308:7996] INF WmiHelper: cancelNotificationQueryAsync called
2026-08-11 06:37:09.281355(+0530)[5308:7996] INF ProcessMonitor: stopped
2026-08-11 06:37:09.281355(+0530)[5308:7996] INF MainTimer stopping
2026-08-11 06:37:09.281355(+0530)[5308:8772] INF MainTimer thread exit
2026-08-11 06:37:09.281355(+0530)[5308:7996] INF MainTimer stopped
2026-08-11 06:37:09.281355(+0530)[5308:7996] DBG [ZSAFM] Filtering already stopped
2026-08-11 06:37:09.281355(+0530)[5308:7996] DBG ZSATrayManagerServiceModules::init: Called.
2026-08-11 06:37:09.281355(+0530)[5308:7996] DBG ZSATrayManagerServiceModules::getZdpZccAddon: not initialized, creating new instance.
2026-08-11 06:37:09.281355(+0530)[5308:7996] DBG ZSATrayManagerServiceModules::setupZdpZccAddonSdk: Creating Configuration for ZdpZccAddonSdk
2026-08-11 06:37:09.281355(+0530)[5308:7996] DBG ZSATrayManagerServiceModules::setupZdpZccAddonSdk: Could not convert smcaId:  to int, Invalid Argument : invalid stoi argument
2026-08-11 06:37:09.281355(+0530)[5308:7996] DBG [ZSAClientShieldMonitor] stopping process monitor
2026-08-11 06:37:09.281355(+0530)[5308:7996] DBG [ZSAClientShieldMonitor] process monitor already stopped
2026-08-11 06:37:09.281355(+0530)[5308:7996] DBG ZSATrayManagerServiceModules::cleanup: Called.
2026-08-11 06:37:09.281355(+0530)[5308:7996] DBG ZSATrayManagerServiceModules::onZCCUserLogout: Called.
2026-08-11 06:37:09.281355(+0530)[5308:7996] DBG ZdpZccAddonSdk: uninit called.
2026-08-11 06:37:09.281355(+0530)[5308:7996] DBG ZdpZccAddonSdk: SDK is not properly initialized.
2026-08-11 06:37:09.281355(+0530)[5308:7996] DBG ZSATrayManagerServiceModules::onZCCUserLogout: success.
2026-08-11 06:37:09.281355(+0530)[5308:7996] DBG ZSATrayManagerServiceModules::cleanup: success.
2026-08-11 06:37:09.281355(+0530)[5308:3448] INF ZSAServiceBase::stopService: unregistered from power events
2026-08-11 06:37:09.281355(+0530)[5308:3448] INF Service return code: 0
