2026-08-18 08:50:32.342005(+0530)[1456:20192] INF Timezone: India Standard Time, Offset: 19800, Standard Name: India Standard Time, UTC Offset: 19800
2026-08-18 08:50:32.342005(+0530)[1456:20192] INF ZSATrayManager Version: 4.8.0.232
2026-08-18 08:50:32.342005(+0530)[1456:20192] INF ZSATrayManager Architecture: x64
2026-08-18 08:50:32.342005(+0530)[1456:20192] INF UPM Hard Protocol Version: 28
2026-08-18 08:50:32.342005(+0530)[1456:20192] INF UPM Soft Protocol Version: 912
2026-08-18 08:50:32.342005(+0530)[1456:20192] INF ZAD Protocol Version: 4, 1
2026-08-18 08:50:32.342005(+0530)[1456:20192] INF GIT Hash: 8f4d1a1eacfec3e316e9064003d36808c1c70589
2026-08-18 08:50:32.342005(+0530)[1456:20192] INF x64 BINARY (Supports both gov and commercial clouds)
2026-08-18 08:50:32.342005(+0530)[1456:20192] DBG Config Dir: C:\ProgramData\Zscaler
2026-08-18 08:50:32.342005(+0530)[1456:20192] DBG App options initialized successfully
2026-08-18 08:50:32.342005(+0530)[1456:20192] INF ZCCProfile: Init callback function.
2026-08-18 08:50:32.342005(+0530)[1456:15184] INF ZSAServiceBase::serviceMain: registering for power events
2026-08-18 08:50:32.342005(+0530)[1456:15184] INF ZSAServiceBase::serviceMain: registered for suspend-resume, power & battery notifications
2026-08-18 08:50:32.342005(+0530)[1456:15184] INF ZSAServiceBase::registerPowerNotification: registered for 'GUID_TYPICAL_POWER_SAVINGS' power setting notification
2026-08-18 08:50:32.342005(+0530)[1456:15184] INF ZSAServiceBase::registerPowerNotification: registered for 'GUID_POWERSCHEME_PERSONALITY' power setting notification
2026-08-18 08:50:32.342005(+0530)[1456:15184] INF ZSAServiceBase::registerPowerNotification: registered for 'GUID_POWER_SAVING_STATUS' power setting notification
2026-08-18 08:50:32.342005(+0530)[1456:15184] INF ZSAServiceBase::registerPowerNotification: registered for 'GUID_MIN_POWER_SAVINGS' power setting notification
2026-08-18 08:50:32.342005(+0530)[1456:15184] INF ZSAServiceBase::registerPowerNotification: registered for 'GUID_MAX_POWER_SAVINGS' power setting notification
2026-08-18 08:50:32.342005(+0530)[1456:20192] DBG ZSAServiceBase::serviceControllerHandler: service control: SERVICE_CONTROL_POWEREVENT
2026-08-18 08:50:32.342005(+0530)[1456:15184] INF ZSAServiceBase::registerPowerNotification: registered for 'GUID_ACDC_POWER_SOURCE' power setting notification
2026-08-18 08:50:32.342005(+0530)[1456:15184] INF ZSAServiceBase::registerPowerNotification: registered for 'GUID_BATTERY_PERCENTAGE_REMAINING' power setting notification
2026-08-18 08:50:32.342005(+0530)[1456:15184] INF ZSAServiceBase::registerPowerNotification: registered for 'GUID_CONSOLE_DISPLAY_STATE' power setting notification
2026-08-18 08:50:32.342005(+0530)[1456:20192] DBG ZSAServiceBase::serviceControllerHandler: service control: SERVICE_CONTROL_POWEREVENT
2026-08-18 08:50:32.342005(+0530)[1456:20192] DBG ZSAServiceBase::serviceControllerHandler: service control: SERVICE_CONTROL_POWEREVENT
2026-08-18 08:50:32.342005(+0530)[1456:15184] INF Failure actions is already configured.
2026-08-18 08:50:32.342005(+0530)[1456:20192] DBG ZSAServiceBase::serviceControllerHandler: service control: SERVICE_CONTROL_POWEREVENT
2026-08-18 08:50:32.342005(+0530)[1456:8604] DBG Checking security permission for C:\ProgramData\Zscaler and updating if required
2026-08-18 08:50:32.342005(+0530)[1456:8604] DBG ZSAFileUtils::checkAndSetFileSecurityAttributes called with secType: 1
2026-08-18 08:50:32.342005(+0530)[1456:8604] DBG ZSAFileUtils::checkFileSecurityAttributes called with secType: 1
2026-08-18 08:50:32.342005(+0530)[1456:20192] DBG ZSAServiceBase::serviceControllerHandler: service control: SERVICE_CONTROL_POWEREVENT
2026-08-18 08:50:32.342005(+0530)[1456:8604] DBG ZSAFileUtils::checkFileSecurityAttributes Received SecurityDescriptor: D:(A;OICI;0x1200a9;;;BU)(A;OICI;FA;;;SY)(A;OICI;FA;;;BA), Expected SecurityDescriptor: D:(A;OICI;FA;;;SY)(A;OICI;FA;;;BA)
2026-08-18 08:50:32.342005(+0530)[1456:8604] DBG ZSAFileUtils::checkAndSetFileSecurityAttributes: reseting file SecurityAttributes
2026-08-18 08:50:32.342005(+0530)[1456:8604] DBG ZSAFileUtils::setFileSecurityAttributes called with secType 1
2026-08-18 08:50:32.342005(+0530)[1456:8604] DBG ZSAFileUtils::setFileSecurityAttributes set ACL succeed.
2026-08-18 08:50:32.342005(+0530)[1456:8604] DBG ZSAFileUtils::setFileSecurityAttributes: calling SetSecurityInfo DaclPresent:1
2026-08-18 08:50:32.342005(+0530)[1456:8604] INF ZSAFileUtils::setFileSecurityAttributes: SetSecurityInfo success
2026-08-18 08:50:32.342005(+0530)[1456:8604] DBG Checking security permission for C:\ProgramData\Zscaler and updating if required
2026-08-18 08:50:32.342005(+0530)[1456:8604] DBG ZSAFileUtils::checkAndSetFileSecurityAttributes called with secType: 1
2026-08-18 08:50:32.342005(+0530)[1456:8604] DBG ZSAFileUtils::checkFileSecurityAttributes called with secType: 1
2026-08-18 08:50:32.342005(+0530)[1456:8604] DBG ZSAFileUtils::checkFileSecurityAttributes Received SecurityDescriptor: D:(A;OICI;FA;;;SY)(A;OICI;FA;;;BA), Expected SecurityDescriptor: D:(A;OICI;FA;;;SY)(A;OICI;FA;;;BA)
2026-08-18 08:50:32.342005(+0530)[1456:8604] DBG ZSARegistryHelper::setRegistryKeyPermission: Successfully set ACL: 1 for Registry:SOFTWARE\Zscaler Inc.\Zscaler\EXTRA 
2026-08-18 08:50:32.851744(+0530)[1456:20192] DBG ZSAServiceBase::serviceControllerHandler: service control: 130
2026-08-18 08:50:33.549299(+0530)[1456:8604] DBG OpenProcessToken succeeded, enable process token privileges
2026-08-18 08:50:33.549299(+0530)[1456:8604] DBG ZSAServiceRpcClient::getTMStartUpData called.
2026-08-18 08:50:33.565098(+0530)[1456:8604] INF getTMStartUpData result, isSuccess: 1, startUpDataJsonStr: {"sessionInfoEx":{"sessionId":4294967295,"userInfo":{"sessionUserType":1,"wstrDomain":"","wstrUserSid":"-1","wstrUsername":""},"userSessionState":8},"zccLoggedInUserType":1}
2026-08-18 08:50:33.565098(+0530)[1456:8604] DBG ZSATrayManagerService::run startUpDataParseRes : 1 (Error Code: 0)
2026-08-18 08:50:33.565098(+0530)[1456:8604] INF Processing inital user session state. Initial State 8
2026-08-18 08:50:33.565098(+0530)[1456:8604] INF ZEventsTransmitter: Resetting quit event.
2026-08-18 08:50:33.565098(+0530)[1456:8604] INF ZEventsTransmitter: Resetting quit event.
2026-08-18 08:50:33.565098(+0530)[1456:8604] INF ZEvents set source: 2
2026-08-18 08:50:33.565098(+0530)[1456:8604] DBG UserSid: -1, sessionId: 4294967295 sha1: 7984B0A0E139CABADB5AFC7756D473FB34D23819
2026-08-18 08:50:33.565098(+0530)[1456:8604] ERR ZSARegistryInterfaceImpl::getValue: failed for Registry: -1\SOFTWARE\Zscaler\ LanguageUIChoice, Error: 0x00000002
2026-08-18 08:50:33.565098(+0530)[1456:8604] DBG ZSALocalization::getCurrentUserLangRegValue: Unable to retrieve user language registry value with SID.
2026-08-18 08:50:33.565098(+0530)[1456:8604] INF ZSALocalization::getCurrentUserLangRegValue returning <no value>
2026-08-18 08:50:33.565098(+0530)[1456:8604] ERR RegGetValue Failed. [lRes:2, LastErrorCode:0x00000000]
2026-08-18 08:50:33.565098(+0530)[1456:8604] INF ZSALocalization::GetUserDefaultLocaleName succeeded. [localeName:en-IN]
2026-08-18 08:50:33.565098(+0530)[1456:8604] INF ZSALocalization: got lang reg value 'en'current system locale
2026-08-18 08:50:33.565098(+0530)[1456:8604] INF ZSALocalization: returning language: 9
2026-08-18 08:50:33.565098(+0530)[1456:8604] ERR Either pSmBiosTable is null or invalid stringIndex. [stringIndex:0]
2026-08-18 08:50:33.565098(+0530)[1456:8604] WAR Failed to parse Named Domain from registry value
2026-08-18 08:50:33.565098(+0530)[1456:10452] DBG [findFilesAndOperateV2] Operating on C:\ProgramData\Zscaler
2026-08-18 08:50:33.565098(+0530)[1456:8604] DBG ZCCProfile:readAndStoreInstallParams: Keys Added: 6
2026-08-18 08:50:33.565098(+0530)[1456:10452] DBG [findFilesAndOperateV2] Operating on C:\ProgramData\Zscaler\log-5BFF858269CC2D4D1FCC83EABC65FEA94E87F2AF
2026-08-18 08:50:33.565098(+0530)[1456:8604] ERR Either pSmBiosTable is null or invalid stringIndex. [stringIndex:0]
2026-08-18 08:50:33.565098(+0530)[1456:10452] DBG [findFilesAndOperateV2] Operation done on C:\ProgramData\Zscaler\log-5BFF858269CC2D4D1FCC83EABC65FEA94E87F2AF
2026-08-18 08:50:33.565098(+0530)[1456:10452] DBG [findFilesAndOperateV2] Operating on C:\ProgramData\Zscaler\ZEP
2026-08-18 08:50:33.565098(+0530)[1456:10452] DBG [findFilesAndOperateV2] Operating on C:\ProgramData\Zscaler\ZEP\Logs
2026-08-18 08:50:33.565098(+0530)[1456:10452] DBG [findFilesAndOperateV2] Operation done on C:\ProgramData\Zscaler\ZEP\Logs
2026-08-18 08:50:33.565098(+0530)[1456:10452] DBG [findFilesAndOperateV2] Operation done on C:\ProgramData\Zscaler\ZEP
2026-08-18 08:50:33.565098(+0530)[1456:10452] DBG [findFilesAndOperateV2] Operation done on C:\ProgramData\Zscaler
2026-08-18 08:50:33.565098(+0530)[1456:8604] INF OS Branding: Microsoft Windows 11 Enterprise
2026-08-18 08:50:33.565098(+0530)[1456:8604] INF OS: Microsoft Windows 11 Enterprise
2026-08-18 08:50:33.565098(+0530)[1456:8604] DBG User Name retrieved from Reg: 
2026-08-18 08:50:33.565098(+0530)[1456:8604] INF ImpersonateLoggedOnUser() for sessionID: 4294967295
2026-08-18 08:50:33.565098(+0530)[1456:8604] ERR WTSQueryUserToken failed; error: 0x000003F0
2026-08-18 08:50:33.565098(+0530)[1456:8604] ERR impersonateLoggedOnUser() failed, unable to read owner information
2026-08-18 08:50:33.565098(+0530)[1456:8604] INF Owner: 
2026-08-18 08:50:33.565098(+0530)[1456:8604] DBG getCloudNamefromMAHostName: Searching maAltenamePrefix=mobile6. (maHostname=, maHonamePrefix=mobile.)
2026-08-18 08:50:33.565098(+0530)[1456:8604] INF EnableFips: 0
2026-08-18 08:50:33.565098(+0530)[1456:8604] INF LWF Config Override: [0], Registry: [0], Architecture: [0]
2026-08-18 08:50:33.565098(+0530)[1456:8604] ERR ZSARegistryInterfaceImpl::getValue: failed for Registry: SOFTWARE\Zscaler Inc.\Zscaler\EXTRA\ VHSignature, Error: 0x00000002
2026-08-18 08:50:33.565098(+0530)[1456:8604] DBG getHardwareID:purpose: user_tunnel_generic, version: 3, hwid: Zjg1MDQ3MmZlMGIzZGFjNWEyZWE1NWU3YTVkODVkMzU2NjVlZjlmYmEwNGI3NDNjNGMxODRlNDgxNzIxZThkMg==
2026-08-18 08:50:33.565098(+0530)[1456:8604] INF Hardware ID: Zjg1MDQ3MmZlMGIzZGFjNWEyZWE1NWU3YTVkODVkMzU2NjVlZjlmYmEwNGI3NDNjNGMxODRlNDgxNzIxZThkMg==
2026-08-18 08:50:33.565098(+0530)[1456:8604] ERR ZSARegistryInterfaceImpl::getValue: failed for Registry: SOFTWARE\Zscaler Inc.\Zscaler\EXTRA\ VHSignature, Error: 0x00000002
2026-08-18 08:50:33.565098(+0530)[1456:8604] ERR Either pSmBiosTable is null or invalid stringIndex. [stringIndex:0]
2026-08-18 08:50:33.596716(+0530)[1456:8604] DBG machineUID is 55MBVC4
2026-08-18 08:50:33.596716(+0530)[1456:8604] DBG serialNumber is 55MBVC4
2026-08-18 08:50:33.596716(+0530)[1456:8604] DBG udid is 55MBVC4:7984B0A0E139CABADB5AFC7756D473FB34D23819
2026-08-18 08:50:33.596716(+0530)[1456:8604] INF HideUIOnLaunch: 0
2026-08-18 08:50:33.596716(+0530)[1456:8604] INF StrictEnforcement: 0
2026-08-18 08:50:33.596716(+0530)[1456:8604] INF Log level init.
2026-08-18 08:50:33.596716(+0530)[1456:8604] ERR Either pSmBiosTable is null or invalid stringIndex. [stringIndex:0]
2026-08-18 08:50:33.596716(+0530)[1456:8604] DBG ZSAOSUtil::readStringFromReg. Reg key: HARDWARE\DESCRIPTION\System\BIOS\SystemManufacturer, value: Dell Inc.
2026-08-18 08:50:33.596716(+0530)[1456:8604] INF Manufacturer retrieved from Reg: Dell Inc.
2026-08-18 08:50:33.596716(+0530)[1456:8604] INF Manufacturer: [Dell Inc.]
2026-08-18 08:50:33.596716(+0530)[1456:8604] DBG ZSAOSUtil::readStringFromReg. Reg key: HARDWARE\DESCRIPTION\System\BIOS\SystemProductName, value: Dell Pro 14 Plus PB14250
2026-08-18 08:50:33.596716(+0530)[1456:8604] INF Model retrieved from Reg: Dell Pro 14 Plus PB14250
2026-08-18 08:50:33.596716(+0530)[1456:8604] INF model: [Dell Pro 14 Plus PB14250]
2026-08-18 08:50:33.596716(+0530)[1456:8604] INF Resetting domain and loginName as user isn't enrolled
2026-08-18 08:50:33.596716(+0530)[1456:8604] DBG User Domain retrieved from Reg: nielseniq.com
2026-08-18 08:50:33.596716(+0530)[1456:8604] INF Domain: [nielseniq.com]
2026-08-18 08:50:33.596716(+0530)[1456:8604] INF isSeedDomainConfigured: [true]
2026-08-18 08:50:33.596716(+0530)[1456:8604] DBG User Name retrieved from Reg: 
2026-08-18 08:50:33.596716(+0530)[1456:8604] INF isSeedUsernameConfigured: [false]
2026-08-18 08:50:33.596716(+0530)[1456:8604] INF User enrolled: [0]
2026-08-18 08:50:33.596716(+0530)[1456:8604] INF ExternalDeviceID is Empty
2026-08-18 08:50:33.596716(+0530)[1456:8604] DBG ExternalDeviceID retrieved from Registry: 
2026-08-18 08:50:33.596716(+0530)[1456:8604] INF ExternalDeviceId: []
2026-08-18 08:50:33.596716(+0530)[1456:8604] INF manufacturer: [Dell Inc.], os_version: [10.0.26100], device_model: [Dell Pro 14 Plus PB14250]
2026-08-18 08:50:33.596716(+0530)[1456:8604] INF Service: ZSAUpm, isServiceInstalled: 1
2026-08-18 08:50:33.596716(+0530)[1456:8604] DBG CDistroFilePaths::PopulatePath_ForComponent: Populated deploy path for component 'ZSAUpm.exe' as 'C:\Program Files\Zscaler'
2026-08-18 08:50:33.596716(+0530)[1456:8604] INF ZDX Binary Path: C:\Program Files\Zscaler\ZSAUpm\ZSAUpm.exe
2026-08-18 08:50:33.596716(+0530)[1456:8604] INF ZDP Binary Path: C:\Program Files\Zscaler\ZDP\ZDPService.exe
2026-08-18 08:50:33.596716(+0530)[1456:8604] DBG Failed to open service 'ZDPService'; error: 0x00000424
2026-08-18 08:50:33.598723(+0530)[1456:8604] INF Service: ZDPService, isServiceInstalled: 0
2026-08-18 08:50:33.598723(+0530)[1456:8604] ERR ZDP Service is not installed on the machine.
2026-08-18 08:50:33.598723(+0530)[1456:8604] DBG Config Dir: C:\ProgramData\Zscaler
2026-08-18 08:50:33.598723(+0530)[1456:8604] WAR ZAD:: Install json was not found. Was it installed?
2026-08-18 08:50:33.598723(+0530)[1456:8604] WAR ZAD:: Install json invalid/missing
2026-08-18 08:50:33.598723(+0530)[1456:8604] ERR ZAD: Failed to get service bin path. Service name missing
2026-08-18 08:50:33.598723(+0530)[1456:8604] WAR ZAD:: Failed to get protocol version. Could not get service path
2026-08-18 08:50:33.644363(+0530)[1456:8604] INF ZEPSdk: GetZEPProductVersion return value: 26.05.0.36
2026-08-18 08:50:33.644363(+0530)[1456:8604] DBG Config Dir: C:\ProgramData\Zscaler
2026-08-18 08:50:33.644363(+0530)[1456:8604] INF ZSAConfiguration constructor
2026-08-18 08:50:33.644363(+0530)[1456:8604] ERR No DDILConfigFilePath retrieved from registry
2026-08-18 08:50:33.644363(+0530)[1456:8604] ERR No DDILMAPublicKeyHash retrieved from registry
2026-08-18 08:50:33.644363(+0530)[1456:8604] DBG Config Dir: C:\ProgramData\Zscaler
2026-08-18 08:50:33.644363(+0530)[1456:8604] INF getDDILConfig: configfile: []
2026-08-18 08:50:33.644363(+0530)[1456:8604] INF DDILConfig: DDIL Config JSON is empty
2026-08-18 08:50:33.644363(+0530)[1456:8604] INF DDILState: cleared DDIL configuration
2026-08-18 08:50:33.644363(+0530)[1456:8604] ERR processDDILConfiguration: DDIL configuration not processed
2026-08-18 08:50:33.644363(+0530)[1456:8604] DBG getCloudNamefromMAHostName: Searching maAltenamePrefix=mobile6. (maHostname=, maHonamePrefix=mobile.)
2026-08-18 08:50:33.644363(+0530)[1456:8604] INF Getting local machine ROOT certificates.
2026-08-18 08:50:33.644363(+0530)[1456:8604] INF Getting local machine CA certificates.
2026-08-18 08:50:33.644363(+0530)[1456:8604] INF Auth::Lib::initializeAuthenticationLibrary: Called: 59
2026-08-18 08:50:33.644363(+0530)[1456:8604] INF Auth::Crypto::getCertExpiryDaySec: Certificate is not valid after: Jan 15 12:00:00 2038 GMT
2026-08-18 08:50:33.644363(+0530)[1456:8604] INF Auth::Crypto::getCertExpiryDaySec: Certificate is not valid after: Oct 25 08:30:35 2036 GMT
2026-08-18 08:50:33.644363(+0530)[1456:8604] INF Auth::Crypto::getCertExpiryDaySec: Certificate is not valid after: May  9 23:28:13 2021 GMT
2026-08-18 08:50:33.644363(+0530)[1456:8604] INF Skip expired certificate
2026-08-18 08:50:33.644363(+0530)[1456:8604] INF Auth::Crypto::getCertExpiryDaySec: Certificate is not valid after: Dec 31 23:59:59 2020 GMT
2026-08-18 08:50:33.644363(+0530)[1456:8604] INF Skip expired certificate
2026-08-18 08:50:33.644363(+0530)[1456:8604] INF Auth::Crypto::getCertExpiryDaySec: Certificate is not valid after: Dec 31 07:00:00 2020 GMT
2026-08-18 08:50:33.644363(+0530)[1456:8604] INF Skip expired certificate
2026-08-18 08:50:33.644363(+0530)[1456:8604] INF Auth::Crypto::getCertExpiryDaySec: Certificate is not valid after: Sep 15 00:00:00 2030 GMT
2026-08-18 08:50:33.644363(+0530)[1456:8604] INF Auth::Crypto::getCertExpiryDaySec: Certificate is not valid after: Mar 14 23:59:59 2032 GMT
2026-08-18 08:50:33.644363(+0530)[1456:8604] INF Auth::Crypto::getCertExpiryDaySec: Certificate is not valid after: Dec 31 23:59:59 2037 GMT
2026-08-18 08:50:33.644363(+0530)[1456:8604] INF Auth::Crypto::getCertExpiryDaySec: Certificate is not valid after: Mar 22 22:13:04 2036 GMT
2026-08-18 08:50:33.644363(+0530)[1456:8604] INF Auth::Crypto::getCertExpiryDaySec: Certificate is not valid after: Dec 31 23:59:59 1999 GMT
2026-08-18 08:50:33.644363(+0530)[1456:8604] INF Skip expired certificate
2026-08-18 08:50:33.644363(+0530)[1456:8604] INF Auth::Crypto::getCertExpiryDaySec: Certificate is not valid after: Jul 12 10:20:03 2038 GMT
2026-08-18 08:50:33.644363(+0530)[1456:8604] INF Auth::Crypto::getCertExpiryDaySec: Certificate is not valid after: Feb 19 00:02:41 2031 GMT
2026-08-18 08:50:33.644363(+0530)[1456:8604] INF Auth::Crypto::getCertExpiryDaySec: Certificate is not valid after: Nov 10 00:00:00 2031 GMT
2026-08-18 08:50:33.644363(+0530)[1456:8604] INF Auth::Crypto::getCertExpiryDaySec: Certificate is not valid after: Jun 23 22:04:01 2035 GMT
2026-08-18 08:50:33.644363(+0530)[1456:8604] INF Auth::Crypto::getCertExpiryDaySec: Certificate is not valid after: Feb 27 21:00:12 2043 GMT
2026-08-18 08:50:33.644363(+0530)[1456:8604] INF Auth::Crypto::getCertExpiryDaySec: Certificate is not valid after: Dec 30 23:59:59 1999 GMT
2026-08-18 08:50:33.644363(+0530)[1456:8604] INF Skip expired certificate
2026-08-18 08:50:33.644363(+0530)[1456:8604] INF Auth::Crypto::getCertExpiryDaySec: Certificate is not valid after: Jan  7 23:59:59 2004 GMT
2026-08-18 08:50:33.644363(+0530)[1456:8604] INF Skip expired certificate
2026-08-18 08:50:33.644363(+0530)[1456:8604] INF Auth::Crypto::getCertExpiryDaySec: Certificate is not valid after: Jun 20 16:38:20 2052 GMT
2026-08-18 08:50:33.644363(+0530)[1456:8604] INF Auth::Crypto::getCertExpiryDaySec: Certificate is not valid after: Feb 27 20:50:46 2043 GMT
2026-08-18 08:50:33.644363(+0530)[1456:8604] INF Auth::Crypto::getCertExpiryDaySec: Certificate is not valid after: Nov 10 00:00:00 2031 GMT
2026-08-18 08:50:33.644363(+0530)[1456:8604] INF Auth::Crypto::getCertExpiryDaySec: Certificate is not valid after: Oct 22 22:15:19 2039 GMT
2026-08-18 08:50:33.644363(+0530)[1456:8604] INF Auth::Crypto::getCertExpiryDaySec: Certificate is not valid after: Apr 16 18:44:40 2045 GMT
2026-08-18 08:50:33.644363(+0530)[1456:8604] INF Auth::Crypto::getCertExpiryDaySec: Certificate is not valid after: Jan 15 12:00:00 2038 GMT
2026-08-18 08:50:33.644363(+0530)[1456:8604] INF Auth::Crypto::getCertExpiryDaySec: Certificate is not valid after: Mar 17 18:33:33 2021 GMT
2026-08-18 08:50:33.644363(+0530)[1456:8604] INF Skip expired certificate
2026-08-18 08:50:33.644363(+0530)[1456:8604] INF Auth::Crypto::getCertExpiryDaySec: Certificate is not valid after: Mar 18 10:00:00 2029 GMT
2026-08-18 08:50:33.644363(+0530)[1456:8604] INF Auth::Crypto::getCertExpiryDaySec: Certificate is not valid after: Dec 31 23:59:59 2028 GMT
2026-08-18 08:50:33.644363(+0530)[1456:8604] INF Auth::Crypto::getCertExpiryDaySec: Certificate is not valid after: Jan 18 23:59:59 2038 GMT
2026-08-18 08:50:33.644363(+0530)[1456:8604] INF Auth::Crypto::getCertExpiryDaySec: Certificate is not valid after: Mar 21 23:59:59 2046 GMT
2026-08-18 08:50:33.644363(+0530)[1456:8604] INF Auth::Crypto::getCertExpiryDaySec: Certificate is not valid after: Jun  4 11:04:38 2035 GMT
2026-08-18 08:50:33.644363(+0530)[1456:8604] INF Auth::Crypto::getCertExpiryDaySec: Certificate is not valid after: Feb 12 17:39:39 2041 GMT
2026-08-18 08:50:33.644363(+0530)[1456:8604] INF Auth::Crypto::getCertExpiryDaySec: Certificate is not valid after: Jan 28 12:00:00 2028 GMT
2026-08-18 08:50:33.644363(+0530)[1456:8604] INF Auth::Crypto::getCertExpiryDaySec: Certificate is not valid after: Nov 10 00:00:00 2031 GMT
2026-08-18 08:50:33.644363(+0530)[1456:8604] INF Auth::Crypto::getCertExpiryDaySec: Certificate is not valid after: Jul 16 23:59:59 2036 GMT
2026-08-18 08:50:33.644363(+0530)[1456:8604] INF Auth::Crypto::getCertExpiryDaySec: Certificate is not valid after: Dec  7 17:55:54 2030 GMT
2026-08-18 08:50:33.644363(+0530)[1456:8604] INF Auth::Crypto::getCertExpiryDaySec: Certificate is not valid after: Dec 10 00:00:00 2034 GMT
2026-08-18 08:50:33.644363(+0530)[1456:8604] INF Auth::Crypto::getCertExpiryDaySec: Certificate is not valid after: Jan 15 12:00:00 2038 GMT
2026-08-18 08:50:33.644363(+0530)[1456:8604] INF Auth::Crypto::getCertExpiryDaySec: Certificate is not valid after: Aug  1 23:59:59 2028 GMT
2026-08-18 08:50:33.644363(+0530)[1456:8604] INF Auth::Crypto::getCertExpiryDaySec: Certificate is not valid after: Jan 14 23:59:59 2046 GMT
2026-08-18 08:50:33.644363(+0530)[1456:8604] INF Auth::Crypto::getCertExpiryDaySec: Certificate is not valid after: Jul 24 14:15:12 2029 GMT
2026-08-18 08:50:33.644363(+0530)[1456:8604] INF Auth::Crypto::getCertExpiryDaySec: Certificate is not valid after: Mar 18 00:00:00 2045 GMT
2026-08-18 08:50:33.644363(+0530)[1456:8604] INF Auth::Crypto::getCertExpiryDaySec: Certificate is not valid after: Jul 16 23:59:59 2036 GMT
2026-08-18 08:50:33.644363(+0530)[1456:8604] INF Auth::Crypto::getCertExpiryDaySec: Certificate is not valid after: Dec 31 23:59:59 2037 GMT
2026-08-18 08:50:33.644363(+0530)[1456:8604] INF Auth::Crypto::getCertExpiryDaySec: Certificate is not valid after: Sep 17 19:46:36 2036 GMT
2026-08-18 08:50:33.644363(+0530)[1456:8604] INF Auth::Crypto::getCertExpiryDaySec: Certificate is not valid after: Dec  1 23:59:59 2037 GMT
2026-08-18 08:50:33.644363(+0530)[1456:8604] INF Auth::Crypto::getCertExpiryDaySec: Certificate is not valid after: Jan 18 23:59:59 2038 GMT
2026-08-18 08:50:33.644363(+0530)[1456:8604] INF Auth::Crypto::getCertExpiryDaySec: Certificate is not valid after: Dec 31 23:59:59 2039 GMT
2026-08-18 08:50:33.644363(+0530)[1456:8604] INF Auth::Crypto::getCertExpiryDaySec: Certificate is not valid after: May  7 19:54:23 2030 GMT
2026-08-18 08:50:33.644363(+0530)[1456:8604] INF Auth::Crypto::getCertExpiryDaySec: Certificate is not valid after: Jun 25 21:27:11 2032 GMT
2026-08-18 08:50:33.644363(+0530)[1456:8604] INF Auth::Crypto::getCertExpiryDaySec: Certificate is not valid after: May  7 19:54:30 2030 GMT
2026-08-18 08:50:33.644363(+0530)[1456:8604] INF Auth::Crypto::getCertExpiryDaySec: Certificate is not valid after: Oct 24 23:59:59 2016 GMT
2026-08-18 08:50:33.644363(+0530)[1456:8604] INF Skip expired certificate
2026-08-18 08:50:33.644363(+0530)[1456:8604] INF Auth::Crypto::getCertExpiryDaySec: Certificate is not valid after: Dec 10 21:39:28 2039 GMT
2026-08-18 08:50:33.644363(+0530)[1456:8604] INF Auth::Crypto::getCertExpiryDaySec: Certificate is not valid after: Jul 20 13:59:17 2028 GMT
2026-08-18 08:50:33.644363(+0530)[1456:8604] INF Auth::Crypto::getCertExpiryDaySec: Certificate is not valid after: Jul 20 12:56:39 2028 GMT
2026-08-18 08:50:33.644363(+0530)[1456:8604] INF Auth::Crypto::getCertExpiryDaySec: Certificate is not valid after: Apr 28 23:59:59 2036 GMT
2026-08-18 08:50:33.644363(+0530)[1456:8604] INF Auth::Crypto::getCertExpiryDaySec: Certificate is not valid after: May  7 19:54:16 2030 GMT
2026-08-18 08:50:33.644363(+0530)[1456:8604] INF Auth::Crypto::getCertExpiryDaySec: Certificate is not valid after: Sep 15 00:00:00 2028 GMT
2026-08-18 08:50:33.644363(+0530)[1456:8604] INF Auth::Crypto::getCertExpiryDaySec: Certificate is not valid after: Jun 25 21:27:05 2032 GMT
2026-08-18 08:50:33.644363(+0530)[1456:8604] INF Auth::Crypto::getCertExpiryDaySec: Certificate is not valid after: Sep 15 00:00:00 2028 GMT
2026-08-18 08:50:33.644363(+0530)[1456:8604] INF Auth::Crypto::getCertExpiryDaySec: Certificate is not valid after: Dec 31 07:00:00 2002 GMT
2026-08-18 08:50:33.644363(+0530)[1456:8604] INF Skip expired certificate
2026-08-18 08:50:33.644363(+0530)[1456:8604] INF Auth::Lib:loadSSLCerts: Called: 56
2026-08-18 08:50:33.644363(+0530)[1456:8604] INF Auth::Lib::loadSSLCerts: Number of CA certs loaded: 53
2026-08-18 08:50:33.644363(+0530)[1456:8604] INF Auth::Lib::initializeAuthenticationLibrary: Finish
2026-08-18 08:50:33.723050(+0530)[1456:20192] DBG ZSAServiceBase::serviceControllerHandler: service control: SERVICE_CONTROL_SHUTDOWN
2026-08-18 08:50:33.723050(+0530)[1456:20192] INF On service shutdown
2026-08-18 08:50:33.764029(+0530)[1456:8604] INF ZSATrayManagerUtil:: Changed Poco::Net::AFLT to 2
2026-08-18 08:50:33.764029(+0530)[1456:8604] INF Getting local machine ROOT certificates.
2026-08-18 08:50:33.786344(+0530)[1456:8604] INF Getting local machine CA certificates.
2026-08-18 08:50:33.790368(+0530)[1456:8604] DBG getCloudNamefromMAHostName: Searching maAltenamePrefix=mobile6. (maHostname=, maHonamePrefix=mobile.)
2026-08-18 08:50:33.790368(+0530)[1456:8604] INF One::ID::initialize OneId Lib with: 59 certs
2026-08-18 08:50:33.790368(+0530)[1456:8604] INF One::ID::Skip expired certificate
2026-08-18 08:50:33.790368(+0530)[1456:8604] INF One::ID::Skip expired certificate
2026-08-18 08:50:33.790368(+0530)[1456:8604] INF One::ID::Skip expired certificate
2026-08-18 08:50:33.792377(+0530)[1456:8604] INF One::ID::Skip expired certificate
2026-08-18 08:50:33.792377(+0530)[1456:8604] INF One::ID::Skip expired certificate
2026-08-18 08:50:33.792377(+0530)[1456:8604] INF One::ID::Skip expired certificate
2026-08-18 08:50:33.792377(+0530)[1456:8604] INF One::ID::Skip expired certificate
2026-08-18 08:50:33.794386(+0530)[1456:8604] INF One::ID::Skip expired certificate
2026-08-18 08:50:33.794386(+0530)[1456:8604] INF One::ID::Skip expired certificate
2026-08-18 08:50:33.794386(+0530)[1456:8604] INF One::ID:loadSSLCerts: 56
2026-08-18 08:50:33.798406(+0530)[1456:8604] INF One::ID::loadSSLCerts: Number of CA certs loaded: 53
2026-08-18 08:50:33.798406(+0530)[1456:8604] INF One::ID::initialize: Finish
2026-08-18 08:50:33.799242(+0530)[1456:8604] ERR Either pSmBiosTable is null or invalid stringIndex. [stringIndex:0]
2026-08-18 08:50:33.800982(+0530)[1456:8604] ERR ZSAEncryptedFile::readFromFile: file open failed: The system cannot find the file specified.
2026-08-18 08:50:33.801491(+0530)[1456:8604] ERR Either pSmBiosTable is null or invalid stringIndex. [stringIndex:0]
2026-08-18 08:50:33.801491(+0530)[1456:8604] INF Checking if MachineTunnelFile exists at path: [C:\ProgramData\Zscaler/Zjg1MDQ3MmZlMGIzZGFjNWEyZWE1NWU3YTVkODVkMzU2NjVlZjlmYmEwNGI3NDNjNGMxODRlNDgxNzIxZThkMg==_mtc.dat]
2026-08-18 08:50:33.801491(+0530)[1456:8604] ERR machine tunnel, tunnel config file doesn't exist
2026-08-18 08:50:33.801491(+0530)[1456:8604] INF ZMachineTunnelManager, mtTunnelVersion: 6
2026-08-18 08:50:33.801491(+0530)[1456:8604] DBG startMachineTunnelIfRequired: checking config
2026-08-18 08:50:33.801491(+0530)[1456:8604] ERR Either pSmBiosTable is null or invalid stringIndex. [stringIndex:0]
2026-08-18 08:50:33.801491(+0530)[1456:8604] INF Checking if MachineTunnelFile exists at path: [C:\ProgramData\Zscaler/Zjg1MDQ3MmZlMGIzZGFjNWEyZWE1NWU3YTVkODVkMzU2NjVlZjlmYmEwNGI3NDNjNGMxODRlNDgxNzIxZThkMg==_mtc.dat]
2026-08-18 08:50:33.801491(+0530)[1456:8604] ERR machine tunnel, tunnel config file doesn't exist
2026-08-18 08:50:33.803502(+0530)[1456:8604] ERR Either pSmBiosTable is null or invalid stringIndex. [stringIndex:0]
2026-08-18 08:50:33.804030(+0530)[1456:8604] DBG ZMachineTunnelFileUtils::readAndDecrypt: filepath C:\ProgramData\Zscaler/Zjg1MDQ3MmZlMGIzZGFjNWEyZWE1NWU3YTVkODVkMzU2NjVlZjlmYmEwNGI3NDNjNGMxODRlNDgxNzIxZThkMg==_mtt.dat
2026-08-18 08:50:33.804030(+0530)[1456:8604] ERR ZSAEncryptedFile::readFromFile: file open failed: The system cannot find the file specified.
2026-08-18 08:50:33.804030(+0530)[1456:8604] DBG machine tunnel zpn, tunnel token decrypted and loaded successful (ziaCloudName=, maHostname=)
2026-08-18 08:50:33.804030(+0530)[1456:8604] INF ZPA machine tunnel is not configured, try fetching token from policy
2026-08-18 08:50:33.804030(+0530)[1456:8604] ERR Either pSmBiosTable is null or invalid stringIndex. [stringIndex:0]
2026-08-18 08:50:33.805102(+0530)[1456:8604] DBG ZMachineTunnelFileUtils::readAndDecrypt: filepath C:\ProgramData\Zscaler/Zjg1MDQ3MmZlMGIzZGFjNWEyZWE1NWU3YTVkODVkMzU2NjVlZjlmYmEwNGI3NDNjNGMxODRlNDgxNzIxZThkMg==_mtt.dat
2026-08-18 08:50:33.805102(+0530)[1456:8604] ERR ZSAEncryptedFile::readFromFile: file open failed: The system cannot find the file specified.
2026-08-18 08:50:33.805102(+0530)[1456:8604] DBG machine tunnel zpn, tunnel token decrypted and loaded successful (ziaCloudName=, maHostname=)
2026-08-18 08:50:33.805102(+0530)[1456:8604] ERR fetchPolicybyToken:: Machine tunnel: machine config doesn't exist
2026-08-18 08:50:33.805102(+0530)[1456:8604] DBG ZMachineTunnelFileUtils::readAndDecrypt: filepath C:\ProgramData\Zscaler/ZccMachineConfig_clp.dat
2026-08-18 08:50:33.805102(+0530)[1456:8604] ERR ZSAEncryptedFile::readFromFile: file open failed: The system cannot find the file specified.
2026-08-18 08:50:33.805102(+0530)[1456:8604] ERR Machine tunnel: failed to read/empty policyToken from reg
2026-08-18 08:50:33.805610(+0530)[1456:8604] ERR Either pSmBiosTable is null or invalid stringIndex. [stringIndex:0]
2026-08-18 08:50:33.805610(+0530)[1456:8604] DBG ZMachineTunnelFileUtils::readAndDecrypt: filepath C:\ProgramData\Zscaler/Zjg1MDQ3MmZlMGIzZGFjNWEyZWE1NWU3YTVkODVkMzU2NjVlZjlmYmEwNGI3NDNjNGMxODRlNDgxNzIxZThkMg==_mtt.dat
2026-08-18 08:50:33.805610(+0530)[1456:8604] ERR ZSAEncryptedFile::readFromFile: file open failed: The system cannot find the file specified.
2026-08-18 08:50:33.805610(+0530)[1456:8604] DBG machine tunnel zpn, tunnel token decrypted and loaded successful (ziaCloudName=, maHostname=)
2026-08-18 08:50:33.805610(+0530)[1456:8604] ERR Machine tunnel: machine config doesn't exist
2026-08-18 08:50:33.805610(+0530)[1456:8604] INF Machine tunnel: policyFetchStatus: , policyFetchTime: 2026-08-18-08-50-33.805610
2026-08-18 08:50:33.805610(+0530)[1456:8604] ERR Machine tunnel: skipping start as policy fetch failed
2026-08-18 08:50:33.806027(+0530)[1456:8604] INF [ZSAMonitoringTimer] After updateMtRetryParams: isRetryRequired: 0, isExpBackoffReqd: 0, nextRetryInterval: 65535 secs, nextRetryTime: 65535 secs
2026-08-18 08:50:33.806027(+0530)[1456:8604] DBG sessionId -1, startMachineTunnelIfRequired. [errCode:6]
2026-08-18 08:50:33.806027(+0530)[1456:8604] INF RPC Listener retry attempts left: 3
2026-08-18 08:50:33.806027(+0530)[1456:8604] INF RPC Listener started
2026-08-18 08:50:33.806537(+0530)[1456:8604] INF Starting MainTimer
2026-08-18 08:50:33.806537(+0530)[1456:8604] INF [Auto Update Monitor] Interval: 7200 sec
2026-08-18 08:50:33.806537(+0530)[1456:8604] INF [Auto Update Monitor] Last Timer: 1787043033 sec
2026-08-18 08:50:33.806537(+0530)[1456:8604] INF [Auto Update Monitor] Next Timer: 0 sec
2026-08-18 08:50:33.806537(+0530)[1456:8604] INF MainTimer started
2026-08-18 08:50:33.806537(+0530)[1456:8604] INF ProcessMonitor: starting
2026-08-18 08:50:33.806537(+0530)[1456:8604] DBG WmiHelper: coInitializeEx called with isCoInitializeEx: 0
2026-08-18 08:50:33.806537(+0530)[1456:8604] INF WmiHelper: The COM library was initialized successfully for WmiHelper
2026-08-18 08:50:33.806537(+0530)[1456:8604] INF WmiHelper: The COM library security initialized
2026-08-18 08:50:33.806537(+0530)[1456:8604] DBG WmiHelper: reInitWmi called! isCoInitializeEx: 1, wmiError: 0
2026-08-18 08:50:33.806537(+0530)[1456:8604] DBG WmiHelper: initWmi called with isInitSuccess: 0
2026-08-18 08:50:33.806537(+0530)[1456:8604] DBG WmiHelper: coInitializeEx called with isCoInitializeEx: 0
2026-08-18 08:50:33.806537(+0530)[1456:8604] INF WmiHelper: The COM library was initialized successfully for WmiHelper
2026-08-18 08:50:33.806537(+0530)[1456:8604] DBG WmiHelper: coInitializeSecurity called with isCoInitializeSecurity: 0
2026-08-18 08:50:33.806537(+0530)[1456:8604] INF WmiHelper: The COM library security was initialized successfully for WmiHelper
2026-08-18 08:50:33.806537(+0530)[1456:8604] DBG WmiHelper: coCreateInstance called with isLocatorSuccess: 0
2026-08-18 08:50:33.808548(+0530)[1456:22544] INF MainTimer thread start
2026-08-18 08:50:33.809173(+0530)[1456:22544] DBG Skipping ZAD install check because no logged in user found
2026-08-18 08:50:33.811143(+0530)[1456:8604] INF WmiHelper: An instance of the specified object class was successfully created using wmiHelper
2026-08-18 08:50:33.811143(+0530)[1456:8604] DBG WmiHelper: connectServer called with isServiceSuccess: 0
2026-08-18 08:50:33.815428(+0530)[1456:8604] ERR WmiHelper: connectServer() failure! ErrorCode: 0x8007045b
2026-08-18 08:50:33.815428(+0530)[1456:8604] ERR WmiHelper: ZSAWmiHelper init failed!
2026-08-18 08:50:33.815428(+0530)[1456:8604] ERR WmiHelper: execNotificationQueryAsync: reInit failed!
2026-08-18 08:50:33.815428(+0530)[1456:8604] INF WmiHelper: execNotificationQueryAsync called
2026-08-18 08:50:33.825244(+0530)[1456:8604] INF ZSAProcessMonitor::resetWatch res = 1
2026-08-18 08:50:33.825899(+0530)[1456:8604] INF ProcessMonitor: started
2026-08-18 08:50:33.825899(+0530)[1456:8604] DBG ZPCConfig: readConfig: C:\ProgramData\Zscaler\zpcProgress.json
2026-08-18 08:50:33.825899(+0530)[1456:8604] INF ZPCConfig: Failed to open zpcProgress.json in readConfig (exists=0)
2026-08-18 08:50:33.827706(+0530)[1456:8604] ERR Failed to subscribe to Modern Standby events
2026-08-18 08:50:33.827706(+0530)[1456:8604] INF SSM:enableEventsAnnotation : 1
2026-08-18 08:50:33.827706(+0530)[1456:8604] DBG Sending quit signal to tray spawner to exit tray
2026-08-18 08:50:33.827706(+0530)[1456:8604] DBG Performing ZSATrayManager clean-up tasks
2026-08-18 08:50:33.827706(+0530)[1456:8604] DBG ZSAServiceBase::cleanUp called
2026-08-18 08:50:33.829716(+0530)[1456:8604] INF removeProxyListener: continue flag is false
2026-08-18 08:50:33.830223(+0530)[1456:8604] INF removeProxyListener: Done
2026-08-18 08:50:33.830223(+0530)[1456:8604] INF machineTunnelThread: Already not running.
2026-08-18 08:50:33.830223(+0530)[1456:8604] ERR Either pSmBiosTable is null or invalid stringIndex. [stringIndex:0]
2026-08-18 08:50:33.830223(+0530)[1456:8604] ERR ZSAEncryptedFile::readFromFile: file open failed: The system cannot find the file specified.
2026-08-18 08:50:33.830223(+0530)[1456:8604] ERR Either pSmBiosTable is null or invalid stringIndex. [stringIndex:0]
2026-08-18 08:50:33.830223(+0530)[1456:8604] DBG ZMachineTunnelFileUtils::readAndDecrypt: filepath C:\ProgramData\Zscaler/Zjg1MDQ3MmZlMGIzZGFjNWEyZWE1NWU3YTVkODVkMzU2NjVlZjlmYmEwNGI3NDNjNGMxODRlNDgxNzIxZThkMg==_mtt.dat
2026-08-18 08:50:33.830223(+0530)[1456:8604] ERR ZSAEncryptedFile::readFromFile: file open failed: The system cannot find the file specified.
2026-08-18 08:50:33.830223(+0530)[1456:8604] DBG machine tunnel zpn, tunnel token decrypted and loaded successful (ziaCloudName=, maHostname=)
2026-08-18 08:50:33.830223(+0530)[1456:8604] ERR Machine Tunnel:onPolicyDownloadTimer: Failed to read the machine tunnel config data
2026-08-18 08:50:33.830223(+0530)[1456:8604] INF ZSATrayAuth::stopZPAMachineTunnel done
2026-08-18 08:50:33.880231(+0530)[1456:22544] INF ZEPSdk: GetZEPProductVersion return value: 26.05.0.36
2026-08-18 08:50:33.952937(+0530)[1456:8604] INF ZEvents::waitForPendingEvents wait completed after timeout. 0 pending events
2026-08-18 08:50:33.952937(+0530)[1456:8604] INF ZEvents: clearing 0 events from ZEvents queue.
2026-08-18 08:50:33.952937(+0530)[1456:8604] INF ZEvents::stopTransmitter: transmitterThread is not running
2026-08-18 08:50:33.952937(+0530)[1456:8604] INF ZEvents setPolicy: ZDX enabled='0', ZCC enabled='0', REM enabled='0'; collect machine info 0, user info 0
2026-08-18 08:50:33.952937(+0530)[1456:8604] INF ZEvents setPolicy: feature disabled. Stopping...
2026-08-18 08:50:33.952937(+0530)[1456:8604] INF ZEvents::stopTransmitter: transmitterThread is not running
2026-08-18 08:50:33.952937(+0530)[1456:8604] INF ZEvents setPolicy: Stopping Remediation events transmitter...
2026-08-18 08:50:33.952937(+0530)[1456:8604] INF ZEvents::stopRemediationTransmitter: remediationTransmitterThread is not running
2026-08-18 08:50:33.952937(+0530)[1456:8604] INF ZEvents setPolicy: success? 1
2026-08-18 08:50:33.952937(+0530)[1456:8604] INF ZEvents setPolicy: ZDX enabled='0', ZCC enabled='0', REM enabled='0'; collect machine info 0, user info 0
2026-08-18 08:50:33.952937(+0530)[1456:8604] INF ZEvents setPolicy: feature disabled. Stopping...
2026-08-18 08:50:33.952937(+0530)[1456:8604] INF ZEvents::stopTransmitter: transmitterThread is not running
2026-08-18 08:50:33.952937(+0530)[1456:8604] INF ZEvents setPolicy: Stopping Remediation events transmitter...
2026-08-18 08:50:33.954946(+0530)[1456:8604] INF ZEvents::stopRemediationTransmitter: remediationTransmitterThread is not running
2026-08-18 08:50:33.954946(+0530)[1456:8604] INF ZEvents setPolicy: success? 1
2026-08-18 08:50:33.954946(+0530)[1456:8604] ERR ZEvents lib already initialized
2026-08-18 08:50:33.954946(+0530)[1456:8604] INF ZEvents set source: 0
2026-08-18 08:50:33.954946(+0530)[1456:8604] INF ZPC: Stopping Packet Captures! [stopTunnelPacketDumpAlso:0, updateLabel:0, notifyUser:0]
2026-08-18 08:50:33.954946(+0530)[1456:8604] INF ZPC: Packet Captures were not running!
2026-08-18 08:50:33.954946(+0530)[1456:8604] INF Stopping RPC Listener
2026-08-18 08:50:33.954946(+0530)[1456:8604] INF RPC Listener stopped
2026-08-18 08:50:33.954946(+0530)[1456:8604] INF ServerInterface RPC server unregister success.
2026-08-18 08:50:33.954946(+0530)[1456:8604] INF ListenerInterface RPC server unregister success.[interface:TrayMangerRpc]
2026-08-18 08:50:33.954946(+0530)[1456:8604] INF ServerInterface RPC server unregister success.
2026-08-18 08:50:33.954946(+0530)[1456:8604] INF ListenerInterface RPC server unregister success.[interface:TrayMangerTrayRpc]
2026-08-18 08:50:33.954946(+0530)[1456:8604] INF ServerInterface RPC server unregister success.
2026-08-18 08:50:33.954946(+0530)[1456:8604] INF ListenerInterface RPC server unregister success.[interface:TrayManagerCliRpcServer]
2026-08-18 08:50:33.954946(+0530)[1456:8604] DBG ZSAWebViewInstall stopping
2026-08-18 08:50:33.954946(+0530)[1456:8604] DBG Config Dir: C:\ProgramData\Zscaler
2026-08-18 08:50:33.954946(+0530)[1456:8604] INF ZSAConfigMonitor: Already not running.
2026-08-18 08:50:33.954946(+0530)[1456:8604] INF ZSAConfigMonitor::onCleanUp: Config Monitor successfully stopped
2026-08-18 08:50:33.954946(+0530)[1456:8604] INF ProcessMonitor: stopping
2026-08-18 08:50:33.954946(+0530)[1456:8604] INF WmiHelper: cancelNotificationQueryAsync called
2026-08-18 08:50:33.954946(+0530)[1456:8604] DBG WmiHelper: reInitWmi called! isCoInitializeEx: 1, wmiError: 0
2026-08-18 08:50:33.954946(+0530)[1456:8604] DBG WmiHelper: back to back reInitWmi calls. It will be skipped till 10 minutes of time elapses. Time elapsed: 0min
2026-08-18 08:50:33.954946(+0530)[1456:8604] DBG WmiHelper: reInitWmi skipped as previous init failed.
2026-08-18 08:50:33.954946(+0530)[1456:8604] ERR WmiHelper: cancelNotificationQueryAsync: reInit failed!
2026-08-18 08:50:33.954946(+0530)[1456:8604] INF ProcessMonitor: stopped
2026-08-18 08:50:33.954946(+0530)[1456:8604] INF MainTimer stopping
2026-08-18 08:50:33.954946(+0530)[1456:22544] INF MainTimer thread exit
2026-08-18 08:50:33.954946(+0530)[1456:8604] INF MainTimer stopped
2026-08-18 08:50:33.956957(+0530)[1456:8604] DBG [ZSAFM] Filtering already stopped
2026-08-18 08:50:33.956957(+0530)[1456:8604] DBG ZSATrayManagerServiceModules::init: Called.
2026-08-18 08:50:33.956957(+0530)[1456:8604] DBG ZSATrayManagerServiceModules::getZdpZccAddon: not initialized, creating new instance.
2026-08-18 08:50:33.956957(+0530)[1456:8604] DBG ZSATrayManagerServiceModules::setupZdpZccAddonSdk: Creating Configuration for ZdpZccAddonSdk
2026-08-18 08:50:33.956957(+0530)[1456:8604] DBG ZSATrayManagerServiceModules::setupZdpZccAddonSdk: Could not convert smcaId:  to int, Invalid Argument : invalid stoi argument
2026-08-18 08:50:33.956957(+0530)[1456:8604] DBG [ZSAClientShieldMonitor] stopping process monitor
2026-08-18 08:50:33.956957(+0530)[1456:8604] DBG [ZSAClientShieldMonitor] process monitor already stopped
2026-08-18 08:50:33.956957(+0530)[1456:8604] DBG ZSATrayManagerServiceModules::cleanup: Called.
2026-08-18 08:50:33.956957(+0530)[1456:8604] DBG ZSATrayManagerServiceModules::onZCCUserLogout: Called.
2026-08-18 08:50:33.956957(+0530)[1456:8604] DBG ZdpZccAddonSdk: uninit called.
2026-08-18 08:50:33.956957(+0530)[1456:8604] DBG ZdpZccAddonSdk: SDK is not properly initialized.
2026-08-18 08:50:33.956957(+0530)[1456:8604] DBG ZSATrayManagerServiceModules::onZCCUserLogout: success.
2026-08-18 08:50:33.956957(+0530)[1456:8604] DBG ZSATrayManagerServiceModules::cleanup: success.
2026-08-18 08:50:33.956957(+0530)[1456:20192] INF Service return code: 0
