2026-07-27 04:00:23.741860(+0530)[20000:27136] INF Timezone: India Standard Time, Offset: 19800, Standard Name: India Standard Time, UTC Offset: 19800
2026-07-27 04:00:23.741860(+0530)[20000:27136] INF ZSATrayManager Version: 4.8.0.232
2026-07-27 04:00:23.741860(+0530)[20000:27136] INF ZSATrayManager Architecture: x64
2026-07-27 04:00:23.741860(+0530)[20000:27136] INF UPM Hard Protocol Version: 28
2026-07-27 04:00:23.741860(+0530)[20000:27136] INF UPM Soft Protocol Version: 912
2026-07-27 04:00:23.741860(+0530)[20000:27136] INF ZAD Protocol Version: 4, 1
2026-07-27 04:00:23.741860(+0530)[20000:27136] INF GIT Hash: 8f4d1a1eacfec3e316e9064003d36808c1c70589
2026-07-27 04:00:23.741860(+0530)[20000:27136] INF x64 BINARY (Supports both gov and commercial clouds)
2026-07-27 04:00:23.741860(+0530)[20000:27136] DBG Config Dir: C:\ProgramData\Zscaler
2026-07-27 04:00:23.741860(+0530)[20000:27136] DBG App options initialized successfully
2026-07-27 04:00:23.743218(+0530)[20000:27136] INF ZCCProfile: Init callback function.
2026-07-27 04:00:23.761805(+0530)[20000:16196] INF ZSAServiceBase::serviceMain: registering for power events
2026-07-27 04:00:23.761805(+0530)[20000:16196] INF ZSAServiceBase::serviceMain: registered for suspend-resume, power & battery notifications
2026-07-27 04:00:23.763045(+0530)[20000:16196] INF ZSAServiceBase::registerPowerNotification: registered for 'GUID_TYPICAL_POWER_SAVINGS' power setting notification
2026-07-27 04:00:23.763045(+0530)[20000:16196] INF ZSAServiceBase::registerPowerNotification: registered for 'GUID_POWERSCHEME_PERSONALITY' power setting notification
2026-07-27 04:00:23.763045(+0530)[20000:16196] INF ZSAServiceBase::registerPowerNotification: registered for 'GUID_POWER_SAVING_STATUS' power setting notification
2026-07-27 04:00:23.763045(+0530)[20000:16196] INF ZSAServiceBase::registerPowerNotification: registered for 'GUID_MIN_POWER_SAVINGS' power setting notification
2026-07-27 04:00:23.763045(+0530)[20000:16196] INF ZSAServiceBase::registerPowerNotification: registered for 'GUID_MAX_POWER_SAVINGS' power setting notification
2026-07-27 04:00:23.763045(+0530)[20000:27136] DBG ZSAServiceBase::serviceControllerHandler: service control: SERVICE_CONTROL_POWEREVENT
2026-07-27 04:00:23.763045(+0530)[20000:16196] INF ZSAServiceBase::registerPowerNotification: registered for 'GUID_ACDC_POWER_SOURCE' power setting notification
2026-07-27 04:00:23.763045(+0530)[20000:16196] INF ZSAServiceBase::registerPowerNotification: registered for 'GUID_BATTERY_PERCENTAGE_REMAINING' power setting notification
2026-07-27 04:00:23.763045(+0530)[20000:16196] INF ZSAServiceBase::registerPowerNotification: registered for 'GUID_CONSOLE_DISPLAY_STATE' power setting notification
2026-07-27 04:00:23.763045(+0530)[20000:27136] DBG ZSAServiceBase::serviceControllerHandler: service control: SERVICE_CONTROL_POWEREVENT
2026-07-27 04:00:23.763045(+0530)[20000:27136] DBG ZSAServiceBase::serviceControllerHandler: service control: SERVICE_CONTROL_POWEREVENT
2026-07-27 04:00:23.763045(+0530)[20000:16196] INF Failure actions is already configured.
2026-07-27 04:00:23.763045(+0530)[20000:27136] DBG ZSAServiceBase::serviceControllerHandler: service control: SERVICE_CONTROL_POWEREVENT
2026-07-27 04:00:23.763045(+0530)[20000:24592] DBG Checking security permission for C:\ProgramData\Zscaler and updating if required
2026-07-27 04:00:23.763045(+0530)[20000:24592] DBG ZSAFileUtils::checkAndSetFileSecurityAttributes called with secType: 1
2026-07-27 04:00:23.763045(+0530)[20000:24592] DBG ZSAFileUtils::checkFileSecurityAttributes called with secType: 1
2026-07-27 04:00:23.763045(+0530)[20000:24592] DBG ZSAFileUtils::checkFileSecurityAttributes Received SecurityDescriptor: D:(A;OICI;0x1200a9;;;BU)(A;OICI;FA;;;SY)(A;OICI;FA;;;BA), Expected SecurityDescriptor: D:(A;OICI;FA;;;SY)(A;OICI;FA;;;BA)
2026-07-27 04:00:23.763045(+0530)[20000:24592] DBG ZSAFileUtils::checkAndSetFileSecurityAttributes: reseting file SecurityAttributes
2026-07-27 04:00:23.763045(+0530)[20000:27136] DBG ZSAServiceBase::serviceControllerHandler: service control: SERVICE_CONTROL_POWEREVENT
2026-07-27 04:00:23.763045(+0530)[20000:24592] DBG ZSAFileUtils::setFileSecurityAttributes called with secType 1
2026-07-27 04:00:23.763045(+0530)[20000:24592] DBG ZSAFileUtils::setFileSecurityAttributes set ACL succeed.
2026-07-27 04:00:23.763045(+0530)[20000:24592] DBG ZSAFileUtils::setFileSecurityAttributes: calling SetSecurityInfo DaclPresent:1
2026-07-27 04:00:23.763045(+0530)[20000:24592] INF ZSAFileUtils::setFileSecurityAttributes: SetSecurityInfo success
2026-07-27 04:00:23.763045(+0530)[20000:24592] DBG Checking security permission for C:\ProgramData\Zscaler and updating if required
2026-07-27 04:00:23.763045(+0530)[20000:24592] DBG ZSAFileUtils::checkAndSetFileSecurityAttributes called with secType: 1
2026-07-27 04:00:23.763045(+0530)[20000:24592] DBG ZSAFileUtils::checkFileSecurityAttributes called with secType: 1
2026-07-27 04:00:23.763045(+0530)[20000:24592] DBG ZSAFileUtils::checkFileSecurityAttributes Received SecurityDescriptor: D:(A;OICI;FA;;;SY)(A;OICI;FA;;;BA), Expected SecurityDescriptor: D:(A;OICI;FA;;;SY)(A;OICI;FA;;;BA)
2026-07-27 04:00:23.763045(+0530)[20000:24592] DBG ZSARegistryHelper::setRegistryKeyPermission: Successfully set ACL: 1 for Registry:SOFTWARE\Zscaler Inc.\Zscaler\EXTRA 
2026-07-27 04:00:24.254727(+0530)[20000:27136] DBG ZSAServiceBase::serviceControllerHandler: service control: 130
2026-07-27 04:00:24.970224(+0530)[20000:24592] DBG OpenProcessToken succeeded, enable process token privileges
2026-07-27 04:00:24.970224(+0530)[20000:24592] DBG ZSAServiceRpcClient::getTMStartUpData called.
2026-07-27 04:00:25.144219(+0530)[20000:24592] INF getTMStartUpData result, isSuccess: 1, startUpDataJsonStr: {"sessionInfoEx":{"sessionId":4294967295,"userInfo":{"sessionUserType":1,"wstrDomain":"","wstrUserSid":"-1","wstrUsername":""},"userSessionState":8},"zccLoggedInUserType":1}
2026-07-27 04:00:25.144219(+0530)[20000:24592] DBG ZSATrayManagerService::run startUpDataParseRes : 1 (Error Code: 0)
2026-07-27 04:00:25.144219(+0530)[20000:24592] INF Processing inital user session state. Initial State 8
2026-07-27 04:00:25.144219(+0530)[20000:24592] INF ZEventsTransmitter: Resetting quit event.
2026-07-27 04:00:25.144219(+0530)[20000:24592] INF ZEventsTransmitter: Resetting quit event.
2026-07-27 04:00:25.144219(+0530)[20000:24592] INF ZEvents set source: 2
2026-07-27 04:00:25.144219(+0530)[20000:24592] DBG UserSid: -1, sessionId: 4294967295 sha1: 7984B0A0E139CABADB5AFC7756D473FB34D23819
2026-07-27 04:00:25.144219(+0530)[20000:24592] ERR ZSARegistryInterfaceImpl::getValue: failed for Registry: -1\SOFTWARE\Zscaler\ LanguageUIChoice, Error: 0x00000002
2026-07-27 04:00:25.144219(+0530)[20000:24592] DBG ZSALocalization::getCurrentUserLangRegValue: Unable to retrieve user language registry value with SID.
2026-07-27 04:00:25.144219(+0530)[20000:24592] INF ZSALocalization::getCurrentUserLangRegValue returning <no value>
2026-07-27 04:00:25.144219(+0530)[20000:24592] ERR RegGetValue Failed. [lRes:2, LastErrorCode:0x00000000]
2026-07-27 04:00:25.144219(+0530)[20000:24592] INF ZSALocalization::GetUserDefaultLocaleName succeeded. [localeName:en-IN]
2026-07-27 04:00:25.144219(+0530)[20000:24592] INF ZSALocalization: got lang reg value 'en'current system locale
2026-07-27 04:00:25.144219(+0530)[20000:24592] INF ZSALocalization: returning language: 9
2026-07-27 04:00:25.144219(+0530)[20000:24592] ERR Either pSmBiosTable is null or invalid stringIndex. [stringIndex:0]
2026-07-27 04:00:25.144219(+0530)[20000:24592] WAR Failed to parse Named Domain from registry value
2026-07-27 04:00:25.144219(+0530)[20000:24592] DBG ZCCProfile:readAndStoreInstallParams: Keys Added: 6
2026-07-27 04:00:25.144219(+0530)[20000:18608] DBG [findFilesAndOperateV2] Operating on C:\ProgramData\Zscaler
2026-07-27 04:00:25.144219(+0530)[20000:24592] ERR Either pSmBiosTable is null or invalid stringIndex. [stringIndex:0]
2026-07-27 04:00:25.144219(+0530)[20000:18608] DBG [findFilesAndOperateV2] Operating on C:\ProgramData\Zscaler\log-5BFF858269CC2D4D1FCC83EABC65FEA94E87F2AF
2026-07-27 04:00:25.144219(+0530)[20000:18608] DBG [findFilesAndOperateV2] Operation done on C:\ProgramData\Zscaler\log-5BFF858269CC2D4D1FCC83EABC65FEA94E87F2AF
2026-07-27 04:00:25.144219(+0530)[20000:18608] DBG [findFilesAndOperateV2] Operating on C:\ProgramData\Zscaler\log-B928EDBDA06DD54B0F106FA76580575900E69497
2026-07-27 04:00:25.144219(+0530)[20000:18608] DBG [findFilesAndOperateV2] Operation done on C:\ProgramData\Zscaler\log-B928EDBDA06DD54B0F106FA76580575900E69497
2026-07-27 04:00:25.144219(+0530)[20000:18608] DBG [findFilesAndOperateV2] Operating on C:\ProgramData\Zscaler\ZEP
2026-07-27 04:00:25.144219(+0530)[20000:18608] DBG [findFilesAndOperateV2] Operating on C:\ProgramData\Zscaler\ZEP\Logs
2026-07-27 04:00:25.144219(+0530)[20000:18608] DBG [findFilesAndOperateV2] Operation done on C:\ProgramData\Zscaler\ZEP\Logs
2026-07-27 04:00:25.144219(+0530)[20000:18608] DBG [findFilesAndOperateV2] Operation done on C:\ProgramData\Zscaler\ZEP
2026-07-27 04:00:25.144219(+0530)[20000:18608] DBG [findFilesAndOperateV2] Operation done on C:\ProgramData\Zscaler
2026-07-27 04:00:25.159375(+0530)[20000:24592] INF OS Branding: Microsoft Windows 11 Enterprise
2026-07-27 04:00:25.159375(+0530)[20000:24592] INF OS: Microsoft Windows 11 Enterprise
2026-07-27 04:00:25.159375(+0530)[20000:24592] DBG User Name retrieved from Reg: 
2026-07-27 04:00:25.159375(+0530)[20000:24592] INF ImpersonateLoggedOnUser() for sessionID: 4294967295
2026-07-27 04:00:25.161305(+0530)[20000:24592] ERR WTSQueryUserToken failed; error: 0x000003F0
2026-07-27 04:00:25.161305(+0530)[20000:24592] ERR impersonateLoggedOnUser() failed, unable to read owner information
2026-07-27 04:00:25.161305(+0530)[20000:24592] INF Owner: 
2026-07-27 04:00:25.161305(+0530)[20000:24592] DBG getCloudNamefromMAHostName: Searching maAltenamePrefix=mobile6. (maHostname=, maHonamePrefix=mobile.)
2026-07-27 04:00:25.161305(+0530)[20000:24592] INF EnableFips: 0
2026-07-27 04:00:25.161305(+0530)[20000:24592] INF LWF Config Override: [0], Registry: [0], Architecture: [0]
2026-07-27 04:00:25.161305(+0530)[20000:24592] ERR ZSARegistryInterfaceImpl::getValue: failed for Registry: SOFTWARE\Zscaler Inc.\Zscaler\EXTRA\ VHSignature, Error: 0x00000002
2026-07-27 04:00:25.161305(+0530)[20000:24592] DBG getHardwareID:purpose: user_tunnel_generic, version: 3, hwid: Zjg1MDQ3MmZlMGIzZGFjNWEyZWE1NWU3YTVkODVkMzU2NjVlZjlmYmEwNGI3NDNjNGMxODRlNDgxNzIxZThkMg==
2026-07-27 04:00:25.161305(+0530)[20000:24592] INF Hardware ID: Zjg1MDQ3MmZlMGIzZGFjNWEyZWE1NWU3YTVkODVkMzU2NjVlZjlmYmEwNGI3NDNjNGMxODRlNDgxNzIxZThkMg==
2026-07-27 04:00:25.161305(+0530)[20000:24592] ERR ZSARegistryInterfaceImpl::getValue: failed for Registry: SOFTWARE\Zscaler Inc.\Zscaler\EXTRA\ VHSignature, Error: 0x00000002
2026-07-27 04:00:25.161305(+0530)[20000:24592] ERR Either pSmBiosTable is null or invalid stringIndex. [stringIndex:0]
2026-07-27 04:00:25.191204(+0530)[20000:24592] DBG machineUID is 55MBVC4
2026-07-27 04:00:25.191204(+0530)[20000:24592] DBG serialNumber is 55MBVC4
2026-07-27 04:00:25.191204(+0530)[20000:24592] DBG udid is 55MBVC4:7984B0A0E139CABADB5AFC7756D473FB34D23819
2026-07-27 04:00:25.191204(+0530)[20000:24592] INF HideUIOnLaunch: 0
2026-07-27 04:00:25.191204(+0530)[20000:24592] INF StrictEnforcement: 0
2026-07-27 04:00:25.191204(+0530)[20000:24592] INF Log level init.
2026-07-27 04:00:25.191204(+0530)[20000:24592] ERR Either pSmBiosTable is null or invalid stringIndex. [stringIndex:0]
2026-07-27 04:00:25.191204(+0530)[20000:24592] DBG ZSAOSUtil::readStringFromReg. Reg key: HARDWARE\DESCRIPTION\System\BIOS\SystemManufacturer, value: Dell Inc.
2026-07-27 04:00:25.191204(+0530)[20000:24592] INF Manufacturer retrieved from Reg: Dell Inc.
2026-07-27 04:00:25.191204(+0530)[20000:24592] INF Manufacturer: [Dell Inc.]
2026-07-27 04:00:25.191204(+0530)[20000:24592] DBG ZSAOSUtil::readStringFromReg. Reg key: HARDWARE\DESCRIPTION\System\BIOS\SystemProductName, value: Dell Pro 14 Plus PB14250
2026-07-27 04:00:25.191204(+0530)[20000:24592] INF Model retrieved from Reg: Dell Pro 14 Plus PB14250
2026-07-27 04:00:25.191204(+0530)[20000:24592] INF model: [Dell Pro 14 Plus PB14250]
2026-07-27 04:00:25.191204(+0530)[20000:24592] INF Resetting domain and loginName as user isn't enrolled
2026-07-27 04:00:25.191204(+0530)[20000:24592] DBG User Domain retrieved from Reg: nielseniq.com
2026-07-27 04:00:25.191204(+0530)[20000:24592] INF Domain: [nielseniq.com]
2026-07-27 04:00:25.191204(+0530)[20000:24592] INF isSeedDomainConfigured: [true]
2026-07-27 04:00:25.191204(+0530)[20000:24592] DBG User Name retrieved from Reg: 
2026-07-27 04:00:25.191204(+0530)[20000:24592] INF isSeedUsernameConfigured: [false]
2026-07-27 04:00:25.191204(+0530)[20000:24592] INF User enrolled: [0]
2026-07-27 04:00:25.191204(+0530)[20000:24592] INF ExternalDeviceID is Empty
2026-07-27 04:00:25.191204(+0530)[20000:24592] DBG ExternalDeviceID retrieved from Registry: 
2026-07-27 04:00:25.191204(+0530)[20000:24592] INF ExternalDeviceId: []
2026-07-27 04:00:25.191204(+0530)[20000:24592] INF manufacturer: [Dell Inc.], os_version: [10.0.26100], device_model: [Dell Pro 14 Plus PB14250]
2026-07-27 04:00:25.191204(+0530)[20000:24592] INF Service: ZSAUpm, isServiceInstalled: 1
2026-07-27 04:00:25.191204(+0530)[20000:24592] DBG CDistroFilePaths::PopulatePath_ForComponent: Populated deploy path for component 'ZSAUpm.exe' as 'C:\Program Files\Zscaler'
2026-07-27 04:00:25.191204(+0530)[20000:24592] INF ZDX Binary Path: C:\Program Files\Zscaler\ZSAUpm\ZSAUpm.exe
2026-07-27 04:00:25.191204(+0530)[20000:24592] INF ZDP Binary Path: C:\Program Files\Zscaler\ZDP\ZDPService.exe
2026-07-27 04:00:25.191204(+0530)[20000:24592] DBG Failed to open service 'ZDPService'; error: 0x00000424
2026-07-27 04:00:25.191204(+0530)[20000:24592] INF Service: ZDPService, isServiceInstalled: 0
2026-07-27 04:00:25.191204(+0530)[20000:24592] ERR ZDP Service is not installed on the machine.
2026-07-27 04:00:25.191204(+0530)[20000:24592] DBG Config Dir: C:\ProgramData\Zscaler
2026-07-27 04:00:25.191204(+0530)[20000:24592] WAR ZAD:: Install json was not found. Was it installed?
2026-07-27 04:00:25.191204(+0530)[20000:24592] WAR ZAD:: Install json invalid/missing
2026-07-27 04:00:25.191204(+0530)[20000:24592] ERR ZAD: Failed to get service bin path. Service name missing
2026-07-27 04:00:25.191204(+0530)[20000:24592] WAR ZAD:: Failed to get protocol version. Could not get service path
2026-07-27 04:00:25.413926(+0530)[20000:24592] INF ZEPSdk: GetZEPProductVersion return value: 26.05.0.36
2026-07-27 04:00:25.413926(+0530)[20000:24592] DBG Config Dir: C:\ProgramData\Zscaler
2026-07-27 04:00:25.413926(+0530)[20000:24592] INF ZSAConfiguration constructor
2026-07-27 04:00:25.413926(+0530)[20000:24592] ERR No DDILConfigFilePath retrieved from registry
2026-07-27 04:00:25.413926(+0530)[20000:24592] ERR No DDILMAPublicKeyHash retrieved from registry
2026-07-27 04:00:25.413926(+0530)[20000:24592] DBG Config Dir: C:\ProgramData\Zscaler
2026-07-27 04:00:25.413926(+0530)[20000:24592] INF getDDILConfig: configfile: []
2026-07-27 04:00:25.413926(+0530)[20000:24592] INF DDILConfig: DDIL Config JSON is empty
2026-07-27 04:00:25.413926(+0530)[20000:24592] INF DDILState: cleared DDIL configuration
2026-07-27 04:00:25.413926(+0530)[20000:24592] ERR processDDILConfiguration: DDIL configuration not processed
2026-07-27 04:00:25.413926(+0530)[20000:24592] DBG getCloudNamefromMAHostName: Searching maAltenamePrefix=mobile6. (maHostname=, maHonamePrefix=mobile.)
2026-07-27 04:00:25.413926(+0530)[20000:24592] INF Getting local machine ROOT certificates.
2026-07-27 04:00:25.413926(+0530)[20000:24592] INF Getting local machine CA certificates.
2026-07-27 04:00:25.413926(+0530)[20000:24592] INF Auth::Lib::initializeAuthenticationLibrary: Called: 55
2026-07-27 04:00:25.413926(+0530)[20000:24592] INF Auth::Crypto::getCertExpiryDaySec: Certificate is not valid after: Jan 15 12:00:00 2038 GMT
2026-07-27 04:00:25.413926(+0530)[20000:24592] INF Auth::Crypto::getCertExpiryDaySec: Certificate is not valid after: Oct 25 08:30:35 2036 GMT
2026-07-27 04:00:25.413926(+0530)[20000:24592] INF Auth::Crypto::getCertExpiryDaySec: Certificate is not valid after: May  9 23:28:13 2021 GMT
2026-07-27 04:00:25.413926(+0530)[20000:24592] INF Skip expired certificate
2026-07-27 04:00:25.413926(+0530)[20000:24592] INF Auth::Crypto::getCertExpiryDaySec: Certificate is not valid after: Dec 31 23:59:59 2020 GMT
2026-07-27 04:00:25.413926(+0530)[20000:24592] INF Skip expired certificate
2026-07-27 04:00:25.413926(+0530)[20000:24592] INF Auth::Crypto::getCertExpiryDaySec: Certificate is not valid after: Dec 31 07:00:00 2020 GMT
2026-07-27 04:00:25.413926(+0530)[20000:24592] INF Skip expired certificate
2026-07-27 04:00:25.413926(+0530)[20000:24592] INF Auth::Crypto::getCertExpiryDaySec: Certificate is not valid after: Sep 15 00:00:00 2030 GMT
2026-07-27 04:00:25.413926(+0530)[20000:24592] INF Auth::Crypto::getCertExpiryDaySec: Certificate is not valid after: Mar 14 23:59:59 2032 GMT
2026-07-27 04:00:25.413926(+0530)[20000:24592] INF Auth::Crypto::getCertExpiryDaySec: Certificate is not valid after: Dec 31 23:59:59 2037 GMT
2026-07-27 04:00:25.413926(+0530)[20000:24592] INF Auth::Crypto::getCertExpiryDaySec: Certificate is not valid after: Mar 22 22:13:04 2036 GMT
2026-07-27 04:00:25.413926(+0530)[20000:24592] INF Auth::Crypto::getCertExpiryDaySec: Certificate is not valid after: Dec 31 23:59:59 1999 GMT
2026-07-27 04:00:25.413926(+0530)[20000:24592] INF Skip expired certificate
2026-07-27 04:00:25.413926(+0530)[20000:24592] INF Auth::Crypto::getCertExpiryDaySec: Certificate is not valid after: Jul 12 10:20:03 2038 GMT
2026-07-27 04:00:25.413926(+0530)[20000:24592] INF Auth::Crypto::getCertExpiryDaySec: Certificate is not valid after: Feb 19 00:02:41 2031 GMT
2026-07-27 04:00:25.413926(+0530)[20000:24592] INF Auth::Crypto::getCertExpiryDaySec: Certificate is not valid after: Nov 10 00:00:00 2031 GMT
2026-07-27 04:00:25.413926(+0530)[20000:24592] INF Auth::Crypto::getCertExpiryDaySec: Certificate is not valid after: Jun 23 22:04:01 2035 GMT
2026-07-27 04:00:25.413926(+0530)[20000:24592] INF Auth::Crypto::getCertExpiryDaySec: Certificate is not valid after: Feb 27 21:00:12 2043 GMT
2026-07-27 04:00:25.413926(+0530)[20000:24592] INF Auth::Crypto::getCertExpiryDaySec: Certificate is not valid after: Dec 30 23:59:59 1999 GMT
2026-07-27 04:00:25.413926(+0530)[20000:24592] INF Skip expired certificate
2026-07-27 04:00:25.413926(+0530)[20000:24592] INF Auth::Crypto::getCertExpiryDaySec: Certificate is not valid after: Jan  7 23:59:59 2004 GMT
2026-07-27 04:00:25.413926(+0530)[20000:24592] INF Skip expired certificate
2026-07-27 04:00:25.413926(+0530)[20000:24592] INF Auth::Crypto::getCertExpiryDaySec: Certificate is not valid after: Jun 20 16:38:20 2052 GMT
2026-07-27 04:00:25.413926(+0530)[20000:24592] INF Auth::Crypto::getCertExpiryDaySec: Certificate is not valid after: Feb 27 20:50:46 2043 GMT
2026-07-27 04:00:25.413926(+0530)[20000:24592] INF Auth::Crypto::getCertExpiryDaySec: Certificate is not valid after: Nov 10 00:00:00 2031 GMT
2026-07-27 04:00:25.413926(+0530)[20000:24592] INF Auth::Crypto::getCertExpiryDaySec: Certificate is not valid after: Oct 22 22:15:19 2039 GMT
2026-07-27 04:00:25.413926(+0530)[20000:24592] INF Auth::Crypto::getCertExpiryDaySec: Certificate is not valid after: Apr 16 18:44:40 2045 GMT
2026-07-27 04:00:25.413926(+0530)[20000:24592] INF Auth::Crypto::getCertExpiryDaySec: Certificate is not valid after: Jan 15 12:00:00 2038 GMT
2026-07-27 04:00:25.413926(+0530)[20000:24592] INF Auth::Crypto::getCertExpiryDaySec: Certificate is not valid after: Mar 17 18:33:33 2021 GMT
2026-07-27 04:00:25.413926(+0530)[20000:24592] INF Skip expired certificate
2026-07-27 04:00:25.413926(+0530)[20000:24592] INF Auth::Crypto::getCertExpiryDaySec: Certificate is not valid after: Mar 18 10:00:00 2029 GMT
2026-07-27 04:00:25.413926(+0530)[20000:24592] INF Auth::Crypto::getCertExpiryDaySec: Certificate is not valid after: Dec 31 23:59:59 2028 GMT
2026-07-27 04:00:25.413926(+0530)[20000:24592] INF Auth::Crypto::getCertExpiryDaySec: Certificate is not valid after: Jan 18 23:59:59 2038 GMT
2026-07-27 04:00:25.413926(+0530)[20000:24592] INF Auth::Crypto::getCertExpiryDaySec: Certificate is not valid after: Mar 21 23:59:59 2046 GMT
2026-07-27 04:00:25.413926(+0530)[20000:24592] INF Auth::Crypto::getCertExpiryDaySec: Certificate is not valid after: Jun  4 11:04:38 2035 GMT
2026-07-27 04:00:25.413926(+0530)[20000:24592] INF Auth::Crypto::getCertExpiryDaySec: Certificate is not valid after: Feb 12 17:39:39 2041 GMT
2026-07-27 04:00:25.413926(+0530)[20000:24592] INF Auth::Crypto::getCertExpiryDaySec: Certificate is not valid after: Jan 28 12:00:00 2028 GMT
2026-07-27 04:00:25.413926(+0530)[20000:24592] INF Auth::Crypto::getCertExpiryDaySec: Certificate is not valid after: Nov 10 00:00:00 2031 GMT
2026-07-27 04:00:25.413926(+0530)[20000:24592] INF Auth::Crypto::getCertExpiryDaySec: Certificate is not valid after: Jul 16 23:59:59 2036 GMT
2026-07-27 04:00:25.413926(+0530)[20000:24592] INF Auth::Crypto::getCertExpiryDaySec: Certificate is not valid after: Dec  7 17:55:54 2030 GMT
2026-07-27 04:00:25.413926(+0530)[20000:24592] INF Auth::Crypto::getCertExpiryDaySec: Certificate is not valid after: Dec 10 00:00:00 2034 GMT
2026-07-27 04:00:25.413926(+0530)[20000:24592] INF Auth::Crypto::getCertExpiryDaySec: Certificate is not valid after: Jan 15 12:00:00 2038 GMT
2026-07-27 04:00:25.413926(+0530)[20000:24592] INF Auth::Crypto::getCertExpiryDaySec: Certificate is not valid after: Aug  1 23:59:59 2028 GMT
2026-07-27 04:00:25.413926(+0530)[20000:24592] INF Auth::Crypto::getCertExpiryDaySec: Certificate is not valid after: Jan 14 23:59:59 2046 GMT
2026-07-27 04:00:25.413926(+0530)[20000:24592] INF Auth::Crypto::getCertExpiryDaySec: Certificate is not valid after: Jul 24 14:15:12 2029 GMT
2026-07-27 04:00:25.413926(+0530)[20000:24592] INF Auth::Crypto::getCertExpiryDaySec: Certificate is not valid after: Mar 18 00:00:00 2045 GMT
2026-07-27 04:00:25.413926(+0530)[20000:24592] INF Auth::Crypto::getCertExpiryDaySec: Certificate is not valid after: Jul 16 23:59:59 2036 GMT
2026-07-27 04:00:25.413926(+0530)[20000:24592] INF Auth::Crypto::getCertExpiryDaySec: Certificate is not valid after: Dec 31 23:59:59 2037 GMT
2026-07-27 04:00:25.429874(+0530)[20000:24592] INF Auth::Crypto::getCertExpiryDaySec: Certificate is not valid after: Sep 17 19:46:36 2036 GMT
2026-07-27 04:00:25.429874(+0530)[20000:24592] INF Auth::Crypto::getCertExpiryDaySec: Certificate is not valid after: Dec  1 23:59:59 2037 GMT
2026-07-27 04:00:25.429874(+0530)[20000:24592] INF Auth::Crypto::getCertExpiryDaySec: Certificate is not valid after: Jan 18 23:59:59 2038 GMT
2026-07-27 04:00:25.429874(+0530)[20000:24592] INF Auth::Crypto::getCertExpiryDaySec: Certificate is not valid after: Dec 31 23:59:59 2039 GMT
2026-07-27 04:00:25.429874(+0530)[20000:24592] INF Auth::Crypto::getCertExpiryDaySec: Certificate is not valid after: May  7 19:54:30 2030 GMT
2026-07-27 04:00:25.429874(+0530)[20000:24592] INF Auth::Crypto::getCertExpiryDaySec: Certificate is not valid after: Oct 24 23:59:59 2016 GMT
2026-07-27 04:00:25.429874(+0530)[20000:24592] INF Skip expired certificate
2026-07-27 04:00:25.429874(+0530)[20000:24592] INF Auth::Crypto::getCertExpiryDaySec: Certificate is not valid after: Dec 10 21:39:28 2039 GMT
2026-07-27 04:00:25.429874(+0530)[20000:24592] INF Auth::Crypto::getCertExpiryDaySec: Certificate is not valid after: Jul 20 13:59:17 2028 GMT
2026-07-27 04:00:25.429874(+0530)[20000:24592] INF Auth::Crypto::getCertExpiryDaySec: Certificate is not valid after: Jul 20 12:56:39 2028 GMT
2026-07-27 04:00:25.429874(+0530)[20000:24592] INF Auth::Crypto::getCertExpiryDaySec: Certificate is not valid after: Apr 28 23:59:59 2036 GMT
2026-07-27 04:00:25.429874(+0530)[20000:24592] INF Auth::Crypto::getCertExpiryDaySec: Certificate is not valid after: Sep 15 00:00:00 2028 GMT
2026-07-27 04:00:25.429874(+0530)[20000:24592] INF Auth::Crypto::getCertExpiryDaySec: Certificate is not valid after: Sep 15 00:00:00 2028 GMT
2026-07-27 04:00:25.429874(+0530)[20000:24592] INF Auth::Crypto::getCertExpiryDaySec: Certificate is not valid after: Dec 31 07:00:00 2002 GMT
2026-07-27 04:00:25.429874(+0530)[20000:24592] INF Skip expired certificate
2026-07-27 04:00:25.429874(+0530)[20000:24592] INF Auth::Lib:loadSSLCerts: Called: 52
2026-07-27 04:00:25.429874(+0530)[20000:24592] INF Auth::Lib::loadSSLCerts: Number of CA certs loaded: 49
2026-07-27 04:00:25.429874(+0530)[20000:24592] INF Auth::Lib::initializeAuthenticationLibrary: Finish
2026-07-27 04:00:25.447651(+0530)[20000:24592] INF ZSATrayManagerUtil:: Changed Poco::Net::AFLT to 2
2026-07-27 04:00:25.447651(+0530)[20000:24592] INF Getting local machine ROOT certificates.
2026-07-27 04:00:25.461792(+0530)[20000:24592] INF Getting local machine CA certificates.
2026-07-27 04:00:25.461792(+0530)[20000:24592] DBG getCloudNamefromMAHostName: Searching maAltenamePrefix=mobile6. (maHostname=, maHonamePrefix=mobile.)
2026-07-27 04:00:25.461792(+0530)[20000:24592] INF One::ID::initialize OneId Lib with: 55 certs
2026-07-27 04:00:25.461792(+0530)[20000:24592] INF One::ID::Skip expired certificate
2026-07-27 04:00:25.461792(+0530)[20000:24592] INF One::ID::Skip expired certificate
2026-07-27 04:00:25.461792(+0530)[20000:24592] INF One::ID::Skip expired certificate
2026-07-27 04:00:25.461792(+0530)[20000:24592] INF One::ID::Skip expired certificate
2026-07-27 04:00:25.461792(+0530)[20000:24592] INF One::ID::Skip expired certificate
2026-07-27 04:00:25.461792(+0530)[20000:24592] INF One::ID::Skip expired certificate
2026-07-27 04:00:25.461792(+0530)[20000:24592] INF One::ID::Skip expired certificate
2026-07-27 04:00:25.461792(+0530)[20000:24592] INF One::ID::Skip expired certificate
2026-07-27 04:00:25.461792(+0530)[20000:24592] INF One::ID::Skip expired certificate
2026-07-27 04:00:25.461792(+0530)[20000:24592] INF One::ID:loadSSLCerts: 52
2026-07-27 04:00:25.461792(+0530)[20000:24592] INF One::ID::loadSSLCerts: Number of CA certs loaded: 49
2026-07-27 04:00:25.461792(+0530)[20000:24592] INF One::ID::initialize: Finish
2026-07-27 04:00:25.461792(+0530)[20000:24592] ERR Either pSmBiosTable is null or invalid stringIndex. [stringIndex:0]
2026-07-27 04:00:25.461792(+0530)[20000:24592] ERR ZSAEncryptedFile::readFromFile: file open failed: The system cannot find the file specified.
2026-07-27 04:00:25.461792(+0530)[20000:24592] ERR Either pSmBiosTable is null or invalid stringIndex. [stringIndex:0]
2026-07-27 04:00:25.461792(+0530)[20000:24592] INF Checking if MachineTunnelFile exists at path: [C:\ProgramData\Zscaler/Zjg1MDQ3MmZlMGIzZGFjNWEyZWE1NWU3YTVkODVkMzU2NjVlZjlmYmEwNGI3NDNjNGMxODRlNDgxNzIxZThkMg==_mtc.dat]
2026-07-27 04:00:25.461792(+0530)[20000:24592] ERR machine tunnel, tunnel config file doesn't exist
2026-07-27 04:00:25.461792(+0530)[20000:24592] INF ZMachineTunnelManager, mtTunnelVersion: 6
2026-07-27 04:00:25.461792(+0530)[20000:24592] DBG startMachineTunnelIfRequired: checking config
2026-07-27 04:00:25.461792(+0530)[20000:24592] ERR Either pSmBiosTable is null or invalid stringIndex. [stringIndex:0]
2026-07-27 04:00:25.461792(+0530)[20000:24592] INF Checking if MachineTunnelFile exists at path: [C:\ProgramData\Zscaler/Zjg1MDQ3MmZlMGIzZGFjNWEyZWE1NWU3YTVkODVkMzU2NjVlZjlmYmEwNGI3NDNjNGMxODRlNDgxNzIxZThkMg==_mtc.dat]
2026-07-27 04:00:25.461792(+0530)[20000:24592] ERR machine tunnel, tunnel config file doesn't exist
2026-07-27 04:00:25.461792(+0530)[20000:24592] ERR Either pSmBiosTable is null or invalid stringIndex. [stringIndex:0]
2026-07-27 04:00:25.461792(+0530)[20000:24592] DBG ZMachineTunnelFileUtils::readAndDecrypt: filepath C:\ProgramData\Zscaler/Zjg1MDQ3MmZlMGIzZGFjNWEyZWE1NWU3YTVkODVkMzU2NjVlZjlmYmEwNGI3NDNjNGMxODRlNDgxNzIxZThkMg==_mtt.dat
2026-07-27 04:00:25.461792(+0530)[20000:24592] ERR ZSAEncryptedFile::readFromFile: file open failed: The system cannot find the file specified.
2026-07-27 04:00:25.461792(+0530)[20000:24592] DBG machine tunnel zpn, tunnel token decrypted and loaded successful (ziaCloudName=, maHostname=)
2026-07-27 04:00:25.461792(+0530)[20000:24592] INF ZPA machine tunnel is not configured, try fetching token from policy
2026-07-27 04:00:25.461792(+0530)[20000:24592] ERR Either pSmBiosTable is null or invalid stringIndex. [stringIndex:0]
2026-07-27 04:00:25.461792(+0530)[20000:24592] DBG ZMachineTunnelFileUtils::readAndDecrypt: filepath C:\ProgramData\Zscaler/Zjg1MDQ3MmZlMGIzZGFjNWEyZWE1NWU3YTVkODVkMzU2NjVlZjlmYmEwNGI3NDNjNGMxODRlNDgxNzIxZThkMg==_mtt.dat
2026-07-27 04:00:25.461792(+0530)[20000:24592] ERR ZSAEncryptedFile::readFromFile: file open failed: The system cannot find the file specified.
2026-07-27 04:00:25.461792(+0530)[20000:24592] DBG machine tunnel zpn, tunnel token decrypted and loaded successful (ziaCloudName=, maHostname=)
2026-07-27 04:00:25.461792(+0530)[20000:24592] ERR fetchPolicybyToken:: Machine tunnel: machine config doesn't exist
2026-07-27 04:00:25.461792(+0530)[20000:24592] DBG ZMachineTunnelFileUtils::readAndDecrypt: filepath C:\ProgramData\Zscaler/ZccMachineConfig_clp.dat
2026-07-27 04:00:25.461792(+0530)[20000:24592] ERR ZSAEncryptedFile::readFromFile: file open failed: The system cannot find the file specified.
2026-07-27 04:00:25.461792(+0530)[20000:24592] ERR Machine tunnel: failed to read/empty policyToken from reg
2026-07-27 04:00:25.461792(+0530)[20000:24592] ERR Either pSmBiosTable is null or invalid stringIndex. [stringIndex:0]
2026-07-27 04:00:25.461792(+0530)[20000:24592] DBG ZMachineTunnelFileUtils::readAndDecrypt: filepath C:\ProgramData\Zscaler/Zjg1MDQ3MmZlMGIzZGFjNWEyZWE1NWU3YTVkODVkMzU2NjVlZjlmYmEwNGI3NDNjNGMxODRlNDgxNzIxZThkMg==_mtt.dat
2026-07-27 04:00:25.461792(+0530)[20000:24592] ERR ZSAEncryptedFile::readFromFile: file open failed: The system cannot find the file specified.
2026-07-27 04:00:25.461792(+0530)[20000:24592] DBG machine tunnel zpn, tunnel token decrypted and loaded successful (ziaCloudName=, maHostname=)
2026-07-27 04:00:25.461792(+0530)[20000:24592] ERR Machine tunnel: machine config doesn't exist
2026-07-27 04:00:25.461792(+0530)[20000:24592] INF Machine tunnel: policyFetchStatus: , policyFetchTime: 2026-07-27-04-00-25.461792
2026-07-27 04:00:25.461792(+0530)[20000:24592] ERR Machine tunnel: skipping start as policy fetch failed
2026-07-27 04:00:25.461792(+0530)[20000:24592] INF [ZSAMonitoringTimer] After updateMtRetryParams: isRetryRequired: 0, isExpBackoffReqd: 0, nextRetryInterval: 65535 secs, nextRetryTime: 65535 secs
2026-07-27 04:00:25.461792(+0530)[20000:24592] DBG sessionId -1, startMachineTunnelIfRequired. [errCode:6]
2026-07-27 04:00:25.461792(+0530)[20000:24592] INF RPC Listener retry attempts left: 3
2026-07-27 04:00:25.461792(+0530)[20000:24592] INF RPC Listener started
2026-07-27 04:00:25.461792(+0530)[20000:24592] INF Starting MainTimer
2026-07-27 04:00:25.461792(+0530)[20000:24592] INF [Auto Update Monitor] Interval: 7200 sec
2026-07-27 04:00:25.461792(+0530)[20000:24592] INF [Auto Update Monitor] Last Timer: 1785124825 sec
2026-07-27 04:00:25.461792(+0530)[20000:24592] INF [Auto Update Monitor] Next Timer: 0 sec
2026-07-27 04:00:25.461792(+0530)[20000:24592] INF MainTimer started
2026-07-27 04:00:25.461792(+0530)[20000:24592] INF ProcessMonitor: starting
2026-07-27 04:00:25.461792(+0530)[20000:24592] DBG WmiHelper: coInitializeEx called with isCoInitializeEx: 0
2026-07-27 04:00:25.461792(+0530)[20000:24592] INF WmiHelper: The COM library was initialized successfully for WmiHelper
2026-07-27 04:00:25.461792(+0530)[20000:24592] INF WmiHelper: The COM library security initialized
2026-07-27 04:00:25.461792(+0530)[20000:24592] DBG WmiHelper: reInitWmi called! isCoInitializeEx: 1, wmiError: 0
2026-07-27 04:00:25.461792(+0530)[20000:24592] DBG WmiHelper: initWmi called with isInitSuccess: 0
2026-07-27 04:00:25.461792(+0530)[20000:24592] DBG WmiHelper: coInitializeEx called with isCoInitializeEx: 0
2026-07-27 04:00:25.461792(+0530)[20000:28512] INF MainTimer thread start
2026-07-27 04:00:25.461792(+0530)[20000:24592] INF WmiHelper: The COM library was initialized successfully for WmiHelper
2026-07-27 04:00:25.461792(+0530)[20000:28512] DBG Skipping ZAD install check because no logged in user found
2026-07-27 04:00:25.461792(+0530)[20000:24592] DBG WmiHelper: coInitializeSecurity called with isCoInitializeSecurity: 0
2026-07-27 04:00:25.461792(+0530)[20000:24592] INF WmiHelper: The COM library security was initialized successfully for WmiHelper
2026-07-27 04:00:25.461792(+0530)[20000:24592] DBG WmiHelper: coCreateInstance called with isLocatorSuccess: 0
2026-07-27 04:00:25.477583(+0530)[20000:24592] INF WmiHelper: An instance of the specified object class was successfully created using wmiHelper
2026-07-27 04:00:25.477583(+0530)[20000:24592] DBG WmiHelper: connectServer called with isServiceSuccess: 0
2026-07-27 04:00:25.489642(+0530)[20000:24592] INF WmiHelper: Connection through DCOM to a WMI namespace on the computer successful!
2026-07-27 04:00:25.489642(+0530)[20000:24592] DBG WmiHelper: coSetProxyBlanket called with isCoSetProxyBlanket: 0
2026-07-27 04:00:25.489642(+0530)[20000:24592] INF WmiHelper: CoSetProxyBlanket(): Authentication Information set successfully!
2026-07-27 04:00:25.489642(+0530)[20000:24592] INF WmiHelper: ZSAWmiHelper initiated successfully!
2026-07-27 04:00:25.489642(+0530)[20000:24592] INF WmiHelper: execNotificationQueryAsync called
2026-07-27 04:00:25.509334(+0530)[20000:24592] INF ZSAProcessMonitor::resetWatch res = 1
2026-07-27 04:00:25.509334(+0530)[20000:24592] INF ProcessMonitor: started
2026-07-27 04:00:25.509334(+0530)[20000:24592] DBG ZPCConfig: readConfig: C:\ProgramData\Zscaler\zpcProgress.json
2026-07-27 04:00:25.509334(+0530)[20000:24592] INF ZPCConfig: Failed to open zpcProgress.json in readConfig (exists=0)
2026-07-27 04:00:25.509334(+0530)[20000:24592] DBG ZEvtSub: addSubscription: succeeded adding channel: System, query: Event / System[EventID = 507]
2026-07-27 04:00:25.509334(+0530)[20000:24592] INF SSM:enableEventsAnnotation : 1
2026-07-27 04:00:25.668144(+0530)[20000:28512] INF ZEPSdk: GetZEPProductVersion return value: 26.05.0.36
2026-07-27 04:00:27.682698(+0530)[20000:28512] DBG Skipping ZAD install check because no logged in user found
2026-07-27 04:00:27.873429(+0530)[20000:28512] INF ZEPSdk: GetZEPProductVersion return value: 26.05.0.36
2026-07-27 04:00:29.889867(+0530)[20000:28512] DBG Skipping ZAD install check because no logged in user found
2026-07-27 04:00:30.079130(+0530)[20000:28512] INF ZEPSdk: GetZEPProductVersion return value: 26.05.0.36
2026-07-27 04:00:32.092327(+0530)[20000:28512] DBG Skipping ZAD install check because no logged in user found
2026-07-27 04:00:32.292936(+0530)[20000:28512] INF ZEPSdk: GetZEPProductVersion return value: 26.05.0.36
2026-07-27 04:00:33.756075(+0530)[20000:38340] INF [LogMon] updateLogFilesAcl: triggered
2026-07-27 04:00:33.756075(+0530)[20000:18608] DBG [findFilesAndOperateV2] Operating on C:\ProgramData\Zscaler
2026-07-27 04:00:33.756075(+0530)[20000:18608] DBG [findFilesAndOperateV2] Operation done on C:\ProgramData\Zscaler
2026-07-27 04:00:33.756075(+0530)[20000:18608] DBG called removeDumpFile for [dumpFiles:0, dwMaxDumpToRetain:10, bDeleteOldDump:1]
2026-07-27 04:00:33.756075(+0530)[20000:18608] DBG called removeDumpFile for [dumpFiles:0, dwMaxDumpToRetain:10, bDeleteOldDump:0]
2026-07-27 04:00:33.756075(+0530)[20000:38340] DBG [LogMon] ZSAFileUtils::setFileSecurityAttributes: calling SetSecurityInfo DaclPresent: 1
2026-07-27 04:00:33.756075(+0530)[20000:38340] DBG [LogMon] CSystemObjectSecurity::AdjustFilePermissionsForLogicalAccess: Set logical access for file 'C:\ProgramData\Zscaler/ZSATrayManager_2026-05-23-05-31-36.835815.log' to SystemLevelAccessOnly
2026-07-27 04:00:33.756075(+0530)[20000:38340] DBG [LogMon] ZSAFileUtils::setFileSecurityAttributes: calling SetSecurityInfo DaclPresent: 1
2026-07-27 04:00:33.756075(+0530)[20000:38340] DBG [LogMon] CSystemObjectSecurity::AdjustFilePermissionsForLogicalAccess: Set logical access for file 'C:\ProgramData\Zscaler/ZSATrayManager_2026-05-23-16-18-33.973501.log' to SystemLevelAccessOnly
2026-07-27 04:00:33.756075(+0530)[20000:38340] DBG [LogMon] ZSAFileUtils::setFileSecurityAttributes: calling SetSecurityInfo DaclPresent: 1
2026-07-27 04:00:33.756075(+0530)[20000:38340] DBG [LogMon] CSystemObjectSecurity::AdjustFilePermissionsForLogicalAccess: Set logical access for file 'C:\ProgramData\Zscaler/ZSATrayManager_2026-05-25-03-30-02.720680.log' to SystemLevelAccessOnly
2026-07-27 04:00:33.756075(+0530)[20000:38340] DBG [LogMon] ZSAFileUtils::setFileSecurityAttributes: calling SetSecurityInfo DaclPresent: 1
2026-07-27 04:00:33.756075(+0530)[20000:38340] DBG [LogMon] CSystemObjectSecurity::AdjustFilePermissionsForLogicalAccess: Set logical access for file 'C:\ProgramData\Zscaler/ZSATrayManager_2026-05-28-04-49-37.766471.log' to SystemLevelAccessOnly
2026-07-27 04:00:33.756075(+0530)[20000:38340] DBG [LogMon] ZSAFileUtils::setFileSecurityAttributes: calling SetSecurityInfo DaclPresent: 1
2026-07-27 04:00:33.756075(+0530)[20000:38340] DBG [LogMon] CSystemObjectSecurity::AdjustFilePermissionsForLogicalAccess: Set logical access for file 'C:\ProgramData\Zscaler/ZSATrayManager_2026-06-01-03-49-25.730069.log' to SystemLevelAccessOnly
2026-07-27 04:00:33.756075(+0530)[20000:38340] DBG [LogMon] ZSAFileUtils::setFileSecurityAttributes: calling SetSecurityInfo DaclPresent: 1
2026-07-27 04:00:33.756075(+0530)[20000:38340] DBG [LogMon] CSystemObjectSecurity::AdjustFilePermissionsForLogicalAccess: Set logical access for file 'C:\ProgramData\Zscaler/ZSATrayManager_2026-06-02-04-44-11.492270.log' to SystemLevelAccessOnly
2026-07-27 04:00:33.756075(+0530)[20000:38340] DBG [LogMon] ZSAFileUtils::setFileSecurityAttributes: calling SetSecurityInfo DaclPresent: 1
2026-07-27 04:00:33.756075(+0530)[20000:38340] DBG [LogMon] CSystemObjectSecurity::AdjustFilePermissionsForLogicalAccess: Set logical access for file 'C:\ProgramData\Zscaler/ZSATrayManager_2026-06-02-18-43-33.833289.log' to SystemLevelAccessOnly
2026-07-27 04:00:33.756075(+0530)[20000:38340] DBG [LogMon] ZSAFileUtils::setFileSecurityAttributes: calling SetSecurityInfo DaclPresent: 1
2026-07-27 04:00:33.756075(+0530)[20000:38340] DBG [LogMon] CSystemObjectSecurity::AdjustFilePermissionsForLogicalAccess: Set logical access for file 'C:\ProgramData\Zscaler/ZSATrayManager_2026-06-03-04-44-05.573900.log' to SystemLevelAccessOnly
2026-07-27 04:00:33.756075(+0530)[20000:38340] DBG [LogMon] ZSAFileUtils::setFileSecurityAttributes: calling SetSecurityInfo DaclPresent: 1
2026-07-27 04:00:33.756075(+0530)[20000:38340] DBG [LogMon] CSystemObjectSecurity::AdjustFilePermissionsForLogicalAccess: Set logical access for file 'C:\ProgramData\Zscaler/ZSATrayManager_2026-06-08-04-10-08.570495.log' to SystemLevelAccessOnly
2026-07-27 04:00:33.756075(+0530)[20000:38340] DBG [LogMon] ZSAFileUtils::setFileSecurityAttributes: calling SetSecurityInfo DaclPresent: 1
2026-07-27 04:00:33.756075(+0530)[20000:38340] DBG [LogMon] CSystemObjectSecurity::AdjustFilePermissionsForLogicalAccess: Set logical access for file 'C:\ProgramData\Zscaler/ZSATrayManager_2026-06-08-13-43-53.890406.log' to SystemLevelAccessOnly
2026-07-27 04:00:33.756075(+0530)[20000:38340] DBG [LogMon] ZSAFileUtils::setFileSecurityAttributes: calling SetSecurityInfo DaclPresent: 1
2026-07-27 04:00:33.756075(+0530)[20000:38340] DBG [LogMon] CSystemObjectSecurity::AdjustFilePermissionsForLogicalAccess: Set logical access for file 'C:\ProgramData\Zscaler/ZSATrayManager_2026-06-12-04-24-36.566228.log' to SystemLevelAccessOnly
2026-07-27 04:00:33.756075(+0530)[20000:38340] DBG [LogMon] ZSAFileUtils::setFileSecurityAttributes: calling SetSecurityInfo DaclPresent: 1
2026-07-27 04:00:33.756075(+0530)[20000:38340] DBG [LogMon] CSystemObjectSecurity::AdjustFilePermissionsForLogicalAccess: Set logical access for file 'C:\ProgramData\Zscaler/ZSATrayManager_2026-06-16-04-29-22.971169.log' to SystemLevelAccessOnly
2026-07-27 04:00:33.756075(+0530)[20000:38340] DBG [LogMon] ZSAFileUtils::setFileSecurityAttributes: calling SetSecurityInfo DaclPresent: 1
2026-07-27 04:00:33.756075(+0530)[20000:38340] DBG [LogMon] CSystemObjectSecurity::AdjustFilePermissionsForLogicalAccess: Set logical access for file 'C:\ProgramData\Zscaler/ZSATrayManager_2026-06-17-13-43-38.134121.log' to SystemLevelAccessOnly
2026-07-27 04:00:33.756075(+0530)[20000:38340] DBG [LogMon] ZSAFileUtils::setFileSecurityAttributes: calling SetSecurityInfo DaclPresent: 1
2026-07-27 04:00:33.756075(+0530)[20000:38340] DBG [LogMon] CSystemObjectSecurity::AdjustFilePermissionsForLogicalAccess: Set logical access for file 'C:\ProgramData\Zscaler/ZSATrayManager_2026-06-17-13-46-44.926755.log' to SystemLevelAccessOnly
2026-07-27 04:00:33.756075(+0530)[20000:38340] DBG [LogMon] ZSAFileUtils::setFileSecurityAttributes: calling SetSecurityInfo DaclPresent: 1
2026-07-27 04:00:33.756075(+0530)[20000:38340] DBG [LogMon] CSystemObjectSecurity::AdjustFilePermissionsForLogicalAccess: Set logical access for file 'C:\ProgramData\Zscaler/ZSATrayManager_2026-06-17-13-48-11.896176.log' to SystemLevelAccessOnly
2026-07-27 04:00:33.756075(+0530)[20000:38340] DBG [LogMon] ZSAFileUtils::setFileSecurityAttributes: calling SetSecurityInfo DaclPresent: 1
2026-07-27 04:00:33.756075(+0530)[20000:38340] DBG [LogMon] CSystemObjectSecurity::AdjustFilePermissionsForLogicalAccess: Set logical access for file 'C:\ProgramData\Zscaler/ZSATrayManager_2026-06-18-03-35-36.430673.log' to SystemLevelAccessOnly
2026-07-27 04:00:33.756075(+0530)[20000:38340] DBG [LogMon] ZSAFileUtils::setFileSecurityAttributes: calling SetSecurityInfo DaclPresent: 1
2026-07-27 04:00:33.756075(+0530)[20000:38340] DBG [LogMon] CSystemObjectSecurity::AdjustFilePermissionsForLogicalAccess: Set logical access for file 'C:\ProgramData\Zscaler/ZSATrayManager_2026-06-25-04-06-02.049252.log' to SystemLevelAccessOnly
2026-07-27 04:00:33.756075(+0530)[20000:38340] DBG [LogMon] ZSAFileUtils::setFileSecurityAttributes: calling SetSecurityInfo DaclPresent: 1
2026-07-27 04:00:33.756075(+0530)[20000:38340] DBG [LogMon] CSystemObjectSecurity::AdjustFilePermissionsForLogicalAccess: Set logical access for file 'C:\ProgramData\Zscaler/ZSATrayManager_2026-06-29-03-32-31.026447.log' to SystemLevelAccessOnly
2026-07-27 04:00:33.756075(+0530)[20000:38340] DBG [LogMon] ZSAFileUtils::setFileSecurityAttributes: calling SetSecurityInfo DaclPresent: 1
2026-07-27 04:00:33.756075(+0530)[20000:38340] DBG [LogMon] CSystemObjectSecurity::AdjustFilePermissionsForLogicalAccess: Set logical access for file 'C:\ProgramData\Zscaler/ZSATrayManager_2026-06-29-04-54-20.377471.log' to SystemLevelAccessOnly
2026-07-27 04:00:33.756075(+0530)[20000:38340] DBG [LogMon] ZSAFileUtils::setFileSecurityAttributes: calling SetSecurityInfo DaclPresent: 1
2026-07-27 04:00:33.756075(+0530)[20000:38340] DBG [LogMon] CSystemObjectSecurity::AdjustFilePermissionsForLogicalAccess: Set logical access for file 'C:\ProgramData\Zscaler/ZSATrayManager_2026-07-01-04-38-18.490631.log' to SystemLevelAccessOnly
2026-07-27 04:00:33.756075(+0530)[20000:38340] DBG [LogMon] ZSAFileUtils::setFileSecurityAttributes: calling SetSecurityInfo DaclPresent: 1
2026-07-27 04:00:33.756075(+0530)[20000:38340] DBG [LogMon] CSystemObjectSecurity::AdjustFilePermissionsForLogicalAccess: Set logical access for file 'C:\ProgramData\Zscaler/ZSATrayManager_2026-07-03-05-50-24.887745.log' to SystemLevelAccessOnly
2026-07-27 04:00:33.756075(+0530)[20000:38340] DBG [LogMon] ZSAFileUtils::setFileSecurityAttributes: calling SetSecurityInfo DaclPresent: 1
2026-07-27 04:00:33.756075(+0530)[20000:38340] DBG [LogMon] CSystemObjectSecurity::AdjustFilePermissionsForLogicalAccess: Set logical access for file 'C:\ProgramData\Zscaler/ZSATrayManager_2026-07-04-08-42-42.620286.log' to SystemLevelAccessOnly
2026-07-27 04:00:33.771766(+0530)[20000:38340] DBG [LogMon] ZSAFileUtils::setFileSecurityAttributes: calling SetSecurityInfo DaclPresent: 1
2026-07-27 04:00:33.771766(+0530)[20000:38340] DBG [LogMon] CSystemObjectSecurity::AdjustFilePermissionsForLogicalAccess: Set logical access for file 'C:\ProgramData\Zscaler/ZSATrayManager_2026-07-07-03-58-23.213889.log' to SystemLevelAccessOnly
2026-07-27 04:00:33.771766(+0530)[20000:38340] DBG [LogMon] ZSAFileUtils::setFileSecurityAttributes: calling SetSecurityInfo DaclPresent: 1
2026-07-27 04:00:33.771766(+0530)[20000:38340] DBG [LogMon] CSystemObjectSecurity::AdjustFilePermissionsForLogicalAccess: Set logical access for file 'C:\ProgramData\Zscaler/ZSATrayManager_2026-07-12-13-01-57.879755.log' to SystemLevelAccessOnly
2026-07-27 04:00:33.771766(+0530)[20000:38340] DBG [LogMon] ZSAFileUtils::setFileSecurityAttributes: calling SetSecurityInfo DaclPresent: 1
2026-07-27 04:00:33.771766(+0530)[20000:38340] DBG [LogMon] CSystemObjectSecurity::AdjustFilePermissionsForLogicalAccess: Set logical access for file 'C:\ProgramData\Zscaler/ZSATrayManager_2026-07-21-03-13-26.771988.log' to SystemLevelAccessOnly
2026-07-27 04:00:33.771766(+0530)[20000:38340] DBG [LogMon] ZSAFileUtils::setFileSecurityAttributes: calling SetSecurityInfo DaclPresent: 1
2026-07-27 04:00:33.771766(+0530)[20000:38340] DBG [LogMon] CSystemObjectSecurity::AdjustFilePermissionsForLogicalAccess: Set logical access for file 'C:\ProgramData\Zscaler/ZSATrayManager_2026-07-21-03-14-21.695969.log' to SystemLevelAccessOnly
2026-07-27 04:00:33.771766(+0530)[20000:38340] DBG [LogMon] ZSAFileUtils::setFileSecurityAttributes: calling SetSecurityInfo DaclPresent: 1
2026-07-27 04:00:33.771766(+0530)[20000:38340] DBG [LogMon] CSystemObjectSecurity::AdjustFilePermissionsForLogicalAccess: Set logical access for file 'C:\ProgramData\Zscaler/ZSATrayManager_2026-07-27-04-00-23.731979.log' to SystemLevelAccessOnly
2026-07-27 04:00:34.309261(+0530)[20000:28512] DBG Skipping ZAD install check because no logged in user found
2026-07-27 04:00:34.499978(+0530)[20000:28512] INF ZEPSdk: GetZEPProductVersion return value: 26.05.0.36
2026-07-27 04:00:36.510472(+0530)[20000:28512] DBG Skipping ZAD install check because no logged in user found
2026-07-27 04:00:36.732322(+0530)[20000:28512] INF ZEPSdk: GetZEPProductVersion return value: 26.05.0.36
2026-07-27 04:00:38.446992(+0530)[20000:27136] DBG ZSAServiceBase::serviceControllerHandler: service control: SERVICE_CONTROL_POWEREVENT
2026-07-27 04:00:38.748339(+0530)[20000:28512] DBG Skipping ZAD install check because no logged in user found
2026-07-27 04:00:38.960262(+0530)[20000:28512] INF ZEPSdk: GetZEPProductVersion return value: 26.05.0.36
2026-07-27 04:00:40.966140(+0530)[20000:28512] DBG Skipping ZAD install check because no logged in user found
2026-07-27 04:00:41.155879(+0530)[20000:28512] INF ZEPSdk: GetZEPProductVersion return value: 26.05.0.36
2026-07-27 04:00:43.169182(+0530)[20000:28512] DBG Skipping ZAD install check because no logged in user found
2026-07-27 04:00:43.386328(+0530)[20000:28512] INF ZEPSdk: GetZEPProductVersion return value: 26.05.0.36
2026-07-27 04:00:45.400347(+0530)[20000:28512] DBG Skipping ZAD install check because no logged in user found
2026-07-27 04:00:45.667840(+0530)[20000:28512] INF ZEPSdk: GetZEPProductVersion return value: 26.05.0.36
2026-07-27 04:00:47.681453(+0530)[20000:28512] DBG Skipping ZAD install check because no logged in user found
2026-07-27 04:00:47.909620(+0530)[20000:28512] INF ZEPSdk: GetZEPProductVersion return value: 26.05.0.36
2026-07-27 04:00:49.926594(+0530)[20000:28512] DBG Skipping ZAD install check because no logged in user found
2026-07-27 04:00:50.179429(+0530)[20000:28512] INF ZEPSdk: GetZEPProductVersion return value: 26.05.0.36
2026-07-27 04:00:52.185350(+0530)[20000:28512] DBG Skipping ZAD install check because no logged in user found
2026-07-27 04:00:52.423333(+0530)[20000:28512] INF ZEPSdk: GetZEPProductVersion return value: 26.05.0.36
2026-07-27 04:00:54.429652(+0530)[20000:28512] DBG Skipping ZAD install check because no logged in user found
2026-07-27 04:00:54.699263(+0530)[20000:28512] INF ZEPSdk: GetZEPProductVersion return value: 26.05.0.36
2026-07-27 04:00:56.706035(+0530)[20000:28512] DBG Skipping ZAD install check because no logged in user found
2026-07-27 04:00:56.959954(+0530)[20000:28512] INF ZEPSdk: GetZEPProductVersion return value: 26.05.0.36
2026-07-27 04:00:58.965190(+0530)[20000:28512] DBG Skipping ZAD install check because no logged in user found
2026-07-27 04:00:59.208122(+0530)[20000:28512] INF ZEPSdk: GetZEPProductVersion return value: 26.05.0.36
2026-07-27 04:00:59.389618(+0530)[20000:27136] DBG ZSAServiceBase::serviceControllerHandler: service control: SERVICE_CONTROL_INTERROGATE
2026-07-27 04:01:01.215442(+0530)[20000:28512] DBG Skipping ZAD install check because no logged in user found
2026-07-27 04:01:01.420922(+0530)[20000:28512] INF ZEPSdk: GetZEPProductVersion return value: 26.05.0.36
2026-07-27 04:01:03.449542(+0530)[20000:28512] DBG Skipping ZAD install check because no logged in user found
2026-07-27 04:01:03.775649(+0530)[20000:28512] INF ZEPSdk: GetZEPProductVersion return value: 26.05.0.36
2026-07-27 04:01:05.791563(+0530)[20000:28512] DBG Skipping ZAD install check because no logged in user found
2026-07-27 04:01:06.034350(+0530)[20000:28512] INF ZEPSdk: GetZEPProductVersion return value: 26.05.0.36
2026-07-27 04:01:08.039388(+0530)[20000:28512] DBG Skipping ZAD install check because no logged in user found
2026-07-27 04:01:08.280208(+0530)[20000:28512] INF ZEPSdk: GetZEPProductVersion return value: 26.05.0.36
2026-07-27 04:01:10.296343(+0530)[20000:28512] DBG Skipping ZAD install check because no logged in user found
2026-07-27 04:01:10.548885(+0530)[20000:28512] INF ZEPSdk: GetZEPProductVersion return value: 26.05.0.36
2026-07-27 04:01:12.556764(+0530)[20000:28512] DBG Skipping ZAD install check because no logged in user found
2026-07-27 04:01:12.762751(+0530)[20000:28512] INF ZEPSdk: GetZEPProductVersion return value: 26.05.0.36
2026-07-27 04:01:14.771253(+0530)[20000:28512] DBG Skipping ZAD install check because no logged in user found
2026-07-27 04:01:15.021205(+0530)[20000:28512] INF ZEPSdk: GetZEPProductVersion return value: 26.05.0.36
2026-07-27 04:01:17.032223(+0530)[20000:28512] DBG Skipping ZAD install check because no logged in user found
2026-07-27 04:01:17.253428(+0530)[20000:28512] INF ZEPSdk: GetZEPProductVersion return value: 26.05.0.36
2026-07-27 04:01:19.264295(+0530)[20000:28512] DBG Skipping ZAD install check because no logged in user found
2026-07-27 04:01:19.532458(+0530)[20000:28512] INF ZEPSdk: GetZEPProductVersion return value: 26.05.0.36
2026-07-27 04:01:21.545902(+0530)[20000:28512] DBG Skipping ZAD install check because no logged in user found
2026-07-27 04:01:21.768236(+0530)[20000:28512] INF ZEPSdk: GetZEPProductVersion return value: 26.05.0.36
2026-07-27 04:01:23.780625(+0530)[20000:28512] DBG Skipping ZAD install check because no logged in user found
2026-07-27 04:01:24.129513(+0530)[20000:28512] INF ZEPSdk: GetZEPProductVersion return value: 26.05.0.36
2026-07-27 04:01:25.568910(+0530)[20000:27136] DBG ZSAServiceBase::serviceControllerHandler: service control: SERVICE_CONTROL_INTERROGATE
2026-07-27 04:01:26.138074(+0530)[20000:28512] DBG Skipping ZAD install check because no logged in user found
2026-07-27 04:01:26.403401(+0530)[20000:28512] INF ZEPSdk: GetZEPProductVersion return value: 26.05.0.36
2026-07-27 04:01:28.405384(+0530)[20000:28512] DBG Skipping ZAD install check because no logged in user found
2026-07-27 04:01:28.626799(+0530)[20000:28512] INF ZEPSdk: GetZEPProductVersion return value: 26.05.0.36
2026-07-27 04:01:30.641490(+0530)[20000:28512] DBG Skipping ZAD install check because no logged in user found
2026-07-27 04:01:30.847383(+0530)[20000:28512] INF ZEPSdk: GetZEPProductVersion return value: 26.05.0.36
2026-07-27 04:01:32.854859(+0530)[20000:28512] DBG Skipping ZAD install check because no logged in user found
2026-07-27 04:01:33.132580(+0530)[20000:28512] INF ZEPSdk: GetZEPProductVersion return value: 26.05.0.36
2026-07-27 04:01:35.145336(+0530)[20000:28512] DBG Skipping ZAD install check because no logged in user found
2026-07-27 04:01:35.477139(+0530)[20000:28512] INF ZEPSdk: GetZEPProductVersion return value: 26.05.0.36
2026-07-27 04:01:37.482438(+0530)[20000:28512] DBG Skipping ZAD install check because no logged in user found
2026-07-27 04:01:37.745634(+0530)[20000:28512] INF ZEPSdk: GetZEPProductVersion return value: 26.05.0.36
2026-07-27 04:01:39.760334(+0530)[20000:28512] DBG Skipping ZAD install check because no logged in user found
2026-07-27 04:01:39.975410(+0530)[20000:28512] INF ZEPSdk: GetZEPProductVersion return value: 26.05.0.36
2026-07-27 04:01:41.985823(+0530)[20000:28512] DBG Skipping ZAD install check because no logged in user found
2026-07-27 04:01:42.208991(+0530)[20000:28512] INF ZEPSdk: GetZEPProductVersion return value: 26.05.0.36
2026-07-27 04:01:44.216670(+0530)[20000:28512] DBG Skipping ZAD install check because no logged in user found
2026-07-27 04:01:44.487115(+0530)[20000:28512] INF ZEPSdk: GetZEPProductVersion return value: 26.05.0.36
2026-07-27 04:01:46.498068(+0530)[20000:28512] DBG Skipping ZAD install check because no logged in user found
2026-07-27 04:01:46.732252(+0530)[20000:28512] INF ZEPSdk: GetZEPProductVersion return value: 26.05.0.36
2026-07-27 04:01:48.735411(+0530)[20000:28512] DBG Skipping ZAD install check because no logged in user found
2026-07-27 04:01:48.926822(+0530)[20000:28512] INF ZEPSdk: GetZEPProductVersion return value: 26.05.0.36
2026-07-27 04:01:50.941378(+0530)[20000:28512] DBG Skipping ZAD install check because no logged in user found
2026-07-27 04:01:51.166550(+0530)[20000:28512] INF ZEPSdk: GetZEPProductVersion return value: 26.05.0.36
2026-07-27 04:01:53.175953(+0530)[20000:28512] DBG Skipping ZAD install check because no logged in user found
2026-07-27 04:01:53.410980(+0530)[20000:28512] INF ZEPSdk: GetZEPProductVersion return value: 26.05.0.36
2026-07-27 04:01:55.426062(+0530)[20000:28512] DBG Skipping ZAD install check because no logged in user found
2026-07-27 04:01:55.647343(+0530)[20000:28512] INF ZEPSdk: GetZEPProductVersion return value: 26.05.0.36
2026-07-27 04:01:57.662093(+0530)[20000:28512] DBG Skipping ZAD install check because no logged in user found
2026-07-27 04:01:57.836972(+0530)[20000:28512] INF ZEPSdk: GetZEPProductVersion return value: 26.05.0.36
2026-07-27 04:01:59.838478(+0530)[20000:28512] DBG Skipping ZAD install check because no logged in user found
2026-07-27 04:02:00.027350(+0530)[20000:28512] INF ZEPSdk: GetZEPProductVersion return value: 26.05.0.36
2026-07-27 04:02:02.038161(+0530)[20000:28512] DBG Skipping ZAD install check because no logged in user found
2026-07-27 04:02:02.290482(+0530)[20000:28512] INF ZEPSdk: GetZEPProductVersion return value: 26.05.0.36
2026-07-27 04:02:04.302198(+0530)[20000:28512] DBG Skipping ZAD install check because no logged in user found
2026-07-27 04:02:04.481114(+0530)[20000:28512] INF ZEPSdk: GetZEPProductVersion return value: 26.05.0.36
2026-07-27 04:02:06.489580(+0530)[20000:28512] DBG Skipping ZAD install check because no logged in user found
2026-07-27 04:02:06.663340(+0530)[20000:28512] INF ZEPSdk: GetZEPProductVersion return value: 26.05.0.36
2026-07-27 04:02:08.675421(+0530)[20000:28512] DBG Skipping ZAD install check because no logged in user found
2026-07-27 04:02:08.834104(+0530)[20000:28512] INF ZEPSdk: GetZEPProductVersion return value: 26.05.0.36
2026-07-27 04:02:10.846842(+0530)[20000:28512] DBG Skipping ZAD install check because no logged in user found
2026-07-27 04:02:11.005564(+0530)[20000:28512] INF ZEPSdk: GetZEPProductVersion return value: 26.05.0.36
2026-07-27 04:02:13.018263(+0530)[20000:28512] DBG Skipping ZAD install check because no logged in user found
2026-07-27 04:02:13.161004(+0530)[20000:28512] INF ZEPSdk: GetZEPProductVersion return value: 26.05.0.36
2026-07-27 04:02:15.167309(+0530)[20000:28512] DBG Skipping ZAD install check because no logged in user found
2026-07-27 04:02:15.391511(+0530)[20000:28512] INF ZEPSdk: GetZEPProductVersion return value: 26.05.0.36
2026-07-27 04:02:17.403523(+0530)[20000:28512] DBG Skipping ZAD install check because no logged in user found
2026-07-27 04:02:17.578183(+0530)[20000:28512] INF ZEPSdk: GetZEPProductVersion return value: 26.05.0.36
2026-07-27 04:02:19.590000(+0530)[20000:28512] DBG Skipping ZAD install check because no logged in user found
2026-07-27 04:02:19.763947(+0530)[20000:28512] INF ZEPSdk: GetZEPProductVersion return value: 26.05.0.36
2026-07-27 04:02:21.769699(+0530)[20000:28512] DBG Skipping ZAD install check because no logged in user found
2026-07-27 04:02:21.944759(+0530)[20000:28512] INF ZEPSdk: GetZEPProductVersion return value: 26.05.0.36
2026-07-27 04:02:23.953239(+0530)[20000:28512] DBG Skipping ZAD install check because no logged in user found
2026-07-27 04:02:24.159013(+0530)[20000:28512] INF ZEPSdk: GetZEPProductVersion return value: 26.05.0.36
2026-07-27 04:02:26.174254(+0530)[20000:28512] DBG Skipping ZAD install check because no logged in user found
2026-07-27 04:02:26.397311(+0530)[20000:28512] INF ZEPSdk: GetZEPProductVersion return value: 26.05.0.36
2026-07-27 04:02:28.409031(+0530)[20000:28512] DBG Skipping ZAD install check because no logged in user found
2026-07-27 04:02:28.614396(+0530)[20000:28512] INF ZEPSdk: GetZEPProductVersion return value: 26.05.0.36
2026-07-27 04:02:30.626821(+0530)[20000:28512] DBG Skipping ZAD install check because no logged in user found
2026-07-27 04:02:30.816610(+0530)[20000:28512] INF ZEPSdk: GetZEPProductVersion return value: 26.05.0.36
2026-07-27 04:02:32.829056(+0530)[20000:28512] DBG Skipping ZAD install check because no logged in user found
2026-07-27 04:02:33.081828(+0530)[20000:28512] INF ZEPSdk: GetZEPProductVersion return value: 26.05.0.36
2026-07-27 04:02:35.124230(+0530)[20000:28512] DBG Skipping ZAD install check because no logged in user found
2026-07-27 04:02:35.298537(+0530)[20000:28512] INF ZEPSdk: GetZEPProductVersion return value: 26.05.0.36
2026-07-27 04:02:37.322292(+0530)[20000:28512] DBG Skipping ZAD install check because no logged in user found
2026-07-27 04:02:37.496047(+0530)[20000:28512] INF ZEPSdk: GetZEPProductVersion return value: 26.05.0.36
2026-07-27 04:02:39.523121(+0530)[20000:28512] DBG Skipping ZAD install check because no logged in user found
2026-07-27 04:02:39.761443(+0530)[20000:28512] INF ZEPSdk: GetZEPProductVersion return value: 26.05.0.36
2026-07-27 04:02:41.769171(+0530)[20000:28512] DBG Skipping ZAD install check because no logged in user found
2026-07-27 04:02:41.974526(+0530)[20000:28512] INF ZEPSdk: GetZEPProductVersion return value: 26.05.0.36
2026-07-27 04:02:43.997165(+0530)[20000:28512] DBG Skipping ZAD install check because no logged in user found
2026-07-27 04:02:44.202021(+0530)[20000:28512] INF ZEPSdk: GetZEPProductVersion return value: 26.05.0.36
2026-07-27 04:02:46.211898(+0530)[20000:28512] DBG Skipping ZAD install check because no logged in user found
2026-07-27 04:02:46.409356(+0530)[20000:28512] INF ZEPSdk: GetZEPProductVersion return value: 26.05.0.36
2026-07-27 04:02:48.414072(+0530)[20000:28512] DBG Skipping ZAD install check because no logged in user found
2026-07-27 04:02:48.604042(+0530)[20000:28512] INF ZEPSdk: GetZEPProductVersion return value: 26.05.0.36
2026-07-27 04:02:50.609061(+0530)[20000:28512] DBG Skipping ZAD install check because no logged in user found
2026-07-27 04:02:50.787970(+0530)[20000:28512] INF ZEPSdk: GetZEPProductVersion return value: 26.05.0.36
2026-07-27 04:02:52.795365(+0530)[20000:28512] DBG Skipping ZAD install check because no logged in user found
2026-07-27 04:02:52.963934(+0530)[20000:28512] INF ZEPSdk: GetZEPProductVersion return value: 26.05.0.36
2026-07-27 04:02:54.966497(+0530)[20000:28512] DBG Skipping ZAD install check because no logged in user found
2026-07-27 04:02:55.125301(+0530)[20000:28512] INF ZEPSdk: GetZEPProductVersion return value: 26.05.0.36
2026-07-27 04:02:57.137913(+0530)[20000:28512] DBG Skipping ZAD install check because no logged in user found
2026-07-27 04:02:57.314782(+0530)[20000:28512] INF ZEPSdk: GetZEPProductVersion return value: 26.05.0.36
2026-07-27 04:02:59.328433(+0530)[20000:28512] DBG Skipping ZAD install check because no logged in user found
2026-07-27 04:02:59.502725(+0530)[20000:28512] INF ZEPSdk: GetZEPProductVersion return value: 26.05.0.36
2026-07-27 04:03:01.518673(+0530)[20000:28512] DBG Skipping ZAD install check because no logged in user found
2026-07-27 04:03:01.692663(+0530)[20000:28512] INF ZEPSdk: GetZEPProductVersion return value: 26.05.0.36
2026-07-27 04:03:03.708764(+0530)[20000:28512] DBG Skipping ZAD install check because no logged in user found
2026-07-27 04:03:08.366199(+0530)[20000:28512] INF ZEPSdk: GetZEPProductVersion return value: 26.05.0.36
2026-07-27 04:03:10.383497(+0530)[20000:28512] DBG Skipping ZAD install check because no logged in user found
2026-07-27 04:03:10.541851(+0530)[20000:28512] INF ZEPSdk: GetZEPProductVersion return value: 26.05.0.36
2026-07-27 04:03:12.553505(+0530)[20000:28512] DBG Skipping ZAD install check because no logged in user found
2026-07-27 04:03:12.728856(+0530)[20000:28512] INF ZEPSdk: GetZEPProductVersion return value: 26.05.0.36
2026-07-27 04:03:14.736226(+0530)[20000:28512] DBG Skipping ZAD install check because no logged in user found
2026-07-27 04:03:14.910017(+0530)[20000:28512] INF ZEPSdk: GetZEPProductVersion return value: 26.05.0.36
2026-07-27 04:03:16.921590(+0530)[20000:28512] DBG Skipping ZAD install check because no logged in user found
2026-07-27 04:03:17.079313(+0530)[20000:28512] INF ZEPSdk: GetZEPProductVersion return value: 26.05.0.36
2026-07-27 04:03:19.091396(+0530)[20000:28512] DBG Skipping ZAD install check because no logged in user found
2026-07-27 04:03:19.264559(+0530)[20000:28512] INF ZEPSdk: GetZEPProductVersion return value: 26.05.0.36
2026-07-27 04:03:21.270167(+0530)[20000:28512] DBG Skipping ZAD install check because no logged in user found
2026-07-27 04:03:21.490673(+0530)[20000:28512] INF ZEPSdk: GetZEPProductVersion return value: 26.05.0.36
2026-07-27 04:03:23.502447(+0530)[20000:28512] DBG Skipping ZAD install check because no logged in user found
2026-07-27 04:03:23.739734(+0530)[20000:28512] INF ZEPSdk: GetZEPProductVersion return value: 26.05.0.36
2026-07-27 04:03:25.754380(+0530)[20000:28512] DBG Skipping ZAD install check because no logged in user found
2026-07-27 04:03:25.954393(+0530)[20000:28512] INF ZEPSdk: GetZEPProductVersion return value: 26.05.0.36
2026-07-27 04:03:27.958465(+0530)[20000:28512] DBG Skipping ZAD install check because no logged in user found
2026-07-27 04:03:28.148964(+0530)[20000:28512] INF ZEPSdk: GetZEPProductVersion return value: 26.05.0.36
2026-07-27 04:03:30.163605(+0530)[20000:28512] DBG Skipping ZAD install check because no logged in user found
2026-07-27 04:03:30.359386(+0530)[20000:28512] INF ZEPSdk: GetZEPProductVersion return value: 26.05.0.36
2026-07-27 04:03:32.370295(+0530)[20000:28512] DBG Skipping ZAD install check because no logged in user found
2026-07-27 04:03:32.530031(+0530)[20000:28512] INF ZEPSdk: GetZEPProductVersion return value: 26.05.0.36
2026-07-27 04:03:34.540165(+0530)[20000:28512] DBG Skipping ZAD install check because no logged in user found
2026-07-27 04:03:34.716201(+0530)[20000:28512] INF ZEPSdk: GetZEPProductVersion return value: 26.05.0.36
2026-07-27 04:03:36.728479(+0530)[20000:28512] DBG Skipping ZAD install check because no logged in user found
2026-07-27 04:03:36.902960(+0530)[20000:28512] INF ZEPSdk: GetZEPProductVersion return value: 26.05.0.36
2026-07-27 04:03:38.918229(+0530)[20000:28512] DBG Skipping ZAD install check because no logged in user found
2026-07-27 04:03:39.092559(+0530)[20000:28512] INF ZEPSdk: GetZEPProductVersion return value: 26.05.0.36
2026-07-27 04:03:41.107345(+0530)[20000:28512] DBG Skipping ZAD install check because no logged in user found
2026-07-27 04:03:41.281704(+0530)[20000:28512] INF ZEPSdk: GetZEPProductVersion return value: 26.05.0.36
2026-07-27 04:03:43.286007(+0530)[20000:28512] DBG Skipping ZAD install check because no logged in user found
2026-07-27 04:03:43.445883(+0530)[20000:28512] INF ZEPSdk: GetZEPProductVersion return value: 26.05.0.36
2026-07-27 04:03:45.458417(+0530)[20000:28512] DBG Skipping ZAD install check because no logged in user found
2026-07-27 04:03:45.618338(+0530)[20000:28512] INF ZEPSdk: GetZEPProductVersion return value: 26.05.0.36
2026-07-27 04:03:46.526208(+0530)[20000:27136] DBG ZSAServiceBase::serviceControllerHandler: service control: SERVICE_CONTROL_SHUTDOWN
2026-07-27 04:03:46.526208(+0530)[20000:27136] INF On service shutdown
2026-07-27 04:03:46.526208(+0530)[20000:24592] DBG Sending quit signal to tray spawner to exit tray
2026-07-27 04:03:46.528636(+0530)[20000:24592] DBG ZEvtSub: removeSubscription: removed, channel: System, query: Event / System[EventID = 507]
2026-07-27 04:03:46.528636(+0530)[20000:24592] DBG Performing ZSATrayManager clean-up tasks
2026-07-27 04:03:46.528636(+0530)[20000:24592] DBG ZSAServiceBase::cleanUp called
2026-07-27 04:03:46.528636(+0530)[20000:24592] INF removeProxyListener: continue flag is false
2026-07-27 04:03:46.528636(+0530)[20000:24592] INF removeProxyListener: Done
2026-07-27 04:03:46.528636(+0530)[20000:24592] INF machineTunnelThread: Already not running.
2026-07-27 04:03:46.528636(+0530)[20000:24592] ERR Either pSmBiosTable is null or invalid stringIndex. [stringIndex:0]
2026-07-27 04:03:46.528636(+0530)[20000:24592] ERR ZSAEncryptedFile::readFromFile: file open failed: The system cannot find the file specified.
2026-07-27 04:03:46.528636(+0530)[20000:24592] ERR Either pSmBiosTable is null or invalid stringIndex. [stringIndex:0]
2026-07-27 04:03:46.528636(+0530)[20000:24592] DBG ZMachineTunnelFileUtils::readAndDecrypt: filepath C:\ProgramData\Zscaler/Zjg1MDQ3MmZlMGIzZGFjNWEyZWE1NWU3YTVkODVkMzU2NjVlZjlmYmEwNGI3NDNjNGMxODRlNDgxNzIxZThkMg==_mtt.dat
2026-07-27 04:03:46.528636(+0530)[20000:24592] ERR ZSAEncryptedFile::readFromFile: file open failed: The system cannot find the file specified.
2026-07-27 04:03:46.528636(+0530)[20000:24592] DBG machine tunnel zpn, tunnel token decrypted and loaded successful (ziaCloudName=, maHostname=)
2026-07-27 04:03:46.528636(+0530)[20000:24592] ERR Machine Tunnel:onPolicyDownloadTimer: Failed to read the machine tunnel config data
2026-07-27 04:03:46.528636(+0530)[20000:24592] INF ZSATrayAuth::stopZPAMachineTunnel done
2026-07-27 04:03:46.639047(+0530)[20000:24592] INF ZEvents::waitForPendingEvents wait completed after timeout. 0 pending events
2026-07-27 04:03:46.639047(+0530)[20000:24592] INF ZEvents: clearing 0 events from ZEvents queue.
2026-07-27 04:03:46.639047(+0530)[20000:24592] INF ZEvents::stopTransmitter: transmitterThread is not running
2026-07-27 04:03:46.639047(+0530)[20000:24592] INF ZEvents setPolicy: ZDX enabled='0', ZCC enabled='0', REM enabled='0'; collect machine info 0, user info 0
2026-07-27 04:03:46.639047(+0530)[20000:24592] INF ZEvents setPolicy: feature disabled. Stopping...
2026-07-27 04:03:46.639047(+0530)[20000:24592] INF ZEvents::stopTransmitter: transmitterThread is not running
2026-07-27 04:03:46.639047(+0530)[20000:24592] INF ZEvents setPolicy: Stopping Remediation events transmitter...
2026-07-27 04:03:46.639047(+0530)[20000:24592] INF ZEvents::stopRemediationTransmitter: remediationTransmitterThread is not running
2026-07-27 04:03:46.639047(+0530)[20000:24592] INF ZEvents setPolicy: success? 1
2026-07-27 04:03:46.639047(+0530)[20000:24592] INF ZEvents setPolicy: ZDX enabled='0', ZCC enabled='0', REM enabled='0'; collect machine info 0, user info 0
2026-07-27 04:03:46.639047(+0530)[20000:24592] INF ZEvents setPolicy: feature disabled. Stopping...
2026-07-27 04:03:46.639047(+0530)[20000:24592] INF ZEvents::stopTransmitter: transmitterThread is not running
2026-07-27 04:03:46.639047(+0530)[20000:24592] INF ZEvents setPolicy: Stopping Remediation events transmitter...
2026-07-27 04:03:46.639047(+0530)[20000:24592] INF ZEvents::stopRemediationTransmitter: remediationTransmitterThread is not running
2026-07-27 04:03:46.639047(+0530)[20000:24592] INF ZEvents setPolicy: success? 1
2026-07-27 04:03:46.639047(+0530)[20000:24592] ERR ZEvents lib already initialized
2026-07-27 04:03:46.639047(+0530)[20000:24592] INF ZEvents set source: 0
2026-07-27 04:03:46.639047(+0530)[20000:24592] INF ZPC: Stopping Packet Captures! [stopTunnelPacketDumpAlso:0, updateLabel:0, notifyUser:0]
2026-07-27 04:03:46.649091(+0530)[20000:24592] INF ZPC: Packet Captures were not running!
2026-07-27 04:03:46.649091(+0530)[20000:24592] INF Stopping RPC Listener
2026-07-27 04:03:46.649091(+0530)[20000:24592] INF RPC Listener stopped
2026-07-27 04:03:46.649091(+0530)[20000:24592] INF ServerInterface RPC server unregister success.
2026-07-27 04:03:46.649091(+0530)[20000:24592] INF ListenerInterface RPC server unregister success.[interface:TrayMangerRpc]
2026-07-27 04:03:46.649091(+0530)[20000:24592] INF ServerInterface RPC server unregister success.
2026-07-27 04:03:46.649091(+0530)[20000:24592] INF ListenerInterface RPC server unregister success.[interface:TrayMangerTrayRpc]
2026-07-27 04:03:46.649091(+0530)[20000:24592] INF ServerInterface RPC server unregister success.
2026-07-27 04:03:46.649091(+0530)[20000:24592] INF ListenerInterface RPC server unregister success.[interface:TrayManagerCliRpcServer]
2026-07-27 04:03:46.651100(+0530)[20000:24592] DBG ZSAWebViewInstall stopping
2026-07-27 04:03:46.651100(+0530)[20000:24592] DBG Config Dir: C:\ProgramData\Zscaler
2026-07-27 04:03:46.651100(+0530)[20000:24592] INF ZSAConfigMonitor: Already not running.
2026-07-27 04:03:46.651100(+0530)[20000:24592] INF ZSAConfigMonitor::onCleanUp: Config Monitor successfully stopped
2026-07-27 04:03:46.651100(+0530)[20000:24592] INF ProcessMonitor: stopping
2026-07-27 04:03:46.651100(+0530)[20000:24592] INF WmiHelper: cancelNotificationQueryAsync called
2026-07-27 04:03:46.690511(+0530)[20000:24592] ERR WmiHelper: cancelNotificationQueryAsync CancelAsyncCall returned: 0x800706be
2026-07-27 04:03:46.690511(+0530)[20000:24592] INF ProcessMonitor: stopped
2026-07-27 04:03:46.690511(+0530)[20000:24592] INF MainTimer stopping
2026-07-27 04:03:46.690511(+0530)[20000:28512] INF MainTimer thread exit
2026-07-27 04:03:46.690511(+0530)[20000:24592] INF MainTimer stopped
2026-07-27 04:03:46.690511(+0530)[20000:24592] DBG [ZSAFM] Filtering already stopped
2026-07-27 04:03:46.690511(+0530)[20000:24592] DBG ZSATrayManagerServiceModules::init: Called.
2026-07-27 04:03:46.690511(+0530)[20000:24592] DBG ZSATrayManagerServiceModules::getZdpZccAddon: not initialized, creating new instance.
2026-07-27 04:03:46.690511(+0530)[20000:24592] DBG ZSATrayManagerServiceModules::setupZdpZccAddonSdk: Creating Configuration for ZdpZccAddonSdk
2026-07-27 04:03:46.690511(+0530)[20000:24592] DBG ZSATrayManagerServiceModules::setupZdpZccAddonSdk: Could not convert smcaId:  to int, Invalid Argument : invalid stoi argument
2026-07-27 04:03:46.690511(+0530)[20000:24592] DBG [ZSAClientShieldMonitor] stopping process monitor
2026-07-27 04:03:46.690511(+0530)[20000:24592] DBG [ZSAClientShieldMonitor] process monitor already stopped
2026-07-27 04:03:46.690511(+0530)[20000:24592] DBG ZSATrayManagerServiceModules::cleanup: Called.
2026-07-27 04:03:46.692519(+0530)[20000:24592] DBG ZSATrayManagerServiceModules::onZCCUserLogout: Called.
2026-07-27 04:03:46.692519(+0530)[20000:24592] DBG ZdpZccAddonSdk: uninit called.
2026-07-27 04:03:46.692519(+0530)[20000:24592] DBG ZdpZccAddonSdk: SDK is not properly initialized.
2026-07-27 04:03:46.692519(+0530)[20000:24592] DBG ZSATrayManagerServiceModules::onZCCUserLogout: success.
2026-07-27 04:03:46.692519(+0530)[20000:24592] DBG ZSATrayManagerServiceModules::cleanup: success.
2026-07-27 04:03:46.692519(+0530)[20000:27136] INF Service return code: 0
